preflight source=1b89176f63737bbeb3ed65c7e3c7fe6dbeef8f02 cap=34359738368 run_reservation=4888853096 snapshot_bytes=6488064 io_allowance=4096 combined=4895345256 args=Arguments { grid: 64, force_grid: 192, step: 64, endpoint: 4096, method: CoxMatthews, workers: 32, deadline_seconds: 24600 } settings=Settings { domain: Domain { layout: Layout { dimensions: [64, 64, 64], real_len: 262144, half_len: 135168 }, lengths: [1.0, 1.0, 1.0], viscosity: 1.0 }, force: ForceSettings { samples: Layout { dimensions: [192, 192, 192], real_len: 7077888, half_len: 3575808 }, workers: 32 }, initial_clock: TickClock { exponent: -20, target: 8192, elapsed: 0, remaining: 8192 }, configuration: Configuration { limits: RunLimits { endpoint: 4096, step_ticks: 64, maximum_attempts: 64 }, method: CoxMatthews, tolerances: Tolerances { absolute: [1e-5, 0.0001], relative: [1e-5, 1e-5] } }, advective_limit: 0.3 } mode=AttemptCached integration_limits=[768, 701531950848, 9984] observer_limits=BalanceObserverLimits { storage_bytes: 4021508560, samples: 64, work_units: 467480346624, scalar_transforms: 768 }
attempt=1 committed=1 clock=64 step_seconds=165.611036075 outcome=Committed(Indicators { errors: [1.587773120826442e-13, 4.319761347169554e-12], ratios: [1.5877731208261895e-8, 4.3197613471676636e-8] })
attempt=2 committed=2 clock=128 step_seconds=172.281786144 outcome=Committed(Indicators { errors: [1.9488151809812324e-7, 5.607996589800444e-6], ratios: [0.019488140770675365, 0.056079878429010556] })
attempt=3 committed=3 clock=192 step_seconds=164.929836299 outcome=Committed(Indicators { errors: [1.2628034819676107e-6, 6.305013687724809e-5], ratios: [0.12626546618561604, 0.6302977300812742] })
attempt=4 committed=4 clock=256 step_seconds=165.478762242 outcome=Committed(Indicators { errors: [9.102067803437316e-7, 8.724019321667252e-5], ratios: [0.09086044238422565, 0.868207209008102] })
attempt=5 committed=5 clock=320 step_seconds=155.505539108 outcome=Committed(Indicators { errors: [1.0504665016957032e-6, 7.191083405489757e-5], ratios: [0.10410104257259344, 0.7016508945939648] })
attempt=6 committed=6 clock=384 step_seconds=172.302594808 outcome=Committed(Indicators { errors: [4.7171176709145286e-7, 3.470001493661585e-5], ratios: [0.04591508669328588, 0.3228148731181881] })
attempt=7 committed=7 clock=448 step_seconds=159.657685799 outcome=Committed(Indicators { errors: [2.2765303066655168e-7, 1.7752338380279335e-5], ratios: [0.021468339466030852, 0.15232531946314926] })
attempt=8 committed=8 clock=512 step_seconds=167.349930367 outcome=Committed(Indicators { errors: [3.3030317538886125e-7, 3.2828142417112064e-5], ratios: [0.029768609385668582, 0.25252855485088194] })
attempt=9 committed=9 clock=576 step_seconds=177.263777780 outcome=Committed(Indicators { errors: [3.4520629975758757e-7, 4.063960310714437e-5], ratios: [0.029405912332684327, 0.2753114017845905] })
attempt=10 committed=10 clock=640 step_seconds=148.872763653 outcome=Committed(Indicators { errors: [2.903416172754286e-7, 3.972698927750753e-5], ratios: [0.023203695395212352, 0.2353850320618721] })
attempt=11 committed=11 clock=704 step_seconds=165.385879439 outcome=Committed(Indicators { errors: [2.1818935757428293e-7, 3.399208051925541e-5], ratios: [0.01629689812136359, 0.1763718397868202] })
attempt=12 committed=12 clock=768 step_seconds=158.914976586 outcome=Committed(Indicators { errors: [1.5678920706993009e-7, 2.6797362516525778e-5], ratios: [0.010933866674206056, 0.12250175996390675] })
attempt=13 committed=13 clock=832 step_seconds=162.390663630 outcome=Committed(Indicators { errors: [1.1515007607859896e-7, 2.0327186345088347e-5], ratios: [0.007504450226262585, 0.08255747696942738] })
attempt=14 committed=14 clock=896 step_seconds=173.522774234 outcome=Committed(Indicators { errors: [9.345557993008734e-8, 1.57836847197776e-5], ratios: [0.005704079942053334, 0.05746918768753602] })
attempt=15 committed=15 clock=960 step_seconds=147.028681541 outcome=Committed(Indicators { errors: [8.853472647436241e-8, 1.3630962885556387e-5], ratios: [0.005074907537022848, 0.04488806372063948] })
attempt=16 committed=16 clock=1024 step_seconds=159.818883124 outcome=Committed(Indicators { errors: [9.640359666897812e-8, 1.373419610145245e-5], ratios: [0.005205734428066001, 0.04124430290883192] })
attempt=17 committed=17 clock=1088 step_seconds=161.720894213 outcome=Committed(Indicators { errors: [1.1468581363424077e-7, 1.578116461222354e-5], ratios: [0.0058528856861155614, 0.043546175093068136] })
attempt=18 committed=18 clock=1152 step_seconds=162.757704704 outcome=Committed(Indicators { errors: [1.423636366532001e-7, 1.9682536892484686e-5], ratios: [0.006889150815103337, 0.05025656988078976] })
attempt=19 committed=19 clock=1216 step_seconds=173.106035479 outcome=Committed(Indicators { errors: [1.772724069522739e-7, 2.534135044000664e-5], ratios: [0.00816217956762442, 0.06027449178503055] })
attempt=20 committed=20 clock=1280 step_seconds=152.075527152 outcome=Committed(Indicators { errors: [2.1424114843940483e-7, 3.2175854393566966e-5], ratios: [0.009420265180822876, 0.0717570213752079] })
attempt=21 committed=21 clock=1344 step_seconds=163.742373766 outcome=Committed(Indicators { errors: [2.457923652714698e-7, 3.873743430630431e-5], ratios: [0.010363076444206198, 0.08154476327200175] })
attempt=22 committed=22 clock=1408 step_seconds=158.878192898 outcome=Committed(Indicators { errors: [2.685043239831426e-7, 4.2464318915386414e-5], ratios: [0.010905103359688995, 0.08497470779722668] })
attempt=23 committed=23 clock=1472 step_seconds=169.050909071 outcome=Committed(Indicators { errors: [2.974699812728098e-7, 3.9908216431523566e-5], ratios: [0.011699273745733886, 0.07649690364142335] })
attempt=24 committed=24 clock=1536 step_seconds=168.596157975 outcome=Committed(Indicators { errors: [3.65073597458172e-7, 2.8922885201567356e-5], ratios: [0.013986058282260603, 0.053544709249964934] })
attempt=25 committed=25 clock=1600 step_seconds=165.859273957 outcome=Committed(Indicators { errors: [4.6237911231596817e-7, 2.3585786785141567e-5], ratios: [0.017365108088427693, 0.04253722861809622] })
attempt=26 committed=26 clock=1664 step_seconds=157.745577981 outcome=Committed(Indicators { errors: [5.150816943695568e-7, 5.0857199055185615e-5], ratios: [0.019085081913081108, 0.09011677619581843] })
attempt=27 committed=27 clock=1728 step_seconds=153.498220163 outcome=Committed(Indicators { errors: [5.719345872284807e-7, 8.00775145888348e-5], ratios: [0.021026736350937648, 0.14045714077357765] })
attempt=28 committed=28 clock=1792 step_seconds=168.502576193 outcome=Committed(Indicators { errors: [1.0547574293477626e-6, 8.101540501502371e-5], ratios: [0.03863557169182917, 0.1414274181631791] })
attempt=29 committed=29 clock=1856 step_seconds=161.546000597 outcome=Committed(Indicators { errors: [1.0810916814001088e-6, 4.6593161220967565e-5], ratios: [0.03953976785573233, 0.0811759496853343] })
attempt=30 committed=30 clock=1920 step_seconds=160.878114085 outcome=Committed(Indicators { errors: [9.278966734075015e-7, 2.0296890559734155e-5], ratios: [0.033904366691138284, 0.03531776661434961] })
attempt=31 committed=31 clock=1984 step_seconds=171.127021619 outcome=Committed(Indicators { errors: [1.8888969260239878e-7, 4.433244143274348e-6], ratios: [0.00689548239940998, 0.007704800046464923] })
attempt=32 committed=32 clock=2048 step_seconds=129.694656426 outcome=Committed(Indicators { errors: [2.7802476062766587e-9, 5.117024680782475e-7], ratios: [0.00010139978778709299, 0.0008882305055766235] })
attempt=33 committed=33 clock=2112 step_seconds=155.666577729 outcome=Committed(Indicators { errors: [2.7987275885555716e-9, 5.15279335004946e-7], ratios: [0.00010197835974556544, 0.0008933290943474831] })
attempt=34 committed=34 clock=2176 step_seconds=139.498532247 outcome=Committed(Indicators { errors: [2.817390497382456e-9, 5.1889062529308e-7], ratios: [0.00010256161387065403, 0.0008984565584208799] })
attempt=35 committed=35 clock=2240 step_seconds=144.924081590 outcome=Committed(Indicators { errors: [2.8362413834579513e-9, 5.225364864777675e-7], ratios: [0.00010314968772259213, 0.0009036122283568593] })
attempt=36 committed=36 clock=2304 step_seconds=129.616643639 outcome=Committed(Indicators { errors: [2.8552851781169473e-9, 5.262174302761291e-7], ratios: [0.00010374271282323185, 0.0009087960324324319] })
attempt=37 committed=37 clock=2368 step_seconds=145.408209161 outcome=Committed(Indicators { errors: [2.874526622784397e-9, 5.299339185494614e-7], ratios: [0.00010434081206786015, 0.0009140077770822647] })
attempt=38 committed=38 clock=2432 step_seconds=146.293089895 outcome=Committed(Indicators { errors: [2.893970696944652e-9, 5.336864054339201e-7], ratios: [0.00010494411522784847, 0.0009192472185369077] })
attempt=39 committed=39 clock=2496 step_seconds=137.368928035 outcome=Committed(Indicators { errors: [2.913622794689146e-9, 5.374753566190025e-7], ratios: [0.00010555276525169462, 0.0009245140944950135] })
attempt=40 committed=40 clock=2560 step_seconds=133.880043966 outcome=Committed(Indicators { errors: [2.93348881975836e-9, 5.413012554011822e-7], ratios: [0.00010616692157462553, 0.0009298081327151682] })
attempt=41 committed=41 clock=2624 step_seconds=140.975220370 outcome=Committed(Indicators { errors: [2.953575255275617e-9, 5.451646052731116e-7], ratios: [0.00010678676248813167, 0.0009351290534763181] })
attempt=42 committed=42 clock=2688 step_seconds=140.338058959 outcome=Committed(Indicators { errors: [2.9738892616202007e-9, 5.49065932831327e-7], ratios: [0.00010741248850540324, 0.0009404765724336889] })
attempt=43 committed=43 clock=2752 step_seconds=136.563358158 outcome=Committed(Indicators { errors: [2.9944387664949966e-9, 5.53005790810435e-7], ratios: [0.00010804432541783578, 0.0009458504035292466] })
attempt=44 committed=44 clock=2816 step_seconds=127.704529535 outcome=Committed(Indicators { errors: [3.015232586912702e-9, 5.56984761511271e-7], ratios: [0.00010868252847551488, 0.0009512502623994116] })
attempt=45 committed=45 clock=2880 step_seconds=139.600840342 outcome=Committed(Indicators { errors: [3.036280565066631e-9, 5.610034614518006e-7], ratios: [0.00010932738703299993, 0.0009566758716763056] })
attempt=46 committed=46 clock=2944 step_seconds=145.948459539 outcome=Committed(Indicators { errors: [3.057593733718579e-9, 5.650625464856818e-7], ratios: [0.00010997923021780425, 0.0009621269668621276] })
attempt=47 committed=47 clock=3008 step_seconds=131.179038959 outcome=Committed(Indicators { errors: [3.0791844945131694e-9, 5.691627177847567e-7], ratios: [0.0001106384330162567, 0.0009676033034270406] })
attempt=48 committed=48 clock=3072 step_seconds=117.002351243 outcome=Committed(Indicators { errors: [3.1010668554229326e-9, 5.73304729605619e-7], ratios: [0.00011130542442984037, 0.0009731046666594356] })
attempt=49 committed=49 clock=3136 step_seconds=113.303072912 outcome=Committed(Indicators { errors: [3.1232566826614e-9, 5.774893975722891e-7], ratios: [0.00011198069608296359, 0.000978630882068881] })
attempt=50 committed=50 clock=3200 step_seconds=116.942646374 outcome=Committed(Indicators { errors: [3.1457720162454035e-9, 5.817176096358688e-7], ratios: [0.00011266481303699282, 0.000984181829964288] })
attempt=51 committed=51 clock=3264 step_seconds=116.473571588 outcome=Committed(Indicators { errors: [3.16863343525786e-9, 5.859903383258043e-7], ratios: [0.00011335842629138119, 0.0009897574617929075] })
attempt=52 committed=52 clock=3328 step_seconds=118.347552698 outcome=Committed(Indicators { errors: [3.191864493268378e-9, 5.903086560441576e-7], ratios: [0.00011406228768566576, 0.0009953578211363936] })
attempt=53 committed=53 clock=3392 step_seconds=118.543161200 outcome=Committed(Indicators { errors: [3.215492232146645e-9, 5.946737530405169e-7], ratios: [0.00011477726747273835, 0.0010009830686618358] })
attempt=54 committed=54 clock=3456 step_seconds=127.357567870 outcome=Committed(Indicators { errors: [3.2395478054465023e-9, 5.990869594451863e-7], ratios: [0.00011550437564782805, 0.0010066335132472828] })
attempt=55 committed=55 clock=3520 step_seconds=130.603732481 outcome=Committed(Indicators { errors: [3.2640672034813176e-9, 6.035497720532778e-7], ratios: [0.00011624478671559037, 0.0010123096503140037] })
attempt=56 committed=56 clock=3584 step_seconds=135.247837512 outcome=Committed(Indicators { errors: [3.2890921306992646e-9, 6.080638859295575e-7], ratios: [0.00011699986965914787, 0.0010180122073267799] })
attempt=57 committed=57 clock=3648 step_seconds=132.846026304 outcome=Committed(Indicators { errors: [3.314671056231772e-9, 6.126312339583262e-7], ratios: [0.00011777122379978931, 0.0010237422015147257] })
attempt=58 committed=58 clock=3712 step_seconds=123.245151378 outcome=Committed(Indicators { errors: [3.340860470892687e-9, 6.172540342938848e-7], ratios: [0.00011856072166702843, 0.001029501009487302] })
attempt=59 committed=59 clock=3776 step_seconds=130.298307655 outcome=Committed(Indicators { errors: [3.3677263918047304e-9, 6.219348487307171e-7], ratios: [0.00011937056026457488, 0.0010352904535004522] })
attempt=60 committed=60 clock=3840 step_seconds=130.390537194 outcome=Committed(Indicators { errors: [3.3953461828355443e-9, 6.266766537200266e-7], ratios: [0.00012020332305618997, 0.001041112906880098] })
attempt=61 committed=61 clock=3904 step_seconds=138.019452264 outcome=Committed(Indicators { errors: [3.423810743743364e-9, 6.314829285903259e-7], ratios: [0.00012106205442731438, 0.0010469714257276177] })
attempt=62 committed=62 clock=3968 step_seconds=133.880793826 outcome=Committed(Indicators { errors: [3.453227149610401e-9, 6.363577630133248e-7], ratios: [0.00012195034936708742, 0.00105286990970858] })
attempt=63 committed=63 clock=4032 step_seconds=120.821157690 outcome=Committed(Indicators { errors: [3.483721847536313e-9, 6.413059908190267e-7], ratios: [0.00012287246197560943, 0.0010588133029804055] })
attempt=64 committed=64 clock=4096 step_seconds=132.222086385 outcome=Committed(Indicators { errors: [3.515444527958676e-9, 6.463333554033454e-7], ratios: [0.00012383343672105312, 0.0010648078429893494] })
forensic tag=accepted path=forensics/accepted-n64-m192-cm64-clock4096.coeff.bin bytes=6488064 sha256=[71, eb, f5, 49, c6, 40, dd, 63, c2, 50, d6, f7, 08, a6, fb, 5d, ad, f5, b8, 54, 5a, 4c, 09, fc, 3c, fd, 27, 39, 56, 51, cd, ae]
terminal=completed endpoint=4096 attempts=64 committed=64 wall_seconds=9425.637063083 observer=BalanceObserverWork { samples: 64, work_units: 3623978588, scalar_transforms: 768 }
