    Finished `release` profile [optimized] target(s) in 0.06s
     Running `evidence/p10/snapshot-comparison-adapter/harness/target/release/p10-snapshot-comparison-adapter evidence/p10/snapshot-comparison-adapter/review-clock1024/n192-clock1024.json evidence/p10/snapshot-comparison-adapter/review-clock1024/n256-clock1024.json 579000000`
	Command being timed: "cargo run --release --manifest-path evidence/p10/snapshot-comparison-adapter/harness/Cargo.toml -- evidence/p10/snapshot-comparison-adapter/review-clock1024/n192-clock1024.json evidence/p10/snapshot-comparison-adapter/review-clock1024/n256-clock1024.json 579000000"
	User time (seconds): 9.22
	System time (seconds): 0.52
	Percent of CPU this job got: 99%
	Elapsed (wall clock) time (h:mm:ss or m:ss): 0:09.79
	Average shared text size (kbytes): 0
	Average unshared data size (kbytes): 0
	Average stack size (kbytes): 0
	Average total size (kbytes): 0
	Maximum resident set size (kbytes): 565248
	Average resident set size (kbytes): 0
	Major (requiring I/O) page faults: 0
	Minor (reclaiming a frame) page faults: 148816
	Voluntary context switches: 77
	Involuntary context switches: 11
	Swaps: 0
	File system inputs: 0
	File system outputs: 256
	Socket messages sent: 0
	Socket messages received: 0
	Signals delivered: 0
	Page size (bytes): 4096
	Exit status: 0
