{
  "tag": "alpha-20260911-2",
  "source_commit": "88015d7681c6fb267c77d1454a3594f386d1d2ab",
  "version": "0.1.0-alpha.1",
  "archive_sha256": "2611efa0f6373ef610de1528f0d3d094d5a3a72049e24b789f4790533dd8d4de",
  "sha256sums_entries": 2224,
  "source_files_compared": 2222,
  "dry_run_jsonl": [
    {
      "command": "diagnose-v2",
      "status": "admitted",
      "scientific_status": "UnqualifiedDiagnostic",
      "case": "similarity-mms-v2",
      "case_sha256": "e1236f7b3c51537acd17381402ca420ba7872a7b9dbc64b2f0d9d5108a468f7e",
      "family_identity": "e2fddd99905f4e81320e5aa3ebb74058a7b55b08fbcc1386e92178a7bf3ba826",
      "probe_identity": "92f395ca94c518084f24f96bb3c452865561ea5e3e9bfb71cc4a8f48e35aa0da",
      "grids": [
        4,
        8,
        12
      ],
      "steps": [
        64,
        32,
        16
      ],
      "branch_profiles": [
        [
          4,
          16,
          "cm"
        ],
        [
          8,
          16,
          "cm"
        ],
        [
          12,
          16,
          "cm"
        ],
        [
          12,
          64,
          "cm"
        ],
        [
          12,
          32,
          "cm"
        ],
        [
          12,
          16,
          "ho"
        ]
      ],
      "force_grid": 12,
      "workers": 0,
      "tick_exponent": -20,
      "clock_target_ticks": "8192",
      "accepted_clocks": [
        "0",
        "64",
        "128"
      ],
      "probe_clocks": [
        "0",
        "7",
        "63",
        "64",
        "95",
        "127",
        "128"
      ],
      "physical_samples": [
        12,
        12,
        12
      ],
      "reference_samples": [
        12,
        12,
        12
      ],
      "pressure_samples": [
        24,
        24,
        24
      ],
      "memory_cap": "268435456",
      "joint_storage_bytes": "69490624",
      "coordinator_storage_bytes": "531080",
      "event_attempts": "7",
      "accepted_events": "3",
      "residual_events": "4"
    },
    {
      "type": "work_preflight",
      "probe_weighted_visits": "8292480",
      "physical_scalar_transforms": "1350",
      "physical_weighted_visits": "18846912",
      "pressure_provider_work": "5349888",
      "pressure_scalar_transforms": "399",
      "pressure_weighted_visits": "34977792",
      "reference_evaluations": "5184",
      "reference_root_iterations": "663552",
      "reference_scalar_transforms": "810",
      "reference_weighted_visits": "4920528",
      "regional_classifications": "124416",
      "regional_root_iterations": "15925248",
      "residual_provider_work": "42799104",
      "residual_scalar_transforms": "288",
      "residual_coefficient_work": "18128896",
      "binding_node_lookups": "54",
      "binding_coefficient_visits": "79200"
    },
    {
      "missing_channels": [
        "force_resolution",
        "force_precision",
        "arithmetic",
        "reference_precision",
        "pressure_reference",
        "pressure_gauge",
        "transfer",
        "sampling_resolution",
        "quadrature_resolution",
        "region_volume_coverage"
      ]
    },
    {
      "command": "diagnose-v2",
      "status": "dry_run",
      "driver_allocated": false,
      "qualified_windows": 0,
      "pde_qualified": false
    }
  ],
  "cli_verification": "passed"
}
