preflight source=base=81bd07ec0e52a16044e2814bf0dbf9711669830e;profile_source_manifest_sha256=66a99d6d22c56202ccbd9d4a2d68c184a465157c8ac7cfa44661e225d77737ee case_sha256=e1236f7b3c51537acd17381402ca420ba7872a7b9dbc64b2f0d9d5108a468f7e schema=p10-avx-n192-h64-cadv08-endpoint-v1 profile=n192-m384-h64-cadv08 backend=rustfft-6.4.1-avx-avx2-fma provider=parallel-reduced-attempt-cache retained=192 sampled=384 workers=32 method=cox-matthews step=64 maximum_attempts=64 endpoint=4096 advective_limit=0.8 observer_nodes=[0, 512, 1024, 1536, 2048, 2560, 3072, 3584, 4096] observer_sampled=768 nested_middle=[0, 1024, 2048, 3072, 4096] nested_coarse=[0, 2048, 4096] catalog_bytes=29362480 rhs_bytes=6717229496 attempt_bytes=1601963128 observer_bytes=37721985304 overhead=1376256 total=50600437880 cap=103079215104 disk_preflight_bytes=1545310208 disk_cap_bytes=4294967296 integration_work_bound=5618002824960 observer_work_bound=467480346624 archive_profile=unsupported qualification=experimental
published clock=0 state_sha256=508e18eee9d7c0d3f58d413ba6da5fb311b62b2322946fb94f251644641774ac balance=REST
attempt=1 clock=64 integration_seconds=103.043247478 cache_hit_miss=[7, 5] observer_seconds=None ratios=[1.5877938231495774e-8, 4.3246838747979715e-8] publication=Attempt state_sha256=None steady_allocations=0
attempt=2 clock=128 integration_seconds=104.241323667 cache_hit_miss=[7, 5] observer_seconds=None ratios=[0.01948886651857777, 0.05625075487174776] publication=Attempt state_sha256=None steady_allocations=0
attempt=3 clock=192 integration_seconds=102.985958402 cache_hit_miss=[7, 5] observer_seconds=None ratios=[0.12640355368562076, 0.6500789903763057] publication=Attempt state_sha256=None steady_allocations=0
attempt=4 clock=256 integration_seconds=104.059936125 cache_hit_miss=[7, 5] observer_seconds=None ratios=[0.09211938535554832, 0.9635957808318991] publication=Attempt state_sha256=None steady_allocations=0
attempt=5 clock=320 integration_seconds=110.615474643 cache_hit_miss=[7, 5] observer_seconds=None ratios=[0.10524117315300321, 0.8213258815496829] publication=Attempt state_sha256=None steady_allocations=0
attempt=6 clock=384 integration_seconds=105.006440111 cache_hit_miss=[7, 5] observer_seconds=None ratios=[0.046751048693439545, 0.40219838759357485] publication=Attempt state_sha256=None steady_allocations=0
attempt=7 clock=448 integration_seconds=103.384642188 cache_hit_miss=[7, 5] observer_seconds=None ratios=[0.02150657472797943, 0.15657710518437376] publication=Attempt state_sha256=None steady_allocations=0
attempt=8 clock=512 integration_seconds=102.081682361 cache_hit_miss=[7, 5] observer_seconds=Some(123.823710613) ratios=[0.03005651336083715, 0.2701372433861051] publication=Node state_sha256=Some("d7ae01f1c5d2a8bcacf50284263db266e1ed1d6d7cf39d4fecb33aff88a056ec") steady_allocations=0
attempt=9 clock=576 integration_seconds=107.603440909 cache_hit_miss=[7, 5] observer_seconds=None ratios=[0.030110726629977644, 0.3099124323528958] publication=Attempt state_sha256=None steady_allocations=0
attempt=10 clock=640 integration_seconds=108.384945357 cache_hit_miss=[7, 5] observer_seconds=None ratios=[0.024133448657999722, 0.2721535124288401] publication=Attempt state_sha256=None steady_allocations=0
attempt=11 clock=704 integration_seconds=97.437502446 cache_hit_miss=[7, 5] observer_seconds=None ratios=[0.017254754222031987, 0.20757633504235262] publication=Attempt state_sha256=None steady_allocations=0
attempt=12 clock=768 integration_seconds=110.408603414 cache_hit_miss=[7, 5] observer_seconds=None ratios=[0.011784646718606365, 0.1461738197524297] publication=Attempt state_sha256=None steady_allocations=0
attempt=13 clock=832 integration_seconds=109.837116874 cache_hit_miss=[7, 5] observer_seconds=None ratios=[0.008194923591886507, 0.09974836713807092] publication=Attempt state_sha256=None steady_allocations=0
attempt=14 clock=896 integration_seconds=111.644234288 cache_hit_miss=[7, 5] observer_seconds=None ratios=[0.006254733723026498, 0.07034666692741613] publication=Attempt state_sha256=None steady_allocations=0
attempt=15 clock=960 integration_seconds=105.152976939 cache_hit_miss=[7, 5] observer_seconds=None ratios=[0.005544493761224347, 0.05557737931097524] publication=Attempt state_sha256=None steady_allocations=0
attempt=16 clock=1024 integration_seconds=100.658076258 cache_hit_miss=[7, 5] observer_seconds=Some(118.1417888) ratios=[0.005644946904805996, 0.05113447000527498] publication=Node state_sha256=Some("82e6f89d2e04b679b9966f8e1bbcf36190332961330aa94e207d3a569724dbdd") steady_allocations=0
attempt=17 clock=1088 integration_seconds=108.858172102 cache_hit_miss=[7, 5] observer_seconds=None ratios=[0.006289161279226976, 0.05329203612979305] publication=Attempt state_sha256=None steady_allocations=0
attempt=18 clock=1152 integration_seconds=108.312395635 cache_hit_miss=[7, 5] observer_seconds=None ratios=[0.007343197526143408, 0.06026443368110968] publication=Attempt state_sha256=None steady_allocations=0
attempt=19 clock=1216 integration_seconds=98.834428317 cache_hit_miss=[7, 5] observer_seconds=None ratios=[0.008661344128890403, 0.0710281473903614] publication=Attempt state_sha256=None steady_allocations=0
attempt=20 clock=1280 integration_seconds=106.308413365 cache_hit_miss=[7, 5] observer_seconds=None ratios=[0.009996642472079638, 0.08377352812620861] publication=Attempt state_sha256=None steady_allocations=0
attempt=21 clock=1344 integration_seconds=104.318260680 cache_hit_miss=[7, 5] observer_seconds=None ratios=[0.01103833916593618, 0.0951393834935163] publication=Attempt state_sha256=None steady_allocations=0
attempt=22 clock=1408 integration_seconds=110.998707045 cache_hit_miss=[7, 5] observer_seconds=None ratios=[0.01165124705837794, 0.0999889663275501] publication=Attempt state_sha256=None steady_allocations=0
attempt=23 clock=1472 integration_seconds=102.387723471 cache_hit_miss=[7, 5] observer_seconds=None ratios=[0.012366853268282211, 0.0920259688078078] publication=Attempt state_sha256=None steady_allocations=0
attempt=24 clock=1536 integration_seconds=101.768212538 cache_hit_miss=[7, 5] observer_seconds=Some(119.61412005) ratios=[0.014365000651523853, 0.06757441876613121] publication=Node state_sha256=Some("3962f22002e1f53374c6d2e516d50c43acfee3ed8cf818b58373eb86779abca2") steady_allocations=0
attempt=25 clock=1600 integration_seconds=106.769890535 cache_hit_miss=[7, 5] observer_seconds=None ratios=[0.01748890127576627, 0.04928688503317939] publication=Attempt state_sha256=None steady_allocations=0
attempt=26 clock=1664 integration_seconds=104.379637994 cache_hit_miss=[7, 5] observer_seconds=None ratios=[0.019274162926876805, 0.09628054066551993] publication=Attempt state_sha256=None steady_allocations=0
attempt=27 clock=1728 integration_seconds=108.168959279 cache_hit_miss=[7, 5] observer_seconds=None ratios=[0.02163304244033174, 0.15528678808956017] publication=Attempt state_sha256=None steady_allocations=0
attempt=28 clock=1792 integration_seconds=99.966203424 cache_hit_miss=[7, 5] observer_seconds=None ratios=[0.03911336856478964, 0.16271875552386508] publication=Attempt state_sha256=None steady_allocations=0
attempt=29 clock=1856 integration_seconds=107.040610248 cache_hit_miss=[7, 5] observer_seconds=None ratios=[0.039713487616107074, 0.09543957180015229] publication=Attempt state_sha256=None steady_allocations=0
attempt=30 clock=1920 integration_seconds=100.614942674 cache_hit_miss=[7, 5] observer_seconds=None ratios=[0.03390647933540223, 0.0358483242467946] publication=Attempt state_sha256=None steady_allocations=0
attempt=31 clock=1984 integration_seconds=116.010548478 cache_hit_miss=[7, 5] observer_seconds=None ratios=[0.0068954587389282295, 0.007711417772876953] publication=Attempt state_sha256=None steady_allocations=0
attempt=32 clock=2048 integration_seconds=93.367613113 cache_hit_miss=[7, 5] observer_seconds=Some(104.385197875) ratios=[0.00011428919028356298, 0.0010866508565132405] publication=Node state_sha256=Some("d8057ce3b11cd88fe9a1ac034393d223a09984dd66b06f713d396767a1e25049") steady_allocations=0
attempt=33 clock=2112 integration_seconds=94.493130047 cache_hit_miss=[7, 5] observer_seconds=None ratios=[0.00011488522544646566, 0.0010920496790170627] publication=Attempt state_sha256=None steady_allocations=0
attempt=34 clock=2176 integration_seconds=87.999900048 cache_hit_miss=[7, 5] observer_seconds=None ratios=[0.00011548569453027797, 0.00109747252829813] publication=Attempt state_sha256=None steady_allocations=0
attempt=35 clock=2240 integration_seconds=101.005522293 cache_hit_miss=[7, 5] observer_seconds=None ratios=[0.00011609072312074878, 0.001102919069584432] publication=Attempt state_sha256=None steady_allocations=0
attempt=36 clock=2304 integration_seconds=93.834787198 cache_hit_miss=[7, 5] observer_seconds=None ratios=[0.00011670040552150295, 0.0011083889665654283] publication=Attempt state_sha256=None steady_allocations=0
attempt=37 clock=2368 integration_seconds=95.246936276 cache_hit_miss=[7, 5] observer_seconds=None ratios=[0.0001173148462401081, 0.0011138818679637598] publication=Attempt state_sha256=None steady_allocations=0
attempt=38 clock=2432 integration_seconds=84.906391500 cache_hit_miss=[7, 5] observer_seconds=None ratios=[0.00011793416121185281, 0.0011193974063710523] publication=Attempt state_sha256=None steady_allocations=0
attempt=39 clock=2496 integration_seconds=101.659703728 cache_hit_miss=[7, 5] observer_seconds=None ratios=[0.00011855847924094113, 0.0011249351982089704] publication=Attempt state_sha256=None steady_allocations=0
attempt=40 clock=2560 integration_seconds=93.908045335 cache_hit_miss=[7, 5] observer_seconds=Some(96.614443548) ratios=[0.00011918794415541892, 0.0011304948448707477] publication=Node state_sha256=Some("36a4e1ab8b03aa127bcd7195b75ebc731661f20dd5963593da35db32abdf45a9") steady_allocations=0
attempt=41 clock=2624 integration_seconds=92.601274926 cache_hit_miss=[7, 5] observer_seconds=None ratios=[0.00011982271693963932, 0.0011360759334676474] publication=Attempt state_sha256=None steady_allocations=0
attempt=42 clock=2688 integration_seconds=95.583073749 cache_hit_miss=[7, 5] observer_seconds=None ratios=[0.00012046297857721413, 0.0011416780386912415] publication=Attempt state_sha256=None steady_allocations=0
attempt=43 clock=2752 integration_seconds=97.221658599 cache_hit_miss=[7, 5] observer_seconds=None ratios=[0.00012110893286779829, 0.0011473007250525238] publication=Attempt state_sha256=None steady_allocations=0
attempt=44 clock=2816 integration_seconds=87.674555748 cache_hit_miss=[7, 5] observer_seconds=None ratios=[0.00012176081044867514, 0.0011529435493684388] publication=Attempt state_sha256=None steady_allocations=0
attempt=45 clock=2880 integration_seconds=101.864719717 cache_hit_miss=[7, 5] observer_seconds=None ratios=[0.00012241887273233487, 0.0011586060647167267] publication=Attempt state_sha256=None steady_allocations=0
attempt=46 clock=2944 integration_seconds=90.675132664 cache_hit_miss=[7, 5] observer_seconds=None ratios=[0.00012308341722115185, 0.0011642878248236184] publication=Attempt state_sha256=None steady_allocations=0
attempt=47 clock=3008 integration_seconds=94.340082982 cache_hit_miss=[7, 5] observer_seconds=None ratios=[0.00012375478312944254, 0.001169988389706043] publication=Attempt state_sha256=None steady_allocations=0
attempt=48 clock=3072 integration_seconds=96.445092052 cache_hit_miss=[7, 5] observer_seconds=Some(106.780645782) ratios=[0.00012443335856914513, 0.00117570733294335] publication=Node state_sha256=Some("d693b6d343c729661b6e2ad49cf3c2cb3fd403c4ae15f2858184659031faeea7") steady_allocations=0
attempt=49 clock=3136 integration_seconds=96.259513822 cache_hit_miss=[7, 5] observer_seconds=None ratios=[0.00012511958865982605, 0.0011814442503583628] publication=Attempt state_sha256=None steady_allocations=0
attempt=50 clock=3200 integration_seconds=95.842467731 cache_hit_miss=[7, 5] observer_seconds=None ratios=[0.00012581398509254184, 0.0011871987710982315] publication=Attempt state_sha256=None steady_allocations=0
attempt=51 clock=3264 integration_seconds=95.280885097 cache_hit_miss=[7, 5] observer_seconds=None ratios=[0.0001265171378307985, 0.0011929705709845444] publication=Attempt state_sha256=None steady_allocations=0
attempt=52 clock=3328 integration_seconds=95.202030175 cache_hit_miss=[7, 5] observer_seconds=None ratios=[0.00012722972849125782, 0.001198759389292243] publication=Attempt state_sha256=None steady_allocations=0
attempt=53 clock=3392 integration_seconds=88.667022949 cache_hit_miss=[7, 5] observer_seconds=None ratios=[0.00012795254669807556, 0.001204565049333903] publication=Attempt state_sha256=None steady_allocations=0
attempt=54 clock=3456 integration_seconds=93.150440372 cache_hit_miss=[7, 5] observer_seconds=None ratios=[0.00012868650909957243, 0.0012103874834674519] publication=Attempt state_sha256=None steady_allocations=0
attempt=55 clock=3520 integration_seconds=97.399528230 cache_hit_miss=[7, 5] observer_seconds=None ratios=[0.0001294326825673399, 0.0012162267646977734] publication=Attempt state_sha256=None steady_allocations=0
attempt=56 clock=3584 integration_seconds=92.624783737 cache_hit_miss=[7, 5] observer_seconds=Some(105.673744753) ratios=[0.00013019231152889077, 0.0012220831444538568] publication=Node state_sha256=Some("6c2b4dc65d21379426735fa787d10ea57e1191bd01da7fd503b789866a20fbf6") steady_allocations=0
attempt=57 clock=3648 integration_seconds=96.453417179 cache_hit_miss=[7, 5] observer_seconds=None ratios=[0.00013096685070636992, 0.0012279570999024724] publication=Attempt state_sha256=None steady_allocations=0
attempt=58 clock=3712 integration_seconds=97.769139286 cache_hit_miss=[7, 5] observer_seconds=None ratios=[0.00013175800463806068, 0.0012338493924248413] publication=Attempt state_sha256=None steady_allocations=0
attempt=59 clock=3776 integration_seconds=90.147273154 cache_hit_miss=[7, 5] observer_seconds=None ratios=[0.00013256777505074542, 0.0012397611387809705] publication=Attempt state_sha256=None steady_allocations=0
attempt=60 clock=3840 integration_seconds=95.404632898 cache_hit_miss=[7, 5] observer_seconds=None ratios=[0.00013339851782125163, 0.0012456939003827525] publication=Attempt state_sha256=None steady_allocations=0
attempt=61 clock=3904 integration_seconds=85.574972071 cache_hit_miss=[7, 5] observer_seconds=None ratios=[0.0001342530118058765, 0.0012516497927377824] publication=Attempt state_sha256=None steady_allocations=0
attempt=62 clock=3968 integration_seconds=83.676010586 cache_hit_miss=[7, 5] observer_seconds=None ratios=[0.00013513454186560715, 0.0012576316214839003] publication=Attempt state_sha256=None steady_allocations=0
attempt=63 clock=4032 integration_seconds=79.415475807 cache_hit_miss=[7, 5] observer_seconds=None ratios=[0.00013604699971192337, 0.0012636430517161137] publication=Attempt state_sha256=None steady_allocations=0
attempt=64 clock=4096 integration_seconds=83.791779981 cache_hit_miss=[7, 5] observer_seconds=Some(86.939715445) ratios=[0.00013699500589163736, 0.0012696888181277489] publication=Node state_sha256=Some("a3e93565644a4d3e4f1131d17994e6c80ef5e18ccd83c42809466157ddb66aec") steady_allocations=0
terminal endpoint_complete_qualification_pending clock=4096
