preflight source=1b89176f63737bbeb3ed65c7e3c7fe6dbeef8f02 cap=34359738368 run_reservation=9508687464 snapshot_bytes=51118080 io_allowance=4096 combined=9559809640 args=Arguments { grid: 128, force_grid: 192, step: 64, endpoint: 4096, method: CoxMatthews, workers: 32, deadline_seconds: 24600 } settings=Settings { domain: Domain { layout: Layout { dimensions: [128, 128, 128], real_len: 2097152, half_len: 1064960 }, lengths: [1.0, 1.0, 1.0], viscosity: 1.0 }, force: ForceSettings { samples: Layout { dimensions: [192, 192, 192], real_len: 7077888, half_len: 3575808 }, workers: 32 }, initial_clock: TickClock { exponent: -20, target: 8192, elapsed: 0, remaining: 8192 }, configuration: Configuration { limits: RunLimits { endpoint: 4096, step_ticks: 64, maximum_attempts: 64 }, method: CoxMatthews, tolerances: Tolerances { absolute: [1e-5, 0.0001], relative: [1e-5, 1e-5] } }, advective_limit: 0.3 } mode=AttemptCached integration_limits=[768, 703674191616, 9984] observer_limits=BalanceObserverLimits { storage_bytes: 6264687056, samples: 64, work_units: 467480346624, scalar_transforms: 768 }
attempt=1 committed=1 clock=64 step_seconds=251.593327599 outcome=Committed(Indicators { errors: [1.5877938171790105e-13, 4.324679143954187e-12], ratios: [1.587793817178758e-8, 4.324679143952289e-8] })
attempt=2 committed=2 clock=128 step_seconds=266.224217575 outcome=Committed(Indicators { errors: [1.948887708351517e-7, 5.625047437469665e-6], ratios: [0.019488866043571074, 0.05625038633279366] })
attempt=3 committed=3 clock=192 step_seconds=272.354127949 outcome=Committed(Indicators { errors: [1.2641827667274519e-6, 6.50205854613873e-5], ratios: [0.12640337792211107, 0.6499951822788544] })
attempt=4 committed=4 clock=256 step_seconds=269.287117221 outcome=Committed(Indicators { errors: [9.227948728419611e-7, 9.676905865539371e-5], ratios: [0.09211703037775358, 0.9630231129547554] })
attempt=5 committed=5 clock=320 step_seconds=264.556099740 outcome=Committed(Indicators { errors: [1.0619443722268102e-6, 8.409360878067088e-5], ratios: [0.10523846715537229, 0.8204585639144986] })
attempt=6 committed=6 clock=384 step_seconds=281.415757961 outcome=Committed(Indicators { errors: [4.802749457308778e-7, 4.316939275591465e-5], ratios: [0.046748562445624836, 0.4015179473052312] })
attempt=7 committed=7 clock=448 step_seconds=262.906717302 outcome=Committed(Indicators { errors: [2.2805535147716237e-7, 1.8245088276113174e-5], ratios: [0.021506240379828227, 0.15648388930165816] })
attempt=8 committed=8 clock=512 step_seconds=259.902530277 outcome=Committed(Indicators { errors: [3.33494015976689e-7, 3.513164947865159e-5], ratios: [0.03005608965965585, 0.2700534110902113] })
attempt=9 committed=9 clock=576 step_seconds=284.527431520 outcome=Committed(Indicators { errors: [3.5346520788638544e-7, 4.57605568609302e-5], ratios: [0.03010929384190499, 0.3096913906513836] })
attempt=10 committed=10 clock=640 step_seconds=268.096663809 outcome=Committed(Indicators { errors: [3.0195105815070347e-7, 4.594753951930135e-5], ratios: [0.024131351691540695, 0.27189696928236035] })
attempt=11 committed=11 clock=704 step_seconds=274.049665722 outcome=Committed(Indicators { errors: [2.309847772386396e-7, 4.002181439234952e-5], ratios: [0.017252469146409058, 0.20734742003303674] })
attempt=12 committed=12 clock=768 step_seconds=278.289161288 outcome=Committed(Indicators { errors: [1.6896091072861352e-7, 3.199040364907236e-5], ratios: [0.011782560773135184, 0.1459950756205164] })
attempt=13 committed=13 clock=832 step_seconds=271.263200070 outcome=Committed(Indicators { errors: [1.2572084808150902e-7, 2.457345950438455e-5], ratios: [0.00819326816980212, 0.0996199247420051] })
attempt=14 committed=14 clock=896 step_seconds=283.662844234 outcome=Committed(Indicators { errors: [1.0245973674211501e-7, 1.9334591299058838e-5], ratios: [0.006253573483310794, 0.07025985456444254] })
attempt=15 committed=15 clock=960 step_seconds=279.806695820 outcome=Committed(Indicators { errors: [9.671495682304001e-8, 1.6894569172209212e-5], ratios: [0.005543732679211755, 0.05552029756479548] })
attempt=16 committed=16 clock=1024 step_seconds=281.162028082 outcome=Committed(Indicators { errors: [1.0452875868180161e-7, 1.7050761643376675e-5], ratios: [0.005644406357796928, 0.05109371656517213] })
attempt=17 committed=17 clock=1088 step_seconds=275.628426094 outcome=Committed(Indicators { errors: [1.2322710346309785e-7, 1.9343073941875268e-5], ratios: [0.006288685752596408, 0.05325598905995715] })
attempt=18 committed=18 clock=1152 step_seconds=259.291942901 outcome=Committed(Indicators { errors: [1.5173813462185203e-7, 2.3640558242343347e-5], ratios: [0.007342675229859214, 0.06022484064558023] })
attempt=19 committed=19 clock=1216 step_seconds=284.449100199 outcome=Committed(Indicators { errors: [1.8810255636677866e-7, 2.9911854082476277e-5], ratios: [0.008660687148619176, 0.0709793028317241] })
attempt=20 committed=20 clock=1280 step_seconds=267.066776901 outcome=Committed(Indicators { errors: [2.2733377162736645e-7, 3.7625727775766646e-5], ratios: [0.00999577737700005, 0.08371164488839382] })
attempt=21 committed=21 clock=1344 step_seconds=264.529152397 outcome=Committed(Indicators { errors: [2.617865284966931e-7, 4.526821933635463e-5], ratios: [0.011037221247808055, 0.09506278327780533] })
attempt=22 committed=22 clock=1408 step_seconds=276.521886939 outcome=Committed(Indicators { errors: [2.868485485223244e-7, 5.004445014435821e-5], ratios: [0.011649924216379559, 0.09989907046973898] })
attempt=23 committed=23 clock=1472 step_seconds=259.594025624 outcome=Committed(Indicators { errors: [3.1441827462518863e-7, 4.807736829404083e-5], ratios: [0.012365603424967935, 0.09192910468497191] })
attempt=24 committed=24 clock=1536 step_seconds=266.762283499 outcome=Committed(Indicators { errors: [3.7495292471311473e-7, 3.6543708594727544e-5], ratios: [0.014364261508206851, 0.06748569255511074] })
attempt=25 committed=25 clock=1600 step_seconds=259.757868111 outcome=Committed(Indicators { errors: [4.6567868976438935e-7, 2.7376449883252332e-5], ratios: [0.017488687014825498, 0.049251086569216215] })
attempt=26 committed=26 clock=1664 step_seconds=262.635824608 outcome=Committed(Indicators { errors: [5.201871222839238e-7, 5.4458091474227965e-5], ratios: [0.019273873669810256, 0.09625723758350813] })
attempt=27 committed=27 clock=1728 step_seconds=267.816640184 outcome=Committed(Indicators { errors: [5.884061890251075e-7, 8.870548445587335e-5], ratios: [0.02163187725135508, 0.155203391455076] })
attempt=28 committed=27 clock=1728 step_seconds=51.273041261 outcome=Refused { cause: AdvectiveLimit, indicators: None }
forensic tag=terminal path=forensics/terminal-n128-m192-cm64-clock1728.coeff.bin bytes=51118080 sha256=[04, 41, 55, 5f, eb, 16, e2, 19, 66, 05, 72, 42, 03, 12, 50, c1, 99, a3, 49, bd, cd, 8b, 05, 0b, 11, ac, fe, 71, 40, 34, a8, 59]
