preflight source=1b89176f63737bbeb3ed65c7e3c7fe6dbeef8f02 cap=34359738368 run_reservation=6458815592 snapshot_bytes=21676032 io_allowance=4096 combined=6480495720 args=Arguments { grid: 96, force_grid: 192, step: 32, endpoint: 4096, method: CoxMatthews, workers: 32, deadline_seconds: 36000 } settings=Settings { domain: Domain { layout: Layout { dimensions: [96, 96, 96], real_len: 884736, half_len: 451584 }, lengths: [1.0, 1.0, 1.0], viscosity: 1.0 }, force: ForceSettings { samples: Layout { dimensions: [192, 192, 192], real_len: 7077888, half_len: 3575808 }, workers: 32 }, initial_clock: TickClock { exponent: -20, target: 8192, elapsed: 0, remaining: 8192 }, configuration: Configuration { limits: RunLimits { endpoint: 4096, step_ticks: 32, maximum_attempts: 128 }, method: CoxMatthews, tolerances: Tolerances { absolute: [1e-5, 0.0001], relative: [1e-5, 1e-5] } }, advective_limit: 0.3 } mode=AttemptCached integration_limits=[1536, 1404521946624, 19968] observer_limits=BalanceObserverLimits { storage_bytes: 4783501776, samples: 128, work_units: 934960693248, scalar_transforms: 1536 }
attempt=1 committed=1 clock=32 step_seconds=117.426181274 outcome=Committed(Indicators { errors: [3.949475265178874e-27, 1.0814807452065707e-25], ratios: [3.9494752651788735e-22, 1.0814807452065707e-21] })
attempt=2 committed=2 clock=64 step_seconds=123.601945254 outcome=Committed(Indicators { errors: [7.522064315990012e-14, 2.074287369913402e-12], ratios: [7.522064315989381e-9, 2.074287369912922e-8] })
attempt=3 committed=3 clock=96 step_seconds=136.573961290 outcome=Committed(Indicators { errors: [6.743296906724564e-10, 1.9325686255970653e-8], ratios: [6.743296888758822e-5, 0.0001932568611415656] })
attempt=4 committed=4 clock=128 step_seconds=143.083470425 outcome=Committed(Indicators { errors: [1.7154297818114284e-8, 5.606887642329897e-7], ratios: [0.001715428840562141, 0.005606879183771976] })
attempt=5 committed=5 clock=160 step_seconds=134.863793881 outcome=Committed(Indicators { errors: [4.315700140418763e-8, 2.0407675884709166e-6], ratios: [0.004315641069637874, 0.020406908228197754] })
attempt=6 committed=6 clock=192 step_seconds=138.673429657 outcome=Committed(Indicators { errors: [3.4406835892162574e-8, 3.6537695770288933e-6], ratios: [0.0034402783906169114, 0.036525874411753485] })
attempt=7 committed=7 clock=224 step_seconds=154.700647760 outcome=Committed(Indicators { errors: [2.942032806360544e-8, 4.994024996268532e-6], ratios: [0.002940411725074062, 0.04986471698621095] })
attempt=8 committed=8 clock=256 step_seconds=154.641305777 outcome=Committed(Indicators { errors: [4.1207259061567026e-8, 5.6279348550724525e-6], ratios: [0.004113471613740299, 0.0560079897390774] })
attempt=9 committed=9 clock=288 step_seconds=142.809115551 outcome=Committed(Indicators { errors: [4.171228927797403e-8, 5.427175899474387e-6], ratios: [0.004153056846516493, 0.053627156325369504] })
attempt=10 committed=10 clock=320 step_seconds=125.320877041 outcome=Committed(Indicators { errors: [3.3580811645614836e-8, 4.590831800482142e-6], ratios: [0.0033278514525477043, 0.04479070165861014] })
attempt=11 committed=11 clock=352 step_seconds=125.088042225 outcome=Committed(Indicators { errors: [2.2955601279196044e-8, 3.404123532512666e-6], ratios: [0.0022581714177189543, 0.03256050981091798] })
attempt=12 committed=12 clock=384 step_seconds=125.347377622 outcome=Committed(Indicators { errors: [1.357766810557748e-8, 2.1284025530597566e-6], ratios: [0.0013216105982429844, 0.019796599553852243] })
attempt=13 committed=13 clock=416 step_seconds=124.079556117 outcome=Committed(Indicators { errors: [8.253002826873532e-9, 1.043083421087398e-6], ratios: [0.0007921137822526327, 0.009354547209285774] })
attempt=14 committed=14 clock=448 step_seconds=129.269563413 outcome=Committed(Indicators { errors: [8.889317532547352e-9, 8.662591753222932e-7], ratios: [0.0008382868631567226, 0.0074299742916612704] })
attempt=15 committed=15 clock=480 step_seconds=138.941921973 outcome=Committed(Indicators { errors: [1.1618002372118562e-8, 1.5063334131130197e-6], ratios: [0.001072767129260232, 0.012267731344254764] })
attempt=16 committed=16 clock=512 step_seconds=138.858610362 outcome=Committed(Indicators { errors: [1.3702481449715992e-8, 2.095112346215472e-6], ratios: [0.0012349338538173269, 0.016105866589115194] })
attempt=17 committed=17 clock=544 step_seconds=133.222358189 outcome=Committed(Indicators { errors: [1.4742491306913683e-8, 2.494847960552886e-6], ratios: [0.0012932305002367, 0.018022707153484575] })
attempt=18 committed=18 clock=576 step_seconds=139.469390984 outcome=Committed(Indicators { errors: [1.4880212965075083e-8, 2.708221238903202e-6], ratios: [0.0012675442219727974, 0.01832980320918981] })
attempt=19 committed=19 clock=608 step_seconds=138.707140577 outcome=Committed(Indicators { errors: [1.4356389981907993e-8, 2.764789421112721e-6], ratios: [0.0011853449966333334, 0.017502862533722092] })
attempt=20 committed=20 clock=640 step_seconds=134.004023327 outcome=Committed(Indicators { errors: [1.3403923106049164e-8, 2.7012555869453518e-6], ratios: [0.0010712161939247747, 0.015986485761712185] })
attempt=21 committed=21 clock=672 step_seconds=139.099574437 outcome=Committed(Indicators { errors: [1.221762357397603e-8, 2.5543658462363443e-6], ratios: [0.000944204208688498, 0.014137502108744298] })
attempt=22 committed=22 clock=704 step_seconds=138.530323425 outcome=Committed(Indicators { errors: [1.0949140651202369e-8, 2.3576357923218093e-6], ratios: [0.0008178018233403404, 0.012216081030179796] })
attempt=23 committed=23 clock=736 step_seconds=133.303013877 outcome=Committed(Indicators { errors: [9.71190691011458e-9, 2.1399871268930225e-6], ratios: [0.0007009035939215391, 0.010397126041625036] })
attempt=24 committed=24 clock=768 step_seconds=140.031883751 outcome=Committed(Indicators { errors: [8.589139958099935e-9, 1.925437254370846e-6], ratios: [0.000598967549350562, 0.008788362057283646] })
attempt=25 committed=25 clock=800 step_seconds=138.850887723 outcome=Committed(Indicators { errors: [7.640828252577241e-9, 1.7331973553750402e-6], ratios: [0.000514993602476927, 0.007447742585903254] })
attempt=26 committed=26 clock=832 step_seconds=133.510639836 outcome=Committed(Indicators { errors: [6.907210153350368e-9, 1.577604582267862e-6], ratios: [0.00045014531060704106, 0.006396519003700749] })
attempt=27 committed=27 clock=864 step_seconds=139.362851725 outcome=Committed(Indicators { errors: [6.408126657444049e-9, 1.4675499350424953e-6], ratios: [0.00040402264104153434, 0.005627240278007074] })
attempt=28 committed=28 clock=896 step_seconds=137.046418060 outcome=Committed(Indicators { errors: [6.140904894059416e-9, 1.4057384713660659e-6], ratios: [0.0003748069263895168, 0.005109129887300157] })
attempt=29 committed=29 clock=928 step_seconds=134.070780543 outcome=Committed(Indicators { errors: [6.082265571331792e-9, 1.3889065497819428e-6], ratios: [0.000359621481759241, 0.004795318630167776] })
attempt=30 committed=30 clock=960 step_seconds=140.434867528 outcome=Committed(Indicators { errors: [6.197268298726785e-9, 1.4098229103833116e-6], ratios: [0.0003552296196401743, 0.004633862147961] })
attempt=31 committed=31 clock=992 step_seconds=137.767032854 outcome=Committed(Indicators { errors: [6.451421415048558e-9, 1.460339258870983e-6], ratios: [0.00035878071756306366, 0.004578922752442551] })
attempt=32 committed=32 clock=1024 step_seconds=133.836194215 outcome=Committed(Indicators { errors: [6.81942514114455e-9, 1.5338849642097054e-6], ratios: [0.0003682396059713227, 0.004597200563992803] })
attempt=33 committed=33 clock=1056 step_seconds=140.302978330 outcome=Committed(Indicators { errors: [7.287836992008442e-9, 1.626570386364079e-6], ratios: [0.0003824195090737669, 0.004668623284146225] })
attempt=34 committed=34 clock=1088 step_seconds=137.405735816 outcome=Committed(Indicators { errors: [7.852980166117353e-9, 1.7371057423344026e-6], ratios: [0.0004007637395133686, 0.0047835323323742705] })
attempt=35 committed=35 clock=1120 step_seconds=134.769987337 outcome=Committed(Indicators { errors: [8.5163697541211e-9, 1.8660515626085248e-6], ratios: [0.00042303793245697906, 0.004938727408310302] })
attempt=36 committed=36 clock=1152 step_seconds=140.506384762 outcome=Committed(Indicators { errors: [9.279279649494e-9, 2.0147575195864716e-6], ratios: [0.00044902872237853055, 0.005133603634965018] })
attempt=37 committed=37 clock=1184 step_seconds=137.256467569 outcome=Committed(Indicators { errors: [1.0137412441930186e-8, 2.18416437798933e-6], ratios: [0.0004782933105618689, 0.0053667960465521415] })
attempt=38 committed=38 clock=1216 step_seconds=134.905663667 outcome=Committed(Indicators { errors: [1.1076293938281023e-8, 2.3735669812400606e-6], ratios: [0.0005099791453863561, 0.005633434837191146] })
attempt=39 committed=39 clock=1248 step_seconds=140.197753962 outcome=Committed(Indicators { errors: [1.2067854513879943e-8, 2.5794198224501353e-6], ratios: [0.0005427214323069569, 0.005923037157780235] })
attempt=40 committed=40 clock=1280 step_seconds=136.290172289 outcome=Committed(Indicators { errors: [1.3068628896782018e-8, 2.7942596091846074e-6], ratios: [0.0005746229208618384, 0.0062180266709110765] })
attempt=41 committed=41 clock=1312 step_seconds=135.889505109 outcome=Committed(Indicators { errors: [1.4020153234093395e-8, 3.005816271672381e-6], ratios: [0.0006033257381163986, 0.006492856041627155] })
attempt=42 committed=42 clock=1344 step_seconds=140.509706104 outcome=Committed(Indicators { errors: [1.4852485233662461e-8, 3.1964109051870474e-6], ratios: [0.0006261983152558194, 0.006713759682075548] })
attempt=43 committed=43 clock=1376 step_seconds=135.712425124 outcome=Committed(Indicators { errors: [1.5492249290875992e-8, 3.3428210289033586e-6], ratios: [0.0006406777674906006, 0.0068393195120525115] })
attempt=44 committed=44 clock=1408 step_seconds=135.733810091 outcome=Committed(Indicators { errors: [1.5877078879767282e-8, 3.4169459789642547e-6], ratios: [0.0006448242567493125, 0.006822298084921888] })
attempt=45 committed=45 clock=1440 step_seconds=140.197948566 outcome=Committed(Indicators { errors: [1.5978508226197418e-8, 3.387868119902113e-6], ratios: [0.000638149238173347, 0.006613648474634354] })
attempt=46 committed=46 clock=1472 step_seconds=136.431697553 outcome=Committed(Indicators { errors: [1.583429465080731e-8, 3.2264565236916552e-6], ratios: [0.0006227397459894121, 0.006170579843572901] })
attempt=47 committed=47 clock=1504 step_seconds=136.245540338 outcome=Committed(Indicators { errors: [1.558548252882054e-8, 2.9152247578883626e-6], ratios: [0.0006044934604790322, 0.005473359534257965] })
attempt=48 committed=48 clock=1536 step_seconds=140.006735893 outcome=Committed(Indicators { errors: [1.549536156316165e-8, 2.4716636693584697e-6], ratios: [0.0005936201160934812, 0.004565379009673717] })
attempt=49 committed=49 clock=1568 step_seconds=136.277533217 outcome=Committed(Indicators { errors: [1.5896627351895332e-8, 2.0118994611975266e-6], ratios: [0.0006024787798759514, 0.003663878310821742] })
attempt=50 committed=50 clock=1600 step_seconds=136.472860384 outcome=Committed(Indicators { errors: [1.7031455238898967e-8, 1.8745843955940173e-6], ratios: [0.0006396213390645715, 0.003373124918356242] })
attempt=51 committed=51 clock=1632 step_seconds=139.255440491 outcome=Committed(Indicators { errors: [1.890625169093061e-8, 2.4055289462132078e-6], ratios: [0.0007047087255774502, 0.004286076956492675] })
attempt=52 committed=52 clock=1664 step_seconds=136.007309065 outcome=Committed(Indicators { errors: [2.1387188387666048e-8, 3.4006513849203756e-6], ratios: [0.0007924346503003605, 0.006012042171303307] })
attempt=53 committed=53 clock=1696 step_seconds=136.772176295 outcome=Committed(Indicators { errors: [2.4569257313986265e-8, 4.4799349351268265e-6], ratios: [0.0009062137462994119, 0.007873384811256786] })
attempt=54 committed=54 clock=1728 step_seconds=139.107997637 outcome=Committed(Indicators { errors: [2.9124318411704214e-8, 5.327502132703836e-6], ratios: [0.0010707130569655606, 0.009323164058553435] })
attempt=55 committed=55 clock=1760 step_seconds=136.044425430 outcome=Committed(Indicators { errors: [3.572987656759036e-8, 5.65417653260395e-6], ratios: [0.0013106352259842557, 0.009866252905892306] })
attempt=56 committed=56 clock=1792 step_seconds=137.196470590 outcome=Committed(Indicators { errors: [4.261675213612156e-8, 5.235061583929017e-6], ratios: [0.0015610143674497207, 0.009117907584303128] })
attempt=57 committed=57 clock=1824 step_seconds=138.801288954 outcome=Committed(Indicators { errors: [4.269773470594556e-8, 4.039663609003464e-6], ratios: [0.0015625587108586826, 0.007027593520805992] })
attempt=58 committed=58 clock=1856 step_seconds=135.785808832 outcome=Committed(Indicators { errors: [2.563831674819864e-8, 2.374734141562673e-6], ratios: [0.0009376761976956262, 0.004127899500455158] })
attempt=59 committed=59 clock=1888 step_seconds=137.821257393 outcome=Committed(Indicators { errors: [1.6485607505035993e-8, 9.78589158560601e-7], ratios: [0.0006026338032267424, 0.0016999487898066558] })
attempt=60 committed=60 clock=1920 step_seconds=139.409101072 outcome=Committed(Indicators { errors: [3.618939028031845e-8, 8.196399269666128e-7], ratios: [0.0013222972396200947, 0.0014229757219446693] })
attempt=61 committed=61 clock=1952 step_seconds=145.246449779 outcome=Committed(Indicators { errors: [1.6338221945502375e-8, 3.9095546708882667e-7], ratios: [0.0005966960618894645, 0.0006783306734700223] })
attempt=62 committed=62 clock=1984 step_seconds=160.012736056 outcome=Committed(Indicators { errors: [7.43634136254612e-10, 8.038002321308497e-8], ratios: [2.7146105129592075e-5, 0.0001393799498544699] })
attempt=63 committed=63 clock=2016 step_seconds=148.387608393 outcome=Committed(Indicators { errors: [3.1854836069199995e-10, 7.889666481291414e-8], ratios: [1.1623116468642384e-5, 0.0001367246825443636] })
attempt=64 committed=64 clock=2048 step_seconds=141.475405589 outcome=Committed(Indicators { errors: [3.1957293172860744e-10, 7.91579052762121e-8], ratios: [1.1655083188161034e-5, 0.00013709346091346643] })
attempt=65 committed=65 clock=2080 step_seconds=129.792530924 outcome=Committed(Indicators { errors: [3.20602044593449e-10, 7.942038924370424e-8], ratios: [1.1687160704544563e-5, 0.00013746326904903413] })
attempt=66 committed=66 clock=2112 step_seconds=139.682837701 outcome=Committed(Indicators { errors: [3.2163589955032257e-10, 7.96841153978195e-8], ratios: [1.1719355711508894e-5, 0.0001378340881587995] })
attempt=67 committed=67 clock=2144 step_seconds=136.737620074 outcome=Committed(Indicators { errors: [3.2267452470713627e-10, 7.994909098223662e-8], ratios: [1.1751668612732164e-5, 0.00013820591399390158] })
attempt=68 committed=68 clock=2176 step_seconds=132.340278963 outcome=Committed(Indicators { errors: [3.237179507196304e-10, 8.021532332108711e-8], ratios: [1.1784099896048162e-5, 0.0001385787421458156] })
attempt=69 committed=69 clock=2208 step_seconds=154.000837569 outcome=Committed(Indicators { errors: [3.2476620669586507e-10, 8.048281980759055e-8], ratios: [1.1816649984084639e-5, 0.00013895256802021563] })
attempt=70 committed=70 clock=2240 step_seconds=128.691845644 outcome=Committed(Indicators { errors: [3.258193239287854e-10, 8.075158781885045e-8], ratios: [1.1849319370005535e-5, 0.0001393273866835513] })
attempt=71 committed=71 clock=2272 step_seconds=137.952186855 outcome=Committed(Indicators { errors: [3.26877331934119e-10, 8.102163482029035e-8], ratios: [1.1882108473153754e-5, 0.00013970319303665532] })
attempt=72 committed=72 clock=2304 step_seconds=137.725589893 outcome=Committed(Indicators { errors: [3.27940262692205e-10, 8.129296839125429e-8], ratios: [1.1915017793184324e-5, 0.00014007998185189426] })
attempt=73 committed=73 clock=2336 step_seconds=135.694517190 outcome=Committed(Indicators { errors: [3.290081470913142e-10, 8.156559609795631e-8], ratios: [1.194804778053652e-5, 0.00014045774754688065] })
attempt=74 committed=74 clock=2368 step_seconds=142.960055817 outcome=Committed(Indicators { errors: [3.3008101715546133e-10, 8.183952555748622e-8], ratios: [1.1981198917247917e-5, 0.0001408364842877505] })
attempt=75 committed=75 clock=2400 step_seconds=138.965537634 outcome=Committed(Indicators { errors: [3.3115890543439716e-10, 8.211476446787451e-8], ratios: [1.2014471694562623e-5, 0.0001412161860333705] })
attempt=76 committed=76 clock=2432 step_seconds=145.217549742 outcome=Committed(Indicators { errors: [3.3224184419392343e-10, 8.239132059874102e-8], ratios: [1.2047866583367863e-5, 0.00014159684651138165] })
attempt=77 committed=77 clock=2464 step_seconds=137.706629449 outcome=Committed(Indicators { errors: [3.3332986798924063e-10, 8.266920178942627e-8], ratios: [1.2081384127326605e-5, 0.00014197845920703222] })
attempt=78 committed=78 clock=2496 step_seconds=138.845669338 outcome=Committed(Indicators { errors: [3.3442301017133313e-10, 8.29484158874174e-8], ratios: [1.211502481593984e-5, 0.00014236101724915352] })
attempt=79 committed=79 clock=2528 step_seconds=128.155443078 outcome=Committed(Indicators { errors: [3.35521304518683e-10, 8.322897085362994e-8], ratios: [1.2148789143572164e-5, 0.00014274451358267906] })
attempt=80 committed=80 clock=2560 step_seconds=138.488771622 outcome=Committed(Indicators { errors: [3.3662478707072547e-10, 8.351087465884746e-8], ratios: [1.2182677675580622e-5, 0.00014312894078217353] })
attempt=81 committed=81 clock=2592 step_seconds=135.913772499 outcome=Committed(Indicators { errors: [3.3773349377134845e-10, 8.379413539986983e-8], ratios: [1.2216690962698498e-5, 0.00014351429124217726] })
attempt=82 committed=82 clock=2624 step_seconds=130.542171430 outcome=Committed(Indicators { errors: [3.3884745981525886e-10, 8.407876118055544e-8], ratios: [1.2250829517220365e-5, 0.00014390055696402563] })
attempt=83 committed=83 clock=2656 step_seconds=147.105021709 outcome=Committed(Indicators { errors: [3.3996672246371334e-10, 8.436476020865486e-8], ratios: [1.2285093914633201e-5, 0.00014428772971243026] })
attempt=84 committed=84 clock=2688 step_seconds=126.228509183 outcome=Committed(Indicators { errors: [3.4109132075738817e-10, 8.465214075379875e-8], ratios: [1.2319484782855076e-5, 0.00014467580093371627] })
attempt=85 committed=85 clock=2720 step_seconds=135.512594544 outcome=Committed(Indicators { errors: [3.422212924949045e-10, 8.494091115726961e-8], ratios: [1.23540026928009e-5, 0.000145064761762581] })
attempt=86 committed=86 clock=2752 step_seconds=139.011394173 outcome=Committed(Indicators { errors: [3.4335667627954637e-10, 8.523107976363795e-8], ratios: [1.2388648232138456e-5, 0.00014545460289507435] })
attempt=87 committed=87 clock=2784 step_seconds=126.526330440 outcome=Committed(Indicators { errors: [3.444975130758301e-10, 8.552265513248864e-8], ratios: [1.2423422061127797e-5, 0.00014584531493950812] })
attempt=88 committed=88 clock=2816 step_seconds=140.370610979 outcome=Committed(Indicators { errors: [3.456438447464366e-10, 8.58156457671873e-8], ratios: [1.2458324859457045e-5, 0.0001462368879425254] })
attempt=89 committed=89 clock=2848 step_seconds=140.834348772 outcome=Committed(Indicators { errors: [3.467957121488099e-10, 8.611006027459408e-8], ratios: [1.2493357257355549e-5, 0.00014662931165055425] })
attempt=90 committed=90 clock=2880 step_seconds=138.133352323 outcome=Committed(Indicators { errors: [3.4795315933063055e-10, 8.640590741792484e-8], ratios: [1.2528519986523835e-5, 0.0001470225755880451] })
attempt=91 committed=91 clock=2912 step_seconds=136.919453850 outcome=Committed(Indicators { errors: [3.4911622997302e-10, 8.670319591083174e-8], ratios: [1.2563813751591843e-5, 0.00014741666869497007] })
attempt=92 committed=92 clock=2944 step_seconds=136.509782219 outcome=Committed(Indicators { errors: [3.5028497020688306e-10, 8.700193465819309e-8], ratios: [1.2599239331215434e-5, 0.00014781157972439024] })
attempt=93 committed=93 clock=2976 step_seconds=126.140835858 outcome=Committed(Indicators { errors: [3.51459426068353e-10, 8.730213259379735e-8], ratios: [1.263479748610189e-5, 0.00014820729695365248] })
attempt=94 committed=94 clock=3008 step_seconds=133.827183489 outcome=Committed(Indicators { errors: [3.526396464012912e-10, 8.760379876458589e-8], ratios: [1.2670489063062128e-5, 0.00014860380831444107] })
attempt=95 committed=95 clock=3040 step_seconds=134.901970044 outcome=Committed(Indicators { errors: [3.538256802460904e-10, 8.790694226598776e-8], ratios: [1.2706314900685575e-5, 0.00014900110126970346] })
attempt=96 committed=96 clock=3072 step_seconds=126.697089975 outcome=Committed(Indicators { errors: [3.550175790917072e-10, 8.821157235356929e-8], ratios: [1.2742275909887476e-5, 0.00014939916298901642] })
attempt=97 committed=97 clock=3104 step_seconds=142.713417454 outcome=Committed(Indicators { errors: [3.5621539506511374e-10, 8.851769832701915e-8], ratios: [1.2778373008436217e-5, 0.00014979798013755238] })
attempt=98 committed=98 clock=3136 step_seconds=126.142610754 outcome=Committed(Indicators { errors: [3.574191829201004e-10, 8.882532957821656e-8], ratios: [1.2814607191894203e-5, 0.0001501975389429459] })
attempt=99 committed=99 clock=3168 step_seconds=132.802228447 outcome=Committed(Indicators { errors: [3.586289996780513e-10, 8.91344756708946e-8], ratios: [1.2850979520195805e-5, 0.000150597825314631] })
attempt=100 committed=100 clock=3200 step_seconds=136.815220617 outcome=Committed(Indicators { errors: [3.5984490297766774e-10, 8.944514618785933e-8], ratios: [1.2887491058003622e-5, 0.00015099882456971994] })
attempt=101 committed=101 clock=3232 step_seconds=126.515557343 outcome=Committed(Indicators { errors: [3.610669543851084e-10, 8.975735087694834e-8], ratios: [1.2924142992806705e-5, 0.0001514005216635817] })
attempt=102 committed=102 clock=3264 step_seconds=138.426272556 outcome=Committed(Indicators { errors: [3.622952161413057e-10, 9.007109961083235e-8], ratios: [1.2960936517839638e-5, 0.00015180290110492186] })
attempt=103 committed=103 clock=3296 step_seconds=144.762169899 outcome=Committed(Indicators { errors: [3.6352975409115746e-10, 9.038640234552348e-8], ratios: [1.2997872936398347e-5, 0.00015220594686848099] })
attempt=104 committed=104 clock=3328 step_seconds=129.448485988 outcome=Committed(Indicators { errors: [3.6477063700445256e-10, 9.070326922326137e-8], ratios: [1.3034953636860901e-5, 0.0001526096425504227] })
attempt=105 committed=105 clock=3360 step_seconds=134.210883102 outcome=Committed(Indicators { errors: [3.66017936636536e-10, 9.102171044419275e-8], ratios: [1.3072180094185688e-5, 0.00015301397113378663] })
attempt=106 committed=106 clock=3392 step_seconds=136.130576374 outcome=Committed(Indicators { errors: [3.672717264737006e-10, 9.134173641729117e-8], ratios: [1.3109553824452172e-5, 0.00015341891522320695] })
attempt=107 committed=107 clock=3424 step_seconds=126.736928992 outcome=Committed(Indicators { errors: [3.6853208550941856e-10, 9.166335769773291e-8], ratios: [1.3147076518997533e-5, 0.00015382445691951925] })
attempt=108 committed=108 clock=3456 step_seconds=137.955721502 outcome=Committed(Indicators { errors: [3.697990956467829e-10, 9.198658496896431e-8], ratios: [1.3184749950835302e-5, 0.00015423057776916264] })
attempt=109 committed=109 clock=3488 step_seconds=149.393144251 outcome=Committed(Indicators { errors: [3.710728434979036e-10, 9.23114290831532e-8], ratios: [1.3222576038056366e-5, 0.00015463725881090817] })
attempt=110 committed=110 clock=3520 step_seconds=120.751525560 outcome=Committed(Indicators { errors: [3.723534187140061e-10, 9.263790107648752e-8], ratios: [1.3260556783425436e-5, 0.00015504448057933264] })
attempt=111 committed=111 clock=3552 step_seconds=137.670576907 outcome=Committed(Indicators { errors: [3.7364091682376555e-10, 9.296601219688425e-8], ratios: [1.3298694374630437e-5, 0.00015545222312825897] })
attempt=112 committed=112 clock=3584 step_seconds=127.467722714 outcome=Committed(Indicators { errors: [3.74935438984476e-10, 9.329577392925551e-8], ratios: [1.3336991174359537e-5, 0.00015586046604917122] })
attempt=113 committed=113 clock=3616 step_seconds=125.462050383 outcome=Committed(Indicators { errors: [3.7623709190214535e-10, 9.362719786082956e-8], ratios: [1.3375449716365547e-5, 0.000156269188221492] })
attempt=114 committed=114 clock=3648 step_seconds=114.830818631 outcome=Committed(Indicators { errors: [3.7754598808195405e-10, 9.396029592767936e-8], ratios: [1.3414072713268208e-5, 0.00015667836819903695] })
attempt=115 committed=115 clock=3680 step_seconds=115.842020420 outcome=Committed(Indicators { errors: [3.7886224673833013e-10, 9.429508024331389e-8], ratios: [1.3452863087733984e-5, 0.00015708798389712505] })
attempt=116 committed=116 clock=3712 step_seconds=118.205300348 outcome=Committed(Indicators { errors: [3.8018599570220226e-10, 9.463156322078088e-8], ratios: [1.3491824038880387e-5, 0.0001574980127687139] })
attempt=117 committed=117 clock=3744 step_seconds=107.741264552 outcome=Committed(Indicators { errors: [3.8151736987612966e-10, 9.496975755083891e-8], ratios: [1.3530958985991167e-5, 0.0001579084317392823] })
attempt=118 committed=118 clock=3776 step_seconds=109.791336821 outcome=Committed(Indicators { errors: [3.828565143737424e-10, 9.530967623896752e-8], ratios: [1.3570271678429542e-5, 0.00015831921723863916] })
attempt=119 committed=119 clock=3808 step_seconds=111.261967242 outcome=Committed(Indicators { errors: [3.8420358091827253e-10, 9.565133263824794e-8], ratios: [1.3609766066326818e-5, 0.00015873034522445248] })
attempt=120 committed=120 clock=3840 step_seconds=109.278274884 outcome=Committed(Indicators { errors: [3.8555873597257344e-10, 9.59947404701785e-8], ratios: [1.36494465870226e-5, 0.0001591417911843666] })
attempt=121 committed=121 clock=3872 step_seconds=108.671585208 outcome=Committed(Indicators { errors: [3.86922155861613e-10, 9.633991381613262e-8], ratios: [1.3689317990202733e-5, 0.00015955353008825277] })
attempt=122 committed=122 clock=3904 step_seconds=109.761520508 outcome=Committed(Indicators { errors: [3.88294028432987e-10, 9.668686725351192e-8], ratios: [1.3729385394810878e-5, 0.0001599655365785957] })
attempt=123 committed=123 clock=3936 step_seconds=107.754682052 outcome=Committed(Indicators { errors: [3.8967455798843665e-10, 9.703561576603818e-8], ratios: [1.3769654461273869e-5, 0.00016037778478516116] })
attempt=124 committed=124 clock=3968 step_seconds=107.933439364 outcome=Committed(Indicators { errors: [3.9106396272531507e-10, 9.73861748426326e-8], ratios: [1.3810131298535854e-5, 0.0001607902484504681] })
attempt=125 committed=125 clock=4000 step_seconds=107.557709988 outcome=Committed(Indicators { errors: [3.92462478629379e-10, 9.773856069006186e-8], ratios: [1.3850822599055746e-5, 0.0001612029012406248] })
attempt=126 committed=126 clock=4032 step_seconds=107.893235528 outcome=Committed(Indicators { errors: [3.93870360463583e-10, 9.809278988121464e-8], ratios: [1.3891735670816794e-5, 0.00016161571612261814] })
attempt=127 committed=127 clock=4064 step_seconds=107.434810799 outcome=Committed(Indicators { errors: [3.9528788258555427e-10, 9.844887988039983e-8], ratios: [1.3932878463083774e-5, 0.00016202866618709506] })
attempt=128 committed=128 clock=4096 step_seconds=107.411595514 outcome=Committed(Indicators { errors: [3.967153431681847e-10, 9.880684880081188e-8], ratios: [1.3974259711886759e-5, 0.00016244172420185434] })
forensic tag=accepted path=forensics/accepted-n96-m192-cm32-clock4096.coeff.bin bytes=21676032 sha256=[4d, 25, 0c, cd, 8e, 9d, 38, 6c, 99, d0, 40, 2b, 8c, 1c, a2, ff, c7, 5e, 54, a2, 65, cf, 09, 24, aa, 3b, 98, 08, 7e, a6, d1, a8]
terminal=completed endpoint=4096 attempts=128 committed=128 wall_seconds=17073.966954878 observer=BalanceObserverWork { samples: 128, work_units: 7247957173, scalar_transforms: 1536 }
