    Checking typenum v1.20.1
    Checking strength_reduce v0.2.4
    Checking cfg-if v1.0.4
    Checking cpufeatures v0.2.17
    Checking num-traits v0.2.19
    Checking stats_alloc v0.1.10
    Checking num-integer v0.1.47
    Checking num-complex v0.4.6
    Checking generic-array v0.14.7
    Checking primal-check v0.3.4
    Checking transpose v0.2.3
    Checking rustfft v6.4.1
    Checking crypto-common v0.1.7
    Checking block-buffer v0.10.4
    Checking digest v0.10.7
    Checking sha2 v0.10.9
    Checking nsbu-solver v0.1.0-alpha.1 (/mnt/niva-array/nsbu-solver/work/p10-n512-m768-scratch-tail-timing-prep-20260913/crates/nsbu-solver)
    Checking nsbu-benchmarks v0.1.0-alpha.1 (/mnt/niva-array/nsbu-solver/work/p10-n512-m768-scratch-tail-timing-prep-20260913/crates/nsbu-benchmarks)
    Checking p10-n512-m768-scratch-tail-timing v0.0.0 (/mnt/niva-array/nsbu-solver/work/p10-n512-m768-scratch-tail-timing-prep-20260913/evidence/p10/n512-m768-scratch-tail-timing-20260913/harness)
    Finished `dev` profile [unoptimized + debuginfo] target(s) in 13.11s
