preflight source=1b89176f63737bbeb3ed65c7e3c7fe6dbeef8f02 cap=34359738368 run_reservation=2886391912 snapshot_bytes=21676032 io_allowance=4096 combined=2908072040 args=Arguments { grid: 96, force_grid: 96, step: 64, endpoint: 4096, method: CoxMatthews, workers: 32, deadline_seconds: 6000 } settings=Settings { domain: Domain { layout: Layout { dimensions: [96, 96, 96], real_len: 884736, half_len: 451584 }, lengths: [1.0, 1.0, 1.0], viscosity: 1.0 }, force: ForceSettings { samples: Layout { dimensions: [96, 96, 96], real_len: 884736, half_len: 451584 }, workers: 32 }, initial_clock: TickClock { exponent: -20, target: 8192, elapsed: 0, remaining: 8192 }, configuration: Configuration { limits: RunLimits { endpoint: 4096, step_ticks: 64, maximum_attempts: 64 }, method: CoxMatthews, tolerances: Tolerances { absolute: [1e-5, 0.0001], relative: [1e-5, 1e-5] } }, advective_limit: 0.3 } mode=AttemptCached integration_limits=[768, 88693018368, 9984] observer_limits=BalanceObserverLimits { storage_bytes: 1608583632, samples: 64, work_units: 58435043328, scalar_transforms: 768 }
attempt=1 committed=1 clock=64 step_seconds=63.672531923 outcome=Committed(Indicators { errors: [1.5877935867613393e-13, 4.324638456668966e-12], ratios: [1.587793586761087e-8, 4.324638456667068e-8] })
attempt=2 committed=2 clock=128 step_seconds=64.267132596 outcome=Committed(Indicators { errors: [1.9488873864676063e-7, 5.624865999785225e-6], ratios: [0.019488862824744945, 0.05624857197599688] })
attempt=3 committed=3 clock=192 step_seconds=63.021286539 outcome=Committed(Indicators { errors: [1.2642000076564171e-6, 6.498367577882737e-5], ratios: [0.12640510182733009, 0.6496262359451292] })
attempt=4 committed=4 clock=256 step_seconds=64.360221797 outcome=Committed(Indicators { errors: [9.229630354140697e-7, 9.65320817536569e-5], ratios: [0.09213381724600057, 0.9606653319875286] })
attempt=5 committed=5 clock=320 step_seconds=61.334191498 outcome=Committed(Indicators { errors: [1.0620800492118954e-6, 8.374339579735046e-5], ratios: [0.10525191444403968, 0.817043740506717] })
attempt=6 committed=6 clock=384 step_seconds=67.279313660 outcome=Committed(Indicators { errors: [4.80360820872633e-7, 4.289235907392283e-5], ratios: [0.046756924387840584, 0.3989437164863001] })
attempt=7 committed=7 clock=448 step_seconds=61.764426006 outcome=Committed(Indicators { errors: [2.2805346204397614e-7, 1.820993293228423e-5], ratios: [0.021506066274980938, 0.1561840956922397] })
attempt=8 committed=8 clock=512 step_seconds=66.535251416 outcome=Committed(Indicators { errors: [3.3354023205001624e-7, 3.5083035850592354e-5], ratios: [0.03006026762686359, 0.26968406910028914] })
attempt=9 committed=9 clock=576 step_seconds=59.060704382 outcome=Committed(Indicators { errors: [3.5356941931003795e-7, 4.5625655316871634e-5], ratios: [0.03011819496336337, 0.30878477011729116] })
attempt=10 committed=10 clock=640 step_seconds=65.206503981 outcome=Committed(Indicators { errors: [3.020866775636282e-7, 4.577159091168133e-5], ratios: [0.024142222120304622, 0.27086230199305245] })
attempt=11 committed=11 clock=704 step_seconds=59.095046689 outcome=Committed(Indicators { errors: [2.3112399271937137e-7, 3.984431394276003e-5], ratios: [0.017262901782214644, 0.20643333267107172] })
attempt=12 committed=12 clock=768 step_seconds=66.900154590 outcome=Committed(Indicators { errors: [1.6908499376682532e-7, 3.183633581356702e-5], ratios: [0.011791246850737423, 0.1452961332920212] })
attempt=13 committed=13 clock=832 step_seconds=62.304496373 outcome=Committed(Indicators { errors: [1.2582792755323558e-7, 2.4457284604651532e-5], ratios: [0.008200277168427412, 0.09915196901096399] })
attempt=14 committed=14 clock=896 step_seconds=67.254135771 outcome=Committed(Indicators { errors: [1.0256524429987562e-7, 1.926522682206184e-5], ratios: [0.0062600428268333634, 0.07001001572149658] })
attempt=15 committed=15 clock=960 step_seconds=62.671557237 outcome=Committed(Indicators { errors: [9.683704152584785e-8, 1.6872897046991505e-5], ratios: [0.005550763093444659, 0.05545090793794674] })
attempt=16 committed=16 clock=1024 step_seconds=62.650272108 outcome=Committed(Indicators { errors: [1.046715099753464e-7, 1.7063171665334348e-5], ratios: [0.00565215436208443, 0.051132652942581326] })
attempt=17 committed=17 clock=1088 step_seconds=62.363132953 outcome=Committed(Indicators { errors: [1.2338332700907994e-7, 1.936720881525567e-5], ratios: [0.006296710119810103, 0.053324323078828666] })
attempt=18 committed=18 clock=1152 step_seconds=60.695275853 outcome=Committed(Indicators { errors: [1.5190172408950582e-7, 2.365506421262592e-5], ratios: [0.007350660975863329, 0.06026399300952256] })
attempt=19 committed=19 clock=1216 step_seconds=66.951341399 outcome=Committed(Indicators { errors: [1.8827553220147402e-7, 2.990058806310335e-5], ratios: [0.008668744462405354, 0.07095523495650362] })
attempt=20 committed=20 clock=1280 step_seconds=60.163817869 outcome=Committed(Indicators { errors: [2.2752572144226106e-7, 3.757884571804921e-5], ratios: [0.01000433776460577, 0.08361056922400874] })
attempt=21 committed=21 clock=1344 step_seconds=65.664167575 outcome=Committed(Indicators { errors: [2.620089913436207e-7, 4.5182779049984166e-5], ratios: [0.011046748133495592, 0.0948871213807032] })
attempt=22 committed=22 clock=1408 step_seconds=60.207534297 outcome=Committed(Indicators { errors: [2.8710244465889247e-7, 4.9927378239088574e-5], ratios: [0.011660407402384273, 0.0996694179433418] })
attempt=23 committed=23 clock=1472 step_seconds=65.271044418 outcome=Committed(Indicators { errors: [3.146692155939243e-7, 4.795330946007998e-5], ratios: [0.012375671889065156, 0.09169569768624225] })
attempt=24 committed=24 clock=1536 step_seconds=61.065920652 outcome=Committed(Indicators { errors: [3.7513667704372365e-7, 3.647579376841314e-5], ratios: [0.014371553184279887, 0.06736312904193655] })
attempt=25 committed=25 clock=1600 step_seconds=65.333106731 outcome=Committed(Indicators { errors: [4.657953753571598e-7, 2.7476719934043983e-5], ratios: [0.017493402511864726, 0.04943361441398119] })
attempt=26 committed=26 clock=1664 step_seconds=63.844375851 outcome=Committed(Indicators { errors: [5.203360839039373e-7, 5.447977969923253e-5], ratios: [0.019279790677795405, 0.09629982983555631] })
attempt=27 committed=27 clock=1728 step_seconds=66.308580705 outcome=Committed(Indicators { errors: [5.886765190823185e-7, 8.853550740648994e-5], ratios: [0.021642297307311265, 0.15491300767312155] })
attempt=28 committed=28 clock=1792 step_seconds=62.205933294 outcome=Committed(Indicators { errors: [1.0679645186390968e-6, 9.303718670422822e-5], ratios: [0.03911951166847139, 0.16201727698944762] })
attempt=29 committed=29 clock=1856 step_seconds=65.235305277 outcome=Committed(Indicators { errors: [1.085894198952552e-6, 5.4567360838190465e-5], ratios: [0.039715649683915714, 0.09483731695570434] })
attempt=30 committed=30 clock=1920 step_seconds=62.046751190 outcome=Committed(Indicators { errors: [9.279759590229179e-7, 2.0622367257264273e-5], ratios: [0.03390751872411416, 0.03579694474628942] })
attempt=31 committed=31 clock=1984 step_seconds=64.233275415 outcome=Committed(Indicators { errors: [1.8889310886742568e-7, 4.4481423325476945e-6], ratios: [0.006895669590427068, 0.007711960235675147] })
attempt=32 committed=32 clock=2048 step_seconds=59.521479120 outcome=Committed(Indicators { errors: [3.1348274066870596e-9, 6.273938343481897e-7], ratios: [0.00011433304763302475, 0.0010864192970026772] })
attempt=33 committed=33 clock=2112 step_seconds=59.378734980 outcome=Committed(Indicators { errors: [3.154065421527967e-9, 6.31275389831808e-7], ratios: [0.00011492731925938315, 0.0010917905565599334] })
attempt=34 committed=34 clock=2176 step_seconds=62.781091286 outcome=Committed(Indicators { errors: [3.173492397547666e-9, 6.35192507007731e-7], ratios: [0.00011552634506465605, 0.0010971879196607448] })
attempt=35 committed=35 clock=2240 step_seconds=57.513766935 outcome=Committed(Indicators { errors: [3.1931071831852478e-9, 6.391447129751042e-7], ratios: [0.00011613003445584444, 0.0011026095321554406] })
attempt=36 committed=36 clock=2304 step_seconds=64.868354497 outcome=Committed(Indicators { errors: [3.2129124519578986e-9, 6.431323111960889e-7], ratios: [0.0001167384349130939, 0.001108054850796795] })
attempt=37 committed=37 clock=2368 step_seconds=56.965054844 outcome=Committed(Indicators { errors: [3.23291191345194e-9, 6.471556945949758e-7], ratios: [0.00011735163003824512, 0.0011135234498781525] })
attempt=38 committed=38 clock=2432 step_seconds=64.124054954 outcome=Committed(Indicators { errors: [3.253109892330995e-9, 6.512152877284879e-7], ratios: [0.000117969724054358, 0.0011190149184777448] })
attempt=39 committed=39 clock=2496 step_seconds=59.935960111 outcome=Committed(Indicators { errors: [3.273511255990419e-9, 6.553115395166025e-7], ratios: [0.0001185928390216262, 0.0011245288454609001] })
attempt=40 committed=40 clock=2560 step_seconds=63.991851541 outcome=Committed(Indicators { errors: [3.2941214149827318e-9, 6.594449219106091e-7], ratios: [0.00011922111469854716, 0.001130064814822192] })
attempt=41 committed=41 clock=2624 step_seconds=56.239345777 outcome=Committed(Indicators { errors: [3.314946355490433e-9, 6.636159292881669e-7], ratios: [0.00011985470955742243, 0.0011356224022770023] })
attempt=42 committed=42 clock=2688 step_seconds=57.404567890 outcome=Committed(Indicators { errors: [3.3359927009828235e-9, 6.678250795293959e-7], ratios: [0.00012049380284187916, 0.0011412011746720313] })
attempt=43 committed=43 clock=2752 step_seconds=58.650069689 outcome=Committed(Indicators { errors: [3.3572677911860196e-9, 6.72072915741927e-7], ratios: [0.00012113859722988529, 0.0011468006903923619] })
attempt=44 committed=44 clock=2816 step_seconds=57.137115210 outcome=Committed(Indicators { errors: [3.3787797783247244e-9, 6.763600092776378e-7], ratios: [0.00012178932209547363, 0.0011524205018246304] })
attempt=45 committed=45 clock=2880 step_seconds=60.927914402 outcome=Committed(Indicators { errors: [3.400537762565392e-9, 6.806869631073463e-7], ratios: [0.00012244623815336935, 0.0011580601582434006] })
attempt=46 committed=46 clock=2944 step_seconds=55.844698676 outcome=Committed(Indicators { errors: [3.4225519249023225e-9, 6.850544163221057e-7], ratios: [0.00012310964197299827, 0.001163719210402667] })
attempt=47 committed=47 clock=3008 step_seconds=60.974613169 outcome=Committed(Indicators { errors: [3.444833705576864e-9, 6.894630491695707e-7], ratios: [0.00012377987208906456, 0.0011693972157882212] })
attempt=48 committed=48 clock=3072 step_seconds=55.308609384 outcome=Committed(Indicators { errors: [3.467396008417717e-9, 6.939135896441517e-7], ratios: [0.0001244573159913262, 0.0011750937462311805] })
attempt=49 committed=49 clock=3136 step_seconds=61.039988331 outcome=Committed(Indicators { errors: [3.490253430810658e-9, 6.984068204758118e-7], ratios: [0.00012514241797383435, 0.0011808083958750096] })
attempt=50 committed=50 clock=3200 step_seconds=57.125720065 outcome=Committed(Indicators { errors: [3.513422559489355e-9, 7.029435887131068e-7], ratios: [0.00012583568927417485, 0.0011865407931768547] })
attempt=51 committed=51 clock=3264 step_seconds=58.583817065 outcome=Committed(Indicators { errors: [3.536922295803236e-9, 7.075248159886641e-7], ratios: [0.00012653771918189562, 0.0011922906136430079] })
attempt=52 committed=52 clock=3328 step_seconds=57.678736632 outcome=Committed(Indicators { errors: [3.560774262079973e-9, 7.121515115777832e-7], ratios: [0.0001272491889490324, 0.0011980575968091355] })
attempt=53 committed=53 clock=3392 step_seconds=55.690275636 outcome=Committed(Indicators { errors: [3.5850032648080208e-9, 7.168247878440196e-7], ratios: [0.00012797088761030723, 0.0012038415666941092] })
attempt=54 committed=54 clock=3456 step_seconds=60.823485491 outcome=Committed(Indicators { errors: [3.609637866381048e-9, 7.215458789423098e-7], ratios: [0.00012870373153668838, 0.0012096424571004403] })
attempt=55 committed=55 clock=3520 step_seconds=55.473636620 outcome=Committed(Indicators { errors: [3.6347110513282036e-9, 7.263161638338977e-7], ratios: [0.0001294487871854543, 0.0012154603434138321] })
attempt=56 committed=56 clock=3584 step_seconds=61.951700885 outcome=Committed(Indicators { errors: [3.6602610338733557e-9, 7.311371929177691e-7], ratios: [0.00013020729867845466, 0.0012212954795997482] })
attempt=57 committed=57 clock=3648 step_seconds=56.953021144 outcome=Committed(Indicators { errors: [3.6863322174127912e-9, 7.360107220847515e-7], ratios: [0.00013098072053653598, 0.001227148346601397] })
attempt=58 committed=58 clock=3712 step_seconds=59.291093154 outcome=Committed(Indicators { errors: [3.7129763560714492e-9, 7.409387532695541e-7], ratios: [0.0001317707572956528, 0.0012330197103690482] })
attempt=59 committed=59 clock=3776 step_seconds=57.162156704 outcome=Committed(Indicators { errors: [3.740253934827579e-9, 7.459235839434434e-7], ratios: [0.00013257941051748813, 0.0012389106933460594] })
attempt=60 committed=60 clock=3840 step_seconds=59.646688681 outcome=Committed(Indicators { errors: [3.76823585493801e-9, 7.50967868188951e-7], ratios: [0.00013340903618544792, 0.0012448228634808708] })
attempt=61 committed=61 clock=3904 step_seconds=56.710718382 outcome=Committed(Indicators { errors: [3.797005450735389e-9, 7.560746915610376e-7], ratios: [0.00013426241329774882, 0.0012507583440235631] })
attempt=62 committed=62 clock=3968 step_seconds=58.315690485 outcome=Committed(Indicators { errors: [3.8266609405589124e-9, 7.612476637755914e-7], ratios: [0.00013514282716381342, 0.001256719950294954] })
attempt=63 committed=63 clock=4032 step_seconds=60.519117519 outcome=Committed(Indicators { errors: [3.8573183893185845e-9, 7.664910326278384e-7], ratios: [0.0001360541699762797, 0.0012627113584220743] })
attempt=64 committed=64 clock=4096 step_seconds=56.017553800 outcome=Committed(Indicators { errors: [3.889115307741115e-9, 7.718098256555287e-7], ratios: [0.00013700106287106882, 0.0012687373159945452] })
forensic tag=accepted path=forensics/accepted-n96-m96-cm64-clock4096.coeff.bin bytes=21676032 sha256=[15, 4b, 87, c5, 3e, c3, 18, 13, 05, 58, ea, cf, af, 58, ea, e9, 81, 72, 13, ac, 4d, 17, ed, 2a, 6a, 03, a5, f4, f9, 1a, 18, 92]
terminal=completed endpoint=4096 attempts=64 committed=64 wall_seconds=3913.627383656 observer=BalanceObserverWork { samples: 64, work_units: 453034516, scalar_transforms: 768 }
