preflight source=1b89176f63737bbeb3ed65c7e3c7fe6dbeef8f02 cap=34359738368 run_reservation=3095926960 snapshot_bytes=21676032 io_allowance=4096 combined=3117607088 args=Arguments { grid: 96, force_grid: 96, step: 64, endpoint: 4096, method: HochbruckOstermann, workers: 32, deadline_seconds: 7200 } settings=Settings { domain: Domain { layout: Layout { dimensions: [96, 96, 96], real_len: 884736, half_len: 451584 }, lengths: [1.0, 1.0, 1.0], viscosity: 1.0 }, force: ForceSettings { samples: Layout { dimensions: [96, 96, 96], real_len: 884736, half_len: 451584 }, workers: 32 }, initial_clock: TickClock { exponent: -20, target: 8192, elapsed: 0, remaining: 8192 }, configuration: Configuration { limits: RunLimits { endpoint: 4096, step_ticks: 64, maximum_attempts: 64 }, method: HochbruckOstermann, tolerances: Tolerances { absolute: [1e-5, 0.0001], relative: [1e-5, 1e-5] } }, advective_limit: 0.3 } mode=AttemptCached integration_limits=[960, 110866272960, 12480] observer_limits=BalanceObserverLimits { storage_bytes: 1608583632, samples: 64, work_units: 58435043328, scalar_transforms: 768 }
attempt=1 committed=1 clock=64 step_seconds=66.089365433 outcome=Committed(Indicators { errors: [1.5877935867613393e-13, 4.324638456668966e-12], ratios: [1.587793586761087e-8, 4.324638456667068e-8] })
attempt=2 committed=2 clock=128 step_seconds=65.789521637 outcome=Committed(Indicators { errors: [1.9488873864675862e-7, 5.624865999795306e-6], ratios: [0.019488862824744744, 0.056248571976097686] })
attempt=3 committed=3 clock=192 step_seconds=66.512920818 outcome=Committed(Indicators { errors: [1.2642000052656886e-6, 6.498367514572435e-5], ratios: [0.12640510158828536, 0.6496262296161815] })
attempt=4 committed=4 clock=256 step_seconds=65.791076377 outcome=Committed(Indicators { errors: [9.229601338689354e-7, 9.653192370824356e-5], ratios: [0.09213352760229518, 0.9606637591587555] })
attempt=5 committed=5 clock=320 step_seconds=69.842249168 outcome=Committed(Indicators { errors: [1.0620626687540536e-6, 8.374220414575499e-5], ratios: [0.10525019204416655, 0.8170321141620358] })
attempt=6 committed=6 clock=384 step_seconds=63.849375370 outcome=Committed(Indicators { errors: [4.803647701788228e-7, 4.289041180983482e-5], ratios: [0.046757308801645865, 0.39892560493187584] })
attempt=7 committed=7 clock=448 step_seconds=68.938979853 outcome=Committed(Indicators { errors: [2.2837135218947797e-7, 1.8240611493660505e-5], ratios: [0.021536044186419696, 0.15644722152790969] })
attempt=8 committed=8 clock=512 step_seconds=65.909862531 outcome=Committed(Indicators { errors: [3.339600567553159e-7, 3.5148468108972405e-5], ratios: [0.030098104270208006, 0.27018704836975405] })
attempt=9 committed=9 clock=576 step_seconds=67.015340803 outcome=Committed(Indicators { errors: [3.540657199509168e-7, 4.572561407251669e-5], ratios: [0.030160471467834207, 0.30946126987628364] })
attempt=10 committed=10 clock=640 step_seconds=66.231178840 outcome=Committed(Indicators { errors: [3.026145281663924e-7, 4.589280696700638e-5], ratios: [0.02418440698692345, 0.2715796216707824] })
attempt=11 committed=11 clock=704 step_seconds=62.866500243 outcome=Committed(Indicators { errors: [2.3140305370636677e-7, 3.9926946009005076e-5], ratios: [0.017283745149268746, 0.20686144933448974] })
attempt=12 committed=12 clock=768 step_seconds=67.541852785 outcome=Committed(Indicators { errors: [1.6832463264911354e-7, 3.173455435013728e-5], ratios: [0.01173822259623976, 0.1448316183999075] })
attempt=13 committed=13 clock=832 step_seconds=65.342949700 outcome=Committed(Indicators { errors: [1.2247593281895424e-7, 2.3883528867312877e-5], ratios: [0.007981825776285426, 0.09682591313198677] })
attempt=14 committed=14 clock=896 step_seconds=67.500924545 outcome=Committed(Indicators { errors: [9.465467448836064e-8, 1.7770470280833103e-5], ratios: [0.0057772232696265136, 0.06457805638303521] })
attempt=15 committed=15 clock=960 step_seconds=65.506381558 outcome=Committed(Indicators { errors: [8.357461877210825e-8, 1.4056319316299385e-5], ratios: [0.0047905522731235975, 0.04619453709081446] })
attempt=16 committed=16 clock=1024 step_seconds=70.539927553 outcome=Committed(Indicators { errors: [8.754925646897762e-8, 1.3039113394855482e-5], ratios: [0.004727570204542429, 0.039073888082234394] })
attempt=17 committed=17 clock=1088 step_seconds=64.743273109 outcome=Committed(Indicators { errors: [1.0483737582597557e-7, 1.479545611149147e-5], ratios: [0.005350241246289666, 0.04073677778723894] })
attempt=18 committed=18 clock=1152 step_seconds=67.910966380 outcome=Committed(Indicators { errors: [1.3366635931660898e-7, 1.9181412129161654e-5], ratios: [0.00646823528215758, 0.04886685050448214] })
attempt=19 committed=19 clock=1216 step_seconds=64.526588667 outcome=Committed(Indicators { errors: [1.7098492467703199e-7, 2.5822566699831827e-5], ratios: [0.00787263539541963, 0.06127793485510192] })
attempt=20 committed=20 clock=1280 step_seconds=68.263504097 outcome=Committed(Indicators { errors: [2.1104453116003066e-7, 3.390434363711053e-5], ratios: [0.009279657524694906, 0.07543503310353286] })
attempt=21 committed=21 clock=1344 step_seconds=68.326520934 outcome=Committed(Indicators { errors: [2.4588016300189083e-7, 4.1771854213026604e-5], ratios: [0.010366729087134199, 0.08772393120407333] })
attempt=22 committed=22 clock=1408 step_seconds=64.360703188 outcome=Committed(Indicators { errors: [2.7107862245020325e-7, 4.65563486609127e-5], ratios: [0.011009614284411042, 0.09293987259292667] })
attempt=23 committed=23 clock=1472 step_seconds=65.793140330 outcome=Committed(Indicators { errors: [2.996867823670554e-7, 4.425743856618142e-5], ratios: [0.011786425567680229, 0.08462850119347443] })
attempt=24 committed=24 clock=1536 step_seconds=64.092277320 outcome=Committed(Indicators { errors: [3.6345783075636306e-7, 3.160515062778609e-5], ratios: [0.013924134494422424, 0.05836807427565836] })
attempt=25 committed=25 clock=1600 step_seconds=66.586759471 outcome=Committed(Indicators { errors: [4.5820205198183574e-7, 2.1629408831260305e-5], ratios: [0.017208227799495456, 0.03891366431710393] })
attempt=26 committed=26 clock=1664 step_seconds=59.271715004 outcome=Committed(Indicators { errors: [5.15838070714321e-7, 5.2532139306887435e-5], ratios: [0.01911312771632322, 0.09285713164502206] })
attempt=27 committed=27 clock=1728 step_seconds=59.229455859 outcome=Committed(Indicators { errors: [5.866502898591801e-7, 8.787268711376426e-5], ratios: [0.02156780434944209, 0.1537532527926437] })
attempt=28 committed=28 clock=1792 step_seconds=64.727991282 outcome=Committed(Indicators { errors: [1.0675520523164651e-6, 9.278600156977662e-5], ratios: [0.0391044030387311, 0.1615798569146192] })
attempt=29 committed=29 clock=1856 step_seconds=74.697686278 outcome=Committed(Indicators { errors: [1.0858202509992442e-6, 5.445984026683506e-5], ratios: [0.03971294510170909, 0.09465044768542563] })
attempt=30 committed=30 clock=1920 step_seconds=69.432702829 outcome=Committed(Indicators { errors: [9.279874549046265e-7, 2.0626142767942547e-5], ratios: [0.03390793877547137, 0.03580349839347039] })
attempt=31 committed=31 clock=1984 step_seconds=75.202036933 outcome=Committed(Indicators { errors: [1.888918732538691e-7, 4.406647878479835e-6], ratios: [0.006895624483696336, 0.007640019286795655] })
attempt=32 committed=32 clock=2048 step_seconds=68.604746715 outcome=Committed(Indicators { errors: [1.1733375200105767e-10, 1.2074450679172609e-8], ratios: [4.279382471973422e-6, 2.0908583254198743e-5] })
attempt=33 committed=33 clock=2112 step_seconds=72.209679388 outcome=Committed(Indicators { errors: [1.2227596587968534e-10, 1.2352101865918921e-8], ratios: [4.455471618579733e-6, 2.1362955674089452e-5] })
attempt=34 committed=34 clock=2176 step_seconds=66.765917243 outcome=Committed(Indicators { errors: [1.275478091278124e-10, 1.2651101687680872e-8], ratios: [4.643191274476975e-6, 2.18526443390901e-5] })
attempt=35 committed=35 clock=2240 step_seconds=73.935530299 outcome=Committed(Indicators { errors: [1.3316443296955554e-10, 1.2972034167575037e-8], ratios: [4.843053897741213e-6, 2.237848211011604e-5] })
attempt=36 committed=36 clock=2304 step_seconds=66.322366146 outcome=Committed(Indicators { errors: [1.39148814053154e-10, 1.331657729355673e-8], ratios: [5.055853533472973e-6, 2.294317640370657e-5] })
attempt=37 committed=37 clock=2368 step_seconds=72.651089509 outcome=Committed(Indicators { errors: [1.455275282179724e-10, 1.36868599148729e-8], ratios: [5.282510971349268e-6, 2.355018985126564e-5] })
attempt=38 committed=38 clock=2432 step_seconds=65.877842592 outcome=Committed(Indicators { errors: [1.5232990266000722e-10, 1.408531135399306e-8], ratios: [5.524042278681796e-6, 2.4203475922984936e-5] })
attempt=39 committed=39 clock=2496 step_seconds=71.322788593 outcome=Committed(Indicators { errors: [1.595879320515727e-10, 1.4514626975824179e-8], ratios: [5.7815551730158604e-6, 2.490741537713583e-5] })
attempt=40 committed=40 clock=2560 step_seconds=65.041432890 outcome=Committed(Indicators { errors: [1.6733641476333612e-10, 1.4977770959510604e-8], ratios: [6.05625336316335e-6, 2.566681674880781e-5] })
attempt=41 committed=41 clock=2624 step_seconds=73.506398039 outcome=Committed(Indicators { errors: [1.7561321636186158e-10, 1.5477995135326427e-8], ratios: [6.349445446394905e-6, 2.6486944093880916e-5] })
attempt=42 committed=42 clock=2688 step_seconds=67.589014244 outcome=Committed(Indicators { errors: [1.8445955412256497e-10, 1.6018862796880797e-8], ratios: [6.662554489587117e-6, 2.7373552749012743e-5] })
attempt=43 committed=43 clock=2752 step_seconds=73.503213311 outcome=Committed(Indicators { errors: [1.9392035702829447e-10, 1.66042785709005e-8], ratios: [6.997130251812731e-6, 2.8332934840117988e-5] })
attempt=44 committed=44 clock=2816 step_seconds=65.482954016 outcome=Committed(Indicators { errors: [2.040446396244439e-10, 1.7238520436665613e-8], ratios: [7.3548618045225274e-6, 2.9371967740303878e-5] })
attempt=45 committed=45 clock=2880 step_seconds=71.630096327 outcome=Committed(Indicators { errors: [2.1488594119977487e-10, 1.792627699972619e-8], ratios: [7.737592395540395e-6, 3.049817067936047e-5] })
attempt=46 committed=46 clock=2944 step_seconds=65.383025094 outcome=Committed(Indicators { errors: [2.265028010431651e-10, 1.867268827391195e-8], ratios: [8.1473354837451e-6, 3.171976639749104e-5] })
attempt=47 committed=47 clock=3008 step_seconds=72.600397500 outcome=Committed(Indicators { errors: [2.3895929808138813e-10, 1.9483392242833052e-8], ratios: [8.586292947473502e-6, 3.3045751576490584e-5] })
attempt=48 committed=48 clock=3072 step_seconds=68.458884926 outcome=Committed(Indicators { errors: [2.523256718260688e-10, 2.036457788655642e-8], ratios: [9.056876052041136e-6, 3.448597704017267e-5] })
attempt=49 committed=49 clock=3136 step_seconds=69.900921854 outcome=Committed(Indicators { errors: [2.666789779409516e-10, 2.132304390899251e-8], ratios: [9.56172747460439e-6, 3.6051236237150004e-5] })
attempt=50 committed=50 clock=3200 step_seconds=69.231498127 outcome=Committed(Indicators { errors: [2.82103871537148e-10, 2.2366267026067488e-8], ratios: [1.0103747705010436e-5, 3.77533683284877e-5] })
attempt=51 committed=51 clock=3264 step_seconds=68.922569413 outcome=Committed(Indicators { errors: [2.986934562007273e-10, 2.3502478466363574e-8], ratios: [1.0686123562119293e-5, 3.960537332534535e-5] })
attempt=52 committed=52 clock=3328 step_seconds=68.235779950 outcome=Committed(Indicators { errors: [3.1655026341181824e-10, 2.4740752616029675e-8], ratios: [1.1312361109233e-5, 4.162154561491341e-5] })
attempt=53 committed=53 clock=3392 step_seconds=67.321923666 outcome=Committed(Indicators { errors: [3.357873473173074e-10, 2.6091107167508018e-8], ratios: [1.1986322385439835e-5, 4.38176244229981e-5] })
attempt=54 committed=54 clock=3456 step_seconds=70.242068650 outcome=Committed(Indicators { errors: [3.5652952386497467e-10, 2.7564618204118208e-8], ratios: [1.2712266942928284e-5, 4.621096657630162e-5] })
attempt=55 committed=55 clock=3520 step_seconds=68.891116344 outcome=Committed(Indicators { errors: [3.7891477506986555e-10, 2.9173551853943336e-8], ratios: [1.349489887560979e-5, 4.882074380599338e-5] })
attempt=56 committed=56 clock=3584 step_seconds=72.914072248 outcome=Committed(Indicators { errors: [4.030958538485631e-10, 3.093151599496465e-8], ratios: [1.4339420536580871e-5, 5.166816984489841e-5] })
attempt=57 committed=57 clock=3648 step_seconds=68.151023578 outcome=Committed(Indicators { errors: [4.2924208574951693e-10, 3.285363304631513e-8], ratios: [1.525159273782662e-5, 5.477675836068398e-5] })
attempt=58 committed=58 clock=3712 step_seconds=69.671092956 outcome=Committed(Indicators { errors: [4.5754144927391627e-10, 3.495674008623546e-8], ratios: [1.6237804252800896e-5, 5.817262135143513e-5] })
attempt=59 committed=59 clock=3776 step_seconds=67.260617754 outcome=Committed(Indicators { errors: [4.882029185241583e-10, 3.725961761928789e-8], ratios: [1.7305149938698445e-5, 6.188480924087721e-5] })
attempt=60 committed=60 clock=3840 step_seconds=69.227771816 outcome=Committed(Indicators { errors: [5.214591740729557e-10, 3.9783254552132743e-8], ratios: [1.8461521120570454e-5, 6.594570413753296e-5] })
attempt=61 committed=61 clock=3904 step_seconds=69.234087463 outcome=Committed(Indicators { errors: [5.575696742901048e-10, 4.255115249003089e-8], ratios: [1.971570781847767e-5, 7.039147007707852e-5] })
attempt=62 committed=62 clock=3968 step_seconds=72.728210757 outcome=Committed(Indicators { errors: [5.968242060496501e-10, 4.558967841135238e-8], ratios: [2.1077516868671793e-5, 7.526257368775819e-5] })
attempt=63 committed=63 clock=4032 step_seconds=68.981916302 outcome=Committed(Indicators { errors: [6.395469477417377e-10, 4.8928472213571964e-8], ratios: [2.255790690670191e-5, 8.060438411798285e-5] })
attempt=64 committed=64 clock=4096 step_seconds=69.633485301 outcome=Committed(Indicators { errors: [6.861011607288663e-10, 5.260091966608928e-8], ratios: [2.4169144090336974e-5, 8.64678673688481e-5] })
forensic tag=accepted path=forensics/accepted-n96-m96-ho64-clock4096.coeff.bin bytes=21676032 sha256=[4e, db, 50, 98, b4, 9a, c0, cd, 16, 2b, 5c, 3e, 82, a6, a0, 4a, c6, d1, 12, af, 28, a0, 1f, 29, f3, 18, ea, 99, e3, 1c, 43, 02]
terminal=completed endpoint=4096 attempts=64 committed=64 wall_seconds=4353.998738495 observer=BalanceObserverWork { samples: 64, work_units: 453034516, scalar_transforms: 768 }
