preflight source=1b89176f63737bbeb3ed65c7e3c7fe6dbeef8f02 cap=34359738368 run_reservation=2886408296 snapshot_bytes=21676032 io_allowance=4096 combined=2908088424 args=Arguments { grid: 96, force_grid: 96, step: 32, endpoint: 4096, method: CoxMatthews, workers: 32, deadline_seconds: 9000 } settings=Settings { domain: Domain { layout: Layout { dimensions: [96, 96, 96], real_len: 884736, half_len: 451584 }, lengths: [1.0, 1.0, 1.0], viscosity: 1.0 }, force: ForceSettings { samples: Layout { dimensions: [96, 96, 96], real_len: 884736, half_len: 451584 }, workers: 32 }, initial_clock: TickClock { exponent: -20, target: 8192, elapsed: 0, remaining: 8192 }, configuration: Configuration { limits: RunLimits { endpoint: 4096, step_ticks: 32, maximum_attempts: 128 }, method: CoxMatthews, tolerances: Tolerances { absolute: [1e-5, 0.0001], relative: [1e-5, 1e-5] } }, advective_limit: 0.3 } mode=AttemptCached integration_limits=[1536, 177386036736, 19968] observer_limits=BalanceObserverLimits { storage_bytes: 1608583632, samples: 128, work_units: 116870086656, scalar_transforms: 1536 }
attempt=1 committed=1 clock=32 step_seconds=63.635849935 outcome=Committed(Indicators { errors: [3.949475805383294e-27, 1.0815085423614046e-25], ratios: [3.949475805383293e-22, 1.0815085423614045e-21] })
attempt=2 committed=2 clock=64 step_seconds=61.463368330 outcome=Committed(Indicators { errors: [7.522065939418199e-14, 2.074371532445215e-12], ratios: [7.522065939417569e-9, 2.0743715324447347e-8] })
attempt=3 committed=3 clock=96 step_seconds=66.642653044 outcome=Committed(Indicators { errors: [6.743302609247286e-10, 1.9327830483523776e-8], ratios: [6.743302591281522e-5, 0.00019327830341683318] })
attempt=4 committed=4 clock=128 step_seconds=63.652821724 outcome=Committed(Indicators { errors: [1.7154404034884045e-8, 5.609766634424346e-7], ratios: [0.001715439462232941, 0.005609758170790945] })
attempt=5 committed=5 clock=160 step_seconds=65.403502700 outcome=Committed(Indicators { errors: [4.3159535884787804e-8, 2.0454128945064837e-6], ratios: [0.004315894514209202, 0.020453359463821066] })
attempt=6 committed=6 clock=192 step_seconds=59.196395861 outcome=Committed(Indicators { errors: [3.4433230498409726e-8, 3.6758765749289624e-6], ratios: [0.0034429175402968595, 0.036746871508530496] })
attempt=7 committed=7 clock=224 step_seconds=70.711260167 outcome=Committed(Indicators { errors: [2.9512482017773194e-8, 5.043656369819697e-6], ratios: [0.0029496220425287165, 0.050360270422395575] })
attempt=8 committed=8 clock=256 step_seconds=57.723776089 outcome=Committed(Indicators { errors: [4.131568505164814e-8, 5.701912275262228e-6], ratios: [0.004124295125318233, 0.05674415938887255] })
attempt=9 committed=9 clock=288 step_seconds=68.568646794 outcome=Committed(Indicators { errors: [4.1831774620190034e-8, 5.513944676308802e-6], ratios: [0.00416495333146285, 0.054484443122142616] })
attempt=10 committed=10 clock=320 step_seconds=61.737160539 outcome=Committed(Indicators { errors: [3.3704297959046074e-8, 4.6771261666760965e-6], ratios: [0.003340088936753316, 0.04563246478867279] })
attempt=11 committed=11 clock=352 step_seconds=67.771795799 outcome=Committed(Indicators { errors: [2.3070752985580177e-8, 3.4791057293940234e-6], ratios: [0.002269499067758071, 0.033277480782567495] })
attempt=12 committed=12 clock=384 step_seconds=64.308941789 outcome=Committed(Indicators { errors: [1.3668107763672757e-8, 2.1848777814915872e-6], ratios: [0.0013304137736635522, 0.020321644716326817] })
attempt=13 committed=13 clock=416 step_seconds=63.589486653 outcome=Committed(Indicators { errors: [8.292594531194984e-9, 1.0746146510596596e-6], ratios: [0.0007959138003395747, 0.00963715143012438] })
attempt=14 committed=14 clock=448 step_seconds=59.472541556 outcome=Committed(Indicators { errors: [8.890243790443317e-9, 8.673371366734266e-7], ratios: [0.0008383743094782789, 0.007439030790416102] })
attempt=15 committed=15 clock=480 step_seconds=66.849350272 outcome=Committed(Indicators { errors: [1.1628910757106474e-8, 1.5136241958529376e-6], ratios: [0.00107377457965043, 0.012326689864515022] })
attempt=16 committed=16 clock=512 step_seconds=60.122270847 outcome=Committed(Indicators { errors: [1.3736447822937348e-8, 2.115532637466331e-6], ratios: [0.0012379954364687576, 0.016262143515648104] })
attempt=17 committed=17 clock=544 step_seconds=73.661693797 outcome=Committed(Indicators { errors: [1.4799223667060943e-8, 2.526223184487669e-6], ratios: [0.0012982077028101423, 0.01824840098057205] })
attempt=18 committed=18 clock=576 step_seconds=57.021036054 outcome=Committed(Indicators { errors: [1.4955680426550674e-8, 2.7474124698637017e-6], ratios: [0.0012739735590335554, 0.01859390300267085] })
attempt=19 committed=19 clock=608 step_seconds=66.398754645 outcome=Committed(Indicators { errors: [1.4445548627638165e-8, 2.8088599748202847e-6], ratios: [0.0011927074188953725, 0.01778058839402419] })
attempt=20 committed=20 clock=640 step_seconds=63.108387649 outcome=Committed(Indicators { errors: [1.3501928031689823e-8, 2.7478372874166437e-6], ratios: [0.0010790497157940513, 0.01626086046084661] })
attempt=21 committed=21 clock=672 step_seconds=63.291744453 outcome=Committed(Indicators { errors: [1.232053957911977e-8, 2.601808696723139e-6], ratios: [0.0009521590686569803, 0.014398807662925329] })
attempt=22 committed=22 clock=704 step_seconds=61.659992569 outcome=Committed(Indicators { errors: [1.1054386757179507e-8, 2.4050593702660686e-6], ratios: [0.0008256641403444695, 0.012460608168890915] })
attempt=23 committed=23 clock=736 step_seconds=66.442962289 outcome=Committed(Indicators { errors: [9.818502125342496e-9, 2.1872755499250776e-6], ratios: [0.0007085979594132621, 0.010625780265197777] })
attempt=24 committed=24 clock=768 step_seconds=58.149759312 outcome=Committed(Indicators { errors: [8.697753707032903e-9, 1.97318575475335e-6], ratios: [0.000606543247352806, 0.009005315435696156] })
attempt=25 committed=25 clock=800 step_seconds=56.334806768 outcome=Committed(Indicators { errors: [7.75358360255491e-9, 1.7825868403147996e-6], ratios: [0.000522594824408314, 0.007659090251199893] })
attempt=26 committed=26 clock=832 step_seconds=53.168323038 outcome=Committed(Indicators { errors: [7.027158084614093e-9, 1.6301610651570435e-6], ratios: [0.000457963865763631, 0.00660881520178894] })
attempt=27 committed=27 clock=864 step_seconds=57.000570206 outcome=Committed(Indicators { errors: [6.538405878415754e-9, 1.5247829077624441e-6], ratios: [0.0004122380987932613, 0.005845963167194715] })
attempt=28 committed=28 clock=896 step_seconds=56.605265437 outcome=Committed(Indicators { errors: [6.283871083778733e-9, 1.4687712743678988e-6], ratios: [0.00038353442652505843, 0.005337528530375742] })
attempt=29 committed=29 clock=928 step_seconds=58.406655355 outcome=Committed(Indicators { errors: [6.239037818371167e-9, 1.458295162138588e-6], ratios: [0.00036889259671965384, 0.005034215841127295] })
attempt=30 committed=30 clock=960 step_seconds=60.511660668 outcome=Committed(Indicators { errors: [6.367844551087376e-9, 1.4856353517690297e-6], ratios: [0.00036500904983267685, 0.0048823760086993545] })
attempt=31 committed=31 clock=992 step_seconds=54.519507197 outcome=Committed(Indicators { errors: [6.6350683349176575e-9, 1.5423568737330212e-6], ratios: [0.00036899597551388094, 0.004835412562198807] })
attempt=32 committed=32 clock=1024 step_seconds=61.083865084 outcome=Committed(Indicators { errors: [7.015009903249653e-9, 1.6217595444342845e-6], ratios: [0.00037880335121289, 0.004859874132085571] })
attempt=33 committed=33 clock=1056 step_seconds=56.860365278 outcome=Committed(Indicators { errors: [7.494017682892386e-9, 1.7198910272550965e-6], ratios: [0.0003932413227003376, 0.004935756410964098] })
attempt=34 committed=34 clock=1088 step_seconds=57.306697897 outcome=Committed(Indicators { errors: [8.06832913231292e-9, 1.8354126899402576e-6], ratios: [0.0004117568454947374, 0.005053497296924358] })
attempt=35 committed=35 clock=1120 step_seconds=61.356195616 outcome=Committed(Indicators { errors: [8.73950501007055e-9, 1.9688427290693123e-6], ratios: [0.0004341254047872461, 0.005209996452806102] })
attempt=36 committed=36 clock=1152 step_seconds=54.567657853 outcome=Committed(Indicators { errors: [9.509020919102816e-9, 2.1215125185358214e-6], ratios: [0.0004601500676088261, 0.005404796679731928] })
attempt=37 committed=37 clock=1184 step_seconds=61.179993723 outcome=Committed(Indicators { errors: [1.0372929900686572e-8, 2.294388815860113e-6], ratios: [0.0004894098786077011, 0.0056367700075054955] })
attempt=38 committed=38 clock=1216 step_seconds=56.972448860 outcome=Committed(Indicators { errors: [1.1317199037309312e-8, 2.4868433844118413e-6], ratios: [0.0005210762367331254, 0.005901373943734543] })
attempt=39 committed=39 clock=1248 step_seconds=53.367069675 outcome=Committed(Indicators { errors: [1.2314193532760716e-8, 2.695444254607549e-6], ratios: [0.0005538058332981784, 0.006188496573424509] })
attempt=40 committed=40 clock=1280 step_seconds=60.086210701 outcome=Committed(Indicators { errors: [1.3320761886196907e-8, 2.9128464716275845e-6], ratios: [0.0005857157566817751, 0.006480900038819896] })
attempt=41 committed=41 clock=1312 step_seconds=56.293839490 outcome=Committed(Indicators { errors: [1.4278516666500181e-8, 3.1268649241053958e-6], ratios: [0.0006144511890293551, 0.006753267443541222] })
attempt=42 committed=42 clock=1344 step_seconds=56.248175310 outcome=Committed(Indicators { errors: [1.5117233665527472e-8, 3.3198401927143694e-6], ratios: [0.000637368475689945, 0.006971905517527011] })
attempt=43 committed=43 clock=1376 step_seconds=57.628822892 outcome=Committed(Indicators { errors: [1.5762752665460934e-8, 3.4684871099229403e-6], ratios: [0.0006518730304804013, 0.0070952985307725855] })
attempt=44 committed=44 clock=1408 step_seconds=57.502174117 outcome=Committed(Indicators { errors: [1.6151225888194188e-8, 3.544565189120029e-6], ratios: [0.000655967499771299, 0.007075972096225816] })
attempt=45 committed=45 clock=1440 step_seconds=62.396100091 outcome=Committed(Indicators { errors: [1.6251757807499363e-8, 3.5169728359334326e-6], ratios: [0.0006490717840636472, 0.006864580230387523] })
attempt=46 committed=46 clock=1472 step_seconds=54.711333338 outcome=Committed(Indicators { errors: [1.6098519628636778e-8, 3.356416709983699e-6], ratios: [0.0006331410472138265, 0.006418096396209418] })
attempt=47 committed=47 clock=1504 step_seconds=55.859451288 outcome=Committed(Indicators { errors: [1.5828151358649777e-8, 3.045334520622032e-6], ratios: [0.0006139153922138958, 0.005716721457673013] })
attempt=48 committed=48 clock=1536 step_seconds=59.393854344 outcome=Committed(Indicators { errors: [1.570097614723734e-8, 2.6009456478623905e-6], ratios: [0.0006015072086623244, 0.004803400214943122] })
attempt=49 committed=49 clock=1568 step_seconds=57.601922105 outcome=Committed(Indicators { errors: [1.6053514764235807e-8, 2.1360512611152836e-6], ratios: [0.0006084354388700979, 0.003889344913281994] })
attempt=50 committed=50 clock=1600 step_seconds=61.379786726 outcome=Committed(Indicators { errors: [1.714238445747873e-8, 1.975447838484722e-6], ratios: [0.0006437990854254088, 0.0035540460845457336] })
attempt=51 committed=51 clock=1632 step_seconds=54.858613215 outcome=Committed(Indicators { errors: [1.8991859178117956e-8, 2.4718176483438008e-6], ratios: [0.0007079131333463032, 0.004403479290318749] })
attempt=52 committed=52 clock=1664 step_seconds=55.600646963 outcome=Committed(Indicators { errors: [2.147644552992627e-8, 3.4538251315588716e-6], ratios: [0.0007957575834433316, 0.006105068583219244] })
attempt=53 committed=53 clock=1696 step_seconds=59.118568219 outcome=Committed(Indicators { errors: [2.4684167386141348e-8, 4.538325637551552e-6], ratios: [0.0009104708998922585, 0.007974728750358455] })
attempt=54 committed=54 clock=1728 step_seconds=56.474217801 outcome=Committed(Indicators { errors: [2.9264991088211253e-8, 5.398652751459894e-6], ratios: [0.0010759077877696306, 0.009446171637678866] })
attempt=55 committed=55 clock=1760 step_seconds=61.615669366 outcome=Committed(Indicators { errors: [3.587198758192633e-8, 5.737837190473717e-6], ratios: [0.0013158774602880425, 0.01001064696554571] })
attempt=56 committed=56 clock=1792 step_seconds=53.622301863 outcome=Committed(Indicators { errors: [4.273326697022545e-8, 5.324416160852832e-6], ratios: [0.0015653184210127646, 0.00927207156330343] })
attempt=57 committed=57 clock=1824 step_seconds=51.840126384 outcome=Committed(Indicators { errors: [4.2779319187991566e-8, 4.122260236775723e-6], ratios: [0.0015655818830383455, 0.007170156124576955] })
attempt=58 committed=58 clock=1856 step_seconds=51.690204536 outcome=Committed(Indicators { errors: [2.56962746230281e-8, 2.436231204545342e-6], ratios: [0.0009398191988342407, 0.004234136054480104] })
attempt=59 committed=59 clock=1888 step_seconds=55.055727168 outcome=Committed(Indicators { errors: [1.6502900527414968e-8, 1.0081477370470283e-6], ratios: [0.0006032813910737644, 0.0017510245586169844] })
attempt=60 committed=60 clock=1920 step_seconds=66.948756559 outcome=Committed(Indicators { errors: [3.61898487708461e-8, 8.214695514414998e-7], ratios: [0.001322348876766515, 0.0014259323181590824] })
attempt=61 committed=61 clock=1952 step_seconds=61.088953886 outcome=Committed(Indicators { errors: [1.6338322229938056e-8, 3.9129182733016996e-7], ratios: [0.0005967159270696625, 0.0006788103223829043] })
attempt=62 committed=62 clock=1984 step_seconds=65.431134478 outcome=Committed(Indicators { errors: [7.452986211948969e-10, 8.196106058105454e-8], ratios: [2.7207625883224238e-5, 0.00014209986838488505] })
attempt=63 committed=63 clock=2016 step_seconds=61.902893090 outcome=Committed(Indicators { errors: [3.2239590268625925e-10, 8.050893199060127e-8], ratios: [1.1763841649094774e-5, 0.00013949758899391826] })
attempt=64 committed=64 clock=2048 step_seconds=64.220003816 outcome=Committed(Indicators { errors: [3.234149459672922e-10, 8.076767454805043e-8], ratios: [1.1795550958856407e-5, 0.0001398604120624525] })
attempt=65 committed=65 clock=2080 step_seconds=58.972168376 outcome=Committed(Indicators { errors: [3.24438752133985e-10, 8.102768644016057e-8], ratios: [1.1827378928277348e-5, 0.00014022430131319658] })
attempt=66 committed=66 clock=2112 step_seconds=60.106512344 outcome=Committed(Indicators { errors: [3.254673471506256e-10, 8.128893562546978e-8], ratios: [1.1859325890816357e-5, 0.0001405891845218127] })
attempt=67 committed=67 clock=2144 step_seconds=65.160764185 outcome=Committed(Indicators { errors: [3.2650072124304733e-10, 8.155142364553699e-8], ratios: [1.1891390870114966e-5, 0.00014095504744570536] })
attempt=68 committed=68 clock=2176 step_seconds=58.816723164 outcome=Committed(Indicators { errors: [3.2753889067044685e-10, 8.181515630903628e-8], ratios: [1.1923573831580913e-5, 0.0001413218829805238] })
attempt=69 committed=69 clock=2208 step_seconds=67.316547728 outcome=Committed(Indicators { errors: [3.2858187854230217e-10, 8.208014046436702e-8], ratios: [1.1955874981981812e-5, 0.0001416896855471941] })
attempt=70 committed=70 clock=2240 step_seconds=55.515990996 outcome=Committed(Indicators { errors: [3.2962971310278403e-10, 8.234638319461229e-8], ratios: [1.1988294706281906e-5, 0.0001420584496826957] })
attempt=71 committed=71 clock=2272 step_seconds=64.431977545 outcome=Committed(Indicators { errors: [3.3068242317889523e-10, 8.261389190955555e-8], ratios: [1.2020833401583601e-5, 0.00014242817018494624] })
attempt=72 committed=72 clock=2304 step_seconds=59.401094550 outcome=Committed(Indicators { errors: [3.317400377781501e-10, 8.288267393624939e-8], ratios: [1.2053491462281637e-5, 0.00014279884139460148] })
attempt=73 committed=73 clock=2336 step_seconds=62.294640340 outcome=Committed(Indicators { errors: [3.3280258736611076e-10, 8.315273679416071e-8], ratios: [1.2086269326291474e-5, 0.00014317045765915577] })
attempt=74 committed=74 clock=2368 step_seconds=58.438295309 outcome=Committed(Indicators { errors: [3.3387010361198846e-10, 8.342408792134704e-8], ratios: [1.2119167465527272e-5, 0.0001435430128512635] })
attempt=75 committed=75 clock=2400 step_seconds=61.831748576 outcome=Committed(Indicators { errors: [3.3494261691879236e-10, 8.369673495150841e-8], ratios: [1.2152186296017704e-5, 0.00014391650083654366] })
attempt=76 committed=76 clock=2432 step_seconds=62.746390840 outcome=Committed(Indicators { errors: [3.3602015972831e-10, 8.397068549252254e-8], ratios: [1.2185326297714659e-5, 0.0001442909150830683] })
attempt=77 committed=77 clock=2464 step_seconds=57.933036487 outcome=Committed(Indicators { errors: [3.3710276493326857e-10, 8.424594736410246e-8], ratios: [1.221858795659322e-5, 0.0001446662490609675] })
attempt=78 committed=78 clock=2496 step_seconds=64.339664126 outcome=Committed(Indicators { errors: [3.3819046567044183e-10, 8.452252821194868e-8], ratios: [1.2251971756943509e-5, 0.00014504249557042244] })
attempt=79 committed=79 clock=2528 step_seconds=55.550131087 outcome=Committed(Indicators { errors: [3.3928329583730684e-10, 8.480043596248504e-8], ratios: [1.2285478199889228e-5, 0.00014541964751371684] })
attempt=80 committed=80 clock=2560 step_seconds=62.345769106 outcome=Committed(Indicators { errors: [3.4038128957582905e-10, 8.507967846798993e-8], ratios: [1.231910778446416e-5, 0.00014579769727675034] })
attempt=81 committed=81 clock=2592 step_seconds=58.852812551 outcome=Committed(Indicators { errors: [3.4148448358734546e-10, 8.536026373211349e-8], ratios: [1.2352861091137669e-5, 0.0001461766371068434] })
attempt=82 committed=82 clock=2624 step_seconds=62.277565492 outcome=Committed(Indicators { errors: [3.425929122008596e-10, 8.564219978952075e-8], ratios: [1.2386738603106918e-5, 0.00014655645889674357] })
attempt=83 committed=83 clock=2656 step_seconds=58.372318516 outcome=Committed(Indicators { errors: [3.4370661221140997e-10, 8.59254947580654e-8], ratios: [1.2420740881153093e-5, 0.00014693715426443652] })
attempt=84 committed=84 clock=2688 step_seconds=61.581019454 outcome=Committed(Indicators { errors: [3.4482562124565895e-10, 8.621015682203295e-8], ratios: [1.2454868504198672e-5, 0.00014731871451464942] })
attempt=85 committed=85 clock=2720 step_seconds=63.144595207 outcome=Committed(Indicators { errors: [3.459499775791975e-10, 8.649619429114316e-8], ratios: [1.2489122062438057e-5, 0.00014770113072947946] })
attempt=86 committed=86 clock=2752 step_seconds=58.864517013 outcome=Committed(Indicators { errors: [3.470797198987922e-10, 8.678361538938386e-8], ratios: [1.252350214848909e-5, 0.0001480843933974089] })
attempt=87 committed=87 clock=2784 step_seconds=62.861091907 outcome=Committed(Indicators { errors: [3.482148883723342e-10, 8.70724286312343e-8], ratios: [1.2558009395732011e-5, 0.00014846849304514441] })
attempt=88 committed=88 clock=2816 step_seconds=55.518193479 outcome=Committed(Indicators { errors: [3.4935552296822215e-10, 8.736264244878638e-8], ratios: [1.2592644417381738e-5, 0.00014885341959005628] })
attempt=89 committed=89 clock=2848 step_seconds=62.432443818 outcome=Committed(Indicators { errors: [3.505016660977472e-10, 8.765426542773063e-8], ratios: [1.2627407901472908e-5, 0.00014923916273164756] })
attempt=90 committed=90 clock=2880 step_seconds=58.309721165 outcome=Committed(Indicators { errors: [3.516533601124733e-10, 8.79473062323946e-8], ratios: [1.266230052029636e-5, 0.00014962571181204365] })
attempt=91 committed=91 clock=2912 step_seconds=63.695635822 outcome=Committed(Indicators { errors: [3.528106503996759e-10, 8.824177355776527e-8], ratios: [1.2697323041562671e-5, 0.00015001305572256716] })
attempt=92 committed=92 clock=2944 step_seconds=58.627784510 outcome=Committed(Indicators { errors: [3.5397357926027186e-10, 8.85376762823354e-8], ratios: [1.2732476107666332e-5, 0.0001504011831512918] })
attempt=93 committed=93 clock=2976 step_seconds=60.723721713 outcome=Committed(Indicators { errors: [3.5514219530380693e-10, 8.883502324543386e-8], ratios: [1.2767760573482011e-5, 0.0001507900821919426] })
attempt=94 committed=94 clock=3008 step_seconds=57.908511507 outcome=Committed(Indicators { errors: [3.56316546091077e-10, 8.913382352378367e-8], ratios: [1.280317724114821e-5, 0.00015117974080068567] })
attempt=95 committed=95 clock=3040 step_seconds=58.254721007 outcome=Committed(Indicators { errors: [3.574966799550487e-10, 8.943408613555832e-8], ratios: [1.2838726925289902e-5, 0.00015157014628015627] })
attempt=96 committed=96 clock=3072 step_seconds=63.263265572 outcome=Committed(Indicators { errors: [3.5868264760002206e-10, 8.97358203436649e-8], ratios: [1.2874410510070361e-5, 0.00015196128578025272] })
attempt=97 committed=97 clock=3104 step_seconds=56.964364216 outcome=Committed(Indicators { errors: [3.5987450197392064e-10, 9.003903540137878e-8], ratios: [1.291022894409748e-5, 0.00015235314585225037] })
attempt=98 committed=98 clock=3136 step_seconds=62.653686461 outcome=Committed(Indicators { errors: [3.6107229712329184e-10, 9.034374072963228e-8], ratios: [1.2946183198864176e-5, 0.00015274571273471256] })
attempt=99 committed=99 clock=3168 step_seconds=58.828830064 outcome=Committed(Indicators { errors: [3.6227608912827387e-10, 9.064994586218206e-8], ratios: [1.2982274301832134e-5, 0.0001531389722450029] })
attempt=100 committed=100 clock=3200 step_seconds=63.888003483 outcome=Committed(Indicators { errors: [3.634859356071361e-10, 9.095766037505686e-8], ratios: [1.3018503318193674e-5, 0.0001535329096445086] })
attempt=101 committed=101 clock=3232 step_seconds=56.589253763 outcome=Committed(Indicators { errors: [3.6470189725605996e-10, 9.126689397720402e-8], ratios: [1.3054871405501643e-5, 0.00015392750977564552] })
attempt=102 committed=102 clock=3264 step_seconds=56.802310374 outcome=Committed(Indicators { errors: [3.65924036468863e-10, 9.15776566238157e-8], ratios: [1.3091379763659161e-5, 0.00015432275723595106] })
attempt=103 committed=103 clock=3296 step_seconds=58.638524065 outcome=Committed(Indicators { errors: [3.671524196445497e-10, 9.188995823788145e-8], ratios: [1.312802971691048e-5, 0.00015471863589093754] })
attempt=104 committed=104 clock=3328 step_seconds=56.340102308 outcome=Committed(Indicators { errors: [3.68387113807412e-10, 9.220380901842424e-8], ratios: [1.316482259231099e-5, 0.00015511512937581726] })
attempt=105 committed=105 clock=3360 step_seconds=60.921771658 outcome=Committed(Indicators { errors: [3.696281901005085e-10, 9.251921915220438e-8], ratios: [1.3201759844058046e-5, 0.00015551222059131026] })
attempt=106 committed=106 clock=3392 step_seconds=55.791427176 outcome=Committed(Indicators { errors: [3.708757229410762e-10, 9.283619903255045e-8], ratios: [1.3238843022553918e-5, 0.0001559098920529647] })
attempt=107 committed=107 clock=3424 step_seconds=60.806009036 outcome=Committed(Indicators { errors: [3.7212979051157593e-10, 9.315475933257672e-8], ratios: [1.327607379119087e-5, 0.00015630812599372174] })
attempt=108 committed=108 clock=3456 step_seconds=56.093571112 outcome=Committed(Indicators { errors: [3.7339047312786837e-10, 9.347491072771316e-8], ratios: [1.3313453867384957e-5, 0.00015670690387713555] })
attempt=109 committed=109 clock=3488 step_seconds=60.168886775 outcome=Committed(Indicators { errors: [3.7465785764094263e-10, 9.379666412265151e-8], ratios: [1.3350985178784845e-5, 0.00015710620675741255] })
attempt=110 committed=110 clock=3520 step_seconds=57.312962984 outcome=Committed(Indicators { errors: [3.759320341624569e-10, 9.412003060806788e-8], ratios: [1.338866974553625e-5, 0.00015750601518441486] })
attempt=111 committed=111 clock=3552 step_seconds=59.207628607 outcome=Committed(Indicators { errors: [3.7721309696238635e-10, 9.444502150059751e-8], ratios: [1.3426509711449167e-5, 0.00015790630924751575] })
attempt=112 committed=112 clock=3584 step_seconds=57.356410278 outcome=Committed(Indicators { errors: [3.7850114706114747e-10, 9.47716482839974e-8], ratios: [1.3464507435290025e-5, 0.00015830706845334347] })
attempt=113 committed=113 clock=3616 step_seconds=56.070013778 outcome=Committed(Indicators { errors: [3.797962903293752e-10, 9.509992267345658e-8], ratios: [1.3502665422037953e-5, 0.00015870827180868648] })
attempt=114 committed=114 clock=3648 step_seconds=61.615197774 outcome=Committed(Indicators { errors: [3.810986387857714e-10, 9.542985664153771e-8], ratios: [1.3540986367967053e-5, 0.0001591098978381332] })
attempt=115 committed=115 clock=3680 step_seconds=54.962434204 outcome=Committed(Indicators { errors: [3.8240831186510306e-10, 9.576146237120937e-8], ratios: [1.3579473204498245e-5, 0.00015951192447894046] })
attempt=116 committed=116 clock=3712 step_seconds=61.682455779 outcome=Committed(Indicators { errors: [3.837254356427899e-10, 9.60947523999232e-8], ratios: [1.3618129069330138e-5, 0.00015991432929367353] })
attempt=117 committed=117 clock=3744 step_seconds=56.745545017 outcome=Committed(Indicators { errors: [3.8505014490802853e-10, 9.64297394278717e-8], ratios: [1.3656957378690018e-5, 0.00016031708912191806] })
attempt=118 committed=118 clock=3776 step_seconds=60.146654239 outcome=Committed(Indicators { errors: [3.863825835368612e-10, 9.676643662223677e-8], ratios: [1.3695961839009726e-5, 0.000160720180556816] })
attempt=119 committed=119 clock=3808 step_seconds=57.137910132 outcome=Committed(Indicators { errors: [3.877229036865765e-10, 9.710485739472154e-8], ratios: [1.373514641678237e-5, 0.00016112357954356117] })
attempt=120 committed=120 clock=3840 step_seconds=58.757022245 outcome=Committed(Indicators { errors: [3.890712708713648e-10, 9.744501555138848e-8], ratios: [1.377451551669928e-5, 0.00016152726159626615] })
attempt=121 committed=121 clock=3872 step_seconds=56.474572422 outcome=Committed(Indicators { errors: [3.9042785886206836e-10, 9.778692527710576e-8], ratios: [1.3814073799042806e-5, 0.000161931201738115] })
attempt=122 committed=122 clock=3904 step_seconds=58.650619549 outcome=Committed(Indicators { errors: [3.9179285720855595e-10, 9.813060128952003e-8], ratios: [1.3853826444059358e-5, 0.0001623353747210649] })
attempt=123 committed=123 clock=3936 step_seconds=60.504009310 outcome=Committed(Indicators { errors: [3.931664674517985e-10, 9.847605866736049e-8], ratios: [1.389377901559847e-5, 0.00016273975470462574] })
attempt=124 committed=124 clock=3968 step_seconds=55.255914010 outcome=Committed(Indicators { errors: [3.9454890704265653e-10, 9.882331298750887e-8], ratios: [1.3933937597384669e-5, 0.0001631443154445564] })
attempt=125 committed=125 clock=4000 step_seconds=55.885555039 outcome=Committed(Indicators { errors: [3.959404115790403e-10, 9.917238056768053e-8], ratios: [1.3974308869369297e-5, 0.00016354903065321052] })
attempt=126 committed=126 clock=4032 step_seconds=52.920504814 outcome=Committed(Indicators { errors: [3.9734123342220656e-10, 9.952327815949928e-8], ratios: [1.401490005601618e-5, 0.00016395387345025518] })
attempt=127 committed=127 clock=4064 step_seconds=55.087494603 outcome=Committed(Indicators { errors: [3.9875164634366803e-10, 9.987602323051221e-8], ratios: [1.405571908728255e-5, 0.00016435881678450253] })
attempt=128 committed=128 clock=4096 step_seconds=52.323613510 outcome=Committed(Indicators { errors: [4.0017194626743597e-10, 1.0023063415576936e-7], ratios: [1.4096774621360162e-5, 0.0001647638337022486] })
forensic tag=accepted path=forensics/accepted-n96-m96-cm32-clock4096.coeff.bin bytes=21676032 sha256=[28, e9, f1, 33, fa, 4b, 8e, 63, d1, 60, 92, 6a, 51, e8, 85, 7e, 0c, 70, 3f, cc, 34, d9, df, 97, 1f, 55, f4, 22, 10, 89, d0, dd]
terminal=completed endpoint=4096 attempts=128 committed=128 wall_seconds=7640.980774803 observer=BalanceObserverWork { samples: 128, work_units: 906069031, scalar_transforms: 1536 }
