   Compiling autocfg v1.5.1
   Compiling version_check v0.9.5
   Compiling generic-array v0.14.7
   Compiling num-traits v0.2.19
   Compiling typenum v1.20.1
   Compiling num-integer v0.1.47
   Compiling block-buffer v0.10.4
   Compiling crypto-common v0.1.7
   Compiling strength_reduce v0.2.4
   Compiling digest v0.10.7
   Compiling transpose v0.2.3
   Compiling primal-check v0.3.4
   Compiling num-complex v0.4.6
   Compiling cpufeatures v0.2.17
   Compiling cfg-if v1.0.4
   Compiling sha2 v0.10.9
   Compiling rustfft v6.4.1
   Compiling stats_alloc v0.1.10
   Compiling nsbu-solver v0.1.0-alpha.1 (/mnt/niva-array/nsbu-solver/work/p10-n512-m512-scratch-tail-timing-prep-20260913/crates/nsbu-solver)
   Compiling nsbu-benchmarks v0.1.0-alpha.1 (/mnt/niva-array/nsbu-solver/work/p10-n512-m512-scratch-tail-timing-prep-20260913/crates/nsbu-benchmarks)
   Compiling p10-n512-m512-scratch-tail-timing v0.0.0 (/mnt/niva-array/nsbu-solver/work/p10-n512-m512-scratch-tail-timing-prep-20260913/evidence/p10/n512-m512-scratch-tail-timing-20260913/harness)
    Finished `release` profile [optimized] target(s) in 37.73s
