warning: --branch option is unstable
info: cargo-llvm-cov currently setting cfg(coverage) and cfg(coverage_nightly); you can opt-out it by passing --no-cfg-coverage and --no-cfg-coverage-nightly
   Compiling version_check v0.9.5
   Compiling typenum v1.20.1
   Compiling autocfg v1.5.1
   Compiling serde_core v1.0.229
   Compiling cpufeatures v0.2.17
   Compiling cfg-if v1.0.4
   Compiling serde_json v1.0.145
   Compiling ryu v1.0.23
   Compiling memchr v2.8.3
   Compiling itoa v1.0.18
   Compiling stats_alloc v0.1.10
   Compiling generic-array v0.14.7
   Compiling num-traits v0.2.19
   Compiling num-complex v0.4.6
   Compiling block-buffer v0.10.4
   Compiling crypto-common v0.1.7
   Compiling digest v0.10.7
   Compiling sha2 v0.10.9
   Compiling nsbu-solver v0.1.0-alpha.1 (/mnt/niva-array/nsbu-solver/work/p09-probe-regional-tracking/crates/nsbu-solver)
   Compiling nsbu-benchmarks v0.1.0-alpha.1 (/mnt/niva-array/nsbu-solver/work/p09-probe-regional-tracking/crates/nsbu-benchmarks)
    Finished `test` profile [optimized + debuginfo] target(s) in 7.72s
     Running tests/v2_probe_regional.rs (target/llvm-cov-final-v2/llvm-cov-target/debug/deps/v2_probe_regional-35231ddc69168e5f)

running 3 tests
test admission_refuses_bad_roots_caps_attempts_and_overflow has been running for over 60 seconds
test all_probe_clocks_match_independent_global_producer_and_exhaust_exact_allowance has been running for over 60 seconds
test stale_publication_is_terminal_and_retains_last_complete_report has been running for over 60 seconds
test stale_publication_is_terminal_and_retains_last_complete_report ... ok
test admission_refuses_bad_roots_caps_attempts_and_overflow ... ok
test all_probe_clocks_match_independent_global_producer_and_exhaust_exact_allowance ... ok

test result: ok. 3 passed; 0 failed; 0 ignored; 0 measured; 0 filtered out; finished in 407.06s


    Finished report saved to work/p09-probe-regional-tracking/coverage-v2/coverage.json
