	Command being timed: "/mnt/niva-array/nsbu-solver/work/cli-cache-timing-20260912/target/release/nsbu v2 --grid 12 --force-grid 48 --workers 32 --step-ticks 16 --endpoint-ticks 128 --attempt-cap 8 --memory-cap 268435456 --method ho"
	User time (seconds): 671.11
	System time (seconds): 0.15
	Percent of CPU this job got: 1440%
	Elapsed (wall clock) time (h:mm:ss or m:ss): 0:46.61
	Average shared text size (kbytes): 0
	Average unshared data size (kbytes): 0
	Average stack size (kbytes): 0
	Average total size (kbytes): 0
	Maximum resident set size (kbytes): 69632
	Average resident set size (kbytes): 0
	Major (requiring I/O) page faults: 0
	Minor (reclaiming a frame) page faults: 18144
	Voluntary context switches: 5220
	Involuntary context switches: 1228
	Swaps: 0
	File system inputs: 0
	File system outputs: 8
	Socket messages sent: 0
	Socket messages received: 0
	Signals delivered: 0
	Page size (bytes): 4096
	Exit status: 0
