preflight source=1b89176f63737bbeb3ed65c7e3c7fe6dbeef8f02 cap=34359738368 run_reservation=10002828976 snapshot_bytes=51118080 io_allowance=4096 combined=10053951152 args=Arguments { grid: 128, force_grid: 192, step: 64, endpoint: 4096, method: HochbruckOstermann, workers: 32, deadline_seconds: 28800, advective_limit: 0.45 } settings=Settings { domain: Domain { layout: Layout { dimensions: [128, 128, 128], real_len: 2097152, half_len: 1064960 }, lengths: [1.0, 1.0, 1.0], viscosity: 1.0 }, force: ForceSettings { samples: Layout { dimensions: [192, 192, 192], real_len: 7077888, half_len: 3575808 }, workers: 32 }, initial_clock: TickClock { exponent: -20, target: 8192, elapsed: 0, remaining: 8192 }, configuration: Configuration { limits: RunLimits { endpoint: 4096, step_ticks: 64, maximum_attempts: 64 }, method: HochbruckOstermann, tolerances: Tolerances { absolute: [1e-5, 0.0001], relative: [1e-5, 1e-5] } }, advective_limit: 0.45 } mode=AttemptCached integration_limits=[960, 879592739520, 12480] observer_limits=BalanceObserverLimits { storage_bytes: 6264687056, samples: 64, work_units: 467480346624, scalar_transforms: 768 }
attempt=1 committed=1 clock=64 step_seconds=198.376554472 outcome=Committed(Indicators { errors: [1.5877938171790105e-13, 4.324679143954187e-12], ratios: [1.587793817178758e-8, 4.324679143952289e-8] })
attempt=2 committed=2 clock=128 step_seconds=208.328688028 outcome=Committed(Indicators { errors: [1.9488877083514953e-7, 5.625047437479736e-6], ratios: [0.019488866043570856, 0.05625038633289437] })
attempt=3 committed=3 clock=192 step_seconds=204.882281906 outcome=Committed(Indicators { errors: [1.2641827643375063e-6, 6.502058482847892e-5], ratios: [0.1264033776831446, 0.649995175951853] })
attempt=4 committed=4 clock=256 step_seconds=208.839068516 outcome=Committed(Indicators { errors: [9.227919716736461e-7, 9.676890185766962e-5], ratios: [0.09211674077166442, 0.9630215525436081] })
attempt=5 committed=5 clock=320 step_seconds=205.460898992 outcome=Committed(Indicators { errors: [1.0619270118006096e-6, 8.409245526254783e-5], ratios: [0.10523674674065887, 0.82044730964753] })
attempt=6 committed=6 clock=384 step_seconds=209.145481250 outcome=Committed(Indicators { errors: [4.802791108363205e-7, 4.3167759375631267e-5], ratios: [0.04674896786467428, 0.40150275529128987] })
attempt=7 committed=7 clock=448 step_seconds=205.228499174 outcome=Committed(Indicators { errors: [2.2837356900466612e-7, 1.827627798866511e-5], ratios: [0.021536249158601566, 0.15675139625483892] })
attempt=8 committed=8 clock=512 step_seconds=208.994362680 outcome=Committed(Indicators { errors: [3.3391260720735757e-7, 3.5195587060888594e-5], ratios: [0.030093815120262078, 0.27054489282927774] })
attempt=9 committed=9 clock=576 step_seconds=204.827577724 outcome=Committed(Indicators { errors: [3.53957371110554e-7, 4.5856439746176284e-5], ratios: [0.030151217874243637, 0.3103402924441977] })
attempt=10 committed=10 clock=640 step_seconds=208.583287214 outcome=Committed(Indicators { errors: [3.024702543517724e-7, 4.606171657506571e-5], ratios: [0.02417284485901095, 0.27257261804696253] })
attempt=11 committed=11 clock=704 step_seconds=204.446215809 outcome=Committed(Indicators { errors: [2.312503796615273e-7, 4.0095189292868186e-5], ratios: [0.017272307239044892, 0.2077275651693212] })
attempt=12 committed=12 clock=768 step_seconds=209.061316579 outcome=Committed(Indicators { errors: [1.6818624578227824e-7, 3.1880199593482956e-5], ratios: [0.011728539183888262, 0.14549213577859757] })
attempt=13 committed=13 clock=832 step_seconds=204.032977293 outcome=Committed(Indicators { errors: [1.2236545474651619e-7, 2.3998949508025126e-5], ratios: [0.007974596104776514, 0.09729088180832185] })
attempt=14 committed=14 clock=896 step_seconds=209.213351093 outcome=Committed(Indicators { errors: [9.457539823066707e-8, 1.7857324050967797e-5], ratios: [0.005772357233388526, 0.06489162204125445] })
attempt=15 committed=15 clock=960 step_seconds=204.278691840 outcome=Committed(Indicators { errors: [8.35207069538803e-8, 1.4121276024620137e-5], ratios: [0.004787433998983807, 0.04640647766604967] })
attempt=16 committed=16 clock=1024 step_seconds=210.005822894 outcome=Committed(Indicators { errors: [8.750918080029241e-8, 1.3091297817770949e-5], ratios: [0.0047253730234367505, 0.039228925617437585] })
attempt=17 committed=17 clock=1088 step_seconds=204.051270332 outcome=Committed(Indicators { errors: [1.0479903138692585e-7, 1.4845282335275286e-5], ratios: [0.005348240419638434, 0.040872520885967496] })
attempt=18 committed=18 clock=1152 step_seconds=209.814717896 outcome=Committed(Indicators { errors: [1.336190586708425e-7, 1.9239604164097237e-5], ratios: [0.0064658851562989185, 0.04901331360418897] })
attempt=19 committed=19 clock=1216 step_seconds=203.612707482 outcome=Committed(Indicators { errors: [1.709185521961487e-7, 2.589937394091782e-5], ratios: [0.007869494902141262, 0.06145789228103448] })
attempt=20 committed=20 clock=1280 step_seconds=210.907183431 outcome=Committed(Indicators { errors: [2.109495403552728e-7, 3.400875781482666e-5], ratios: [0.009275369110393747, 0.07566442499703893] })
attempt=21 committed=21 clock=1344 step_seconds=204.182905522 outcome=Committed(Indicators { errors: [2.4575063989211016e-7, 4.190968953383638e-5], ratios: [0.010361129733379867, 0.08800990610263482] })
attempt=22 committed=22 clock=1408 step_seconds=209.895863830 outcome=Committed(Indicators { errors: [2.7092247179421913e-7, 4.6726414855168745e-5], ratios: [0.011003110460581332, 0.09327558593652957] })
attempt=23 committed=23 clock=1472 step_seconds=204.043136593 outcome=Committed(Indicators { errors: [2.9954472365412996e-7, 4.444523769431074e-5], ratios: [0.011780648771460584, 0.08498407989735443] })
attempt=24 committed=24 clock=1536 step_seconds=209.730911971 outcome=Committed(Indicators { errors: [3.6338510906559504e-7, 3.1769835645542706e-5], ratios: [0.013921104199250864, 0.0586697257365133] })
attempt=25 committed=25 clock=1600 step_seconds=203.998239533 outcome=Committed(Indicators { errors: [4.58181400576713e-7, 2.163877624234521e-5], ratios: [0.017207124325770585, 0.038928832860555394] })
attempt=26 committed=26 clock=1664 step_seconds=209.628198940 outcome=Committed(Indicators { errors: [5.157629976854829e-7, 5.256044086222499e-5], ratios: [0.019109951852066855, 0.09290305087615419] })
attempt=27 committed=27 clock=1728 step_seconds=205.063327750 outcome=Committed(Indicators { errors: [5.864198586801789e-7, 8.806400707994387e-5], ratios: [0.021558852774381826, 0.15408103169563608] })
attempt=28 committed=28 clock=1792 step_seconds=209.070358931 outcome=Committed(Indicators { errors: [1.0673880095741862e-6, 9.311940155635226e-5], ratios: [0.03909745878803722, 0.16215289356752174] })
attempt=29 committed=29 clock=1856 step_seconds=205.366589699 outcome=Committed(Indicators { errors: [1.0857755766110053e-6, 5.473973850885984e-5], ratios: [0.03971029569142486, 0.09513233093332751] })
attempt=30 committed=30 clock=1920 step_seconds=208.980861302 outcome=Committed(Indicators { errors: [9.279838948978309e-7, 2.065026373476947e-5], ratios: [0.0339068875547374, 0.035843585431353804] })
attempt=31 committed=31 clock=1984 step_seconds=229.478458566 outcome=Committed(Indicators { errors: [1.8889176993593e-7, 4.406648926683761e-6], ratios: [0.006895422859684215, 0.007639628589895563] })
attempt=32 committed=32 clock=2048 step_seconds=209.634444350 outcome=Committed(Indicators { errors: [1.173818984060194e-10, 1.2186482936045124e-8], ratios: [4.281009380578483e-6, 2.1101465212777006e-5] })
attempt=33 committed=33 clock=2112 step_seconds=204.620000977 outcome=Committed(Indicators { errors: [1.2233680200135719e-10, 1.2465799825979883e-8], ratios: [4.457547738707685e-6, 2.1558422437483495e-5] })
attempt=34 committed=34 clock=2176 step_seconds=210.259802220 outcome=Committed(Indicators { errors: [1.2761077782470082e-10, 1.2764545229048533e-8], ratios: [4.645330832361249e-6, 2.204736744125825e-5] })
attempt=35 committed=35 clock=2240 step_seconds=203.392247502 outcome=Committed(Indicators { errors: [1.3322652721124816e-10, 1.3084568516601177e-8], ratios: [4.845146742396986e-6, 2.2571328225005814e-5] })
attempt=36 committed=36 clock=2304 step_seconds=228.728425376 outcome=Committed(Indicators { errors: [1.3920918100547497e-10, 1.3427916713593272e-8], ratios: [5.057868040677617e-6, 2.313365207661323e-5] })
attempt=37 committed=37 clock=2368 step_seconds=207.074003878 outcome=Committed(Indicators { errors: [1.4558595981247178e-10, 1.3796837326229054e-8], ratios: [5.284438950750208e-6, 2.373800741724985e-5] })
attempt=38 committed=38 clock=2432 step_seconds=217.025188813 outcome=Committed(Indicators { errors: [1.5238637884236625e-10, 1.419379663649851e-8], ratios: [5.525882315832811e-6, 2.438841204854234e-5] })
attempt=39 committed=39 clock=2496 step_seconds=210.085293126 outcome=Committed(Indicators { errors: [1.5964247477252201e-10, 1.4621500028277955e-8], ratios: [5.78330730828559e-6, 2.5089264484423623e-5] })
attempt=40 committed=40 clock=2560 step_seconds=216.686628350 outcome=Committed(Indicators { errors: [1.6738906141228039e-10, 1.508291409106938e-8], ratios: [6.05791811877701e-6, 2.5845377877033786e-5] })
attempt=41 committed=41 clock=2624 step_seconds=217.315342282 outcome=Committed(Indicators { errors: [1.7566399405335262e-10, 1.558129063096639e-8], ratios: [6.351022888491245e-6, 2.6662016703682582e-5] })
attempt=42 committed=42 clock=2688 step_seconds=208.319463822 outcome=Committed(Indicators { errors: [1.8450849136444793e-10, 1.6120193799172826e-8], ratios: [6.664044644501542e-6, 2.754493822221463e-5] })
attempt=43 committed=43 clock=2752 step_seconds=205.919774599 outcome=Committed(Indicators { errors: [1.9396748253046665e-10, 1.6703529714109844e-8], ratios: [6.998533055558145e-6, 2.8500437544726885e-5] })
attempt=44 committed=44 clock=2816 step_seconds=211.444527290 outcome=Committed(Indicators { errors: [2.0408997976386623e-10, 1.7335579248868218e-8], ratios: [7.356177003300874e-6, 2.9535397393902952e-5] })
attempt=45 committed=45 clock=2880 step_seconds=219.876806414 outcome=Committed(Indicators { errors: [2.149295194801474e-10, 1.802103479056788e-8], ratios: [7.738819517673411e-6, 3.0657343816502186e-5] })
attempt=46 committed=46 clock=2944 step_seconds=200.037832982 outcome=Committed(Indicators { errors: [2.2654464362226225e-10, 1.8765041635618268e-8], ratios: [8.148474029014508e-6, 3.18745088630616e-5] })
attempt=47 committed=47 clock=3008 step_seconds=213.762127615 outcome=Committed(Indicators { errors: [2.389994355859645e-10, 1.957324431701812e-8], ratios: [8.587342440958146e-6, 3.3195900597046994e-5] })
attempt=48 committed=48 clock=3072 step_seconds=206.517375266 outcome=Committed(Indicators { errors: [2.5236412524211966e-10, 2.0451838857762722e-8], ratios: [9.057835524789024e-6, 3.4631381962374227e-5] })
attempt=49 committed=49 clock=3136 step_seconds=221.948572424 outcome=Committed(Indicators { errors: [2.667157757858447e-10, 2.1407632752947837e-8], ratios: [9.562596067294861e-6, 3.619176137304905e-5] })
attempt=50 committed=50 clock=3200 step_seconds=207.720728956 outcome=Committed(Indicators { errors: [2.82139037251085e-10, 2.244811157724125e-8], ratios: [1.0104524200177006e-5, 3.7888892930947946e-5] })
attempt=51 committed=51 clock=3264 step_seconds=209.935299764 outcome=Committed(Indicators { errors: [2.9872701954361424e-10, 2.358151689033851e-8], ratios: [1.068680677594489e-5, 3.973579391898069e-5] })
attempt=52 committed=52 clock=3328 step_seconds=203.837305095 outcome=Committed(Indicators { errors: [3.1658225117767244e-10, 2.4816933403228617e-8], ratios: [1.1312949540106348e-5, 4.174677580655329e-5] })
attempt=53 committed=53 clock=3392 step_seconds=207.330193903 outcome=Committed(Indicators { errors: [3.358177854024741e-10, 2.6164389488545632e-8], ratios: [1.1986814267474113e-5, 4.3937595305391756e-5] })
attempt=54 committed=54 clock=3456 step_seconds=213.202660578 outcome=Committed(Indicators { errors: [3.5655843787529564e-10, 2.7634972279253273e-8], ratios: [1.271266024458137e-5, 4.632562713437251e-5] })
attempt=55 committed=55 clock=3520 step_seconds=201.445231824 outcome=Committed(Indicators { errors: [3.7894219266583155e-10, 2.9240959035705897e-8], ratios: [1.3495191357343656e-5, 4.8930060819726446e-5] })
attempt=56 committed=56 clock=3584 step_seconds=215.639738650 outcome=Committed(Indicators { errors: [4.031218004091297e-10, 3.0995968432674314e-8], ratios: [1.4339609567275812e-5, 5.177212707226974e-5] })
attempt=57 committed=57 clock=3648 step_seconds=207.380179431 outcome=Committed(Indicators { errors: [4.2926658598106557e-10, 3.2915133433772924e-8], ratios: [1.5251675319846815e-5, 5.487535584176371e-5] })
attempt=58 committed=58 clock=3712 step_seconds=219.232518985 outcome=Committed(Indicators { errors: [4.5756452924464843e-10, 3.501530142788899e-8], ratios: [1.623777705782331e-5, 5.8265874721624444e-5] })
attempt=59 committed=59 clock=3776 step_seconds=209.608418268 outcome=Committed(Indicators { errors: [4.882246046454293e-10, 3.731526255413139e-8], ratios: [1.730500923041378e-5, 6.197274828499638e-5] })
attempt=60 committed=60 clock=3840 step_seconds=203.071683098 outcome=Committed(Indicators { errors: [5.214794879376295e-10, 3.9836014613336476e-8], ratios: [1.846126252573928e-5, 6.602837121639334e-5] })
attempt=61 committed=61 clock=3904 step_seconds=208.279119570 outcome=Committed(Indicators { errors: [5.575886440986687e-10, 4.260106792425693e-8], ratios: [1.9715326679775367e-5, 7.04689194561852e-5] })
attempt=62 committed=62 clock=3968 step_seconds=205.715583001 outcome=Committed(Indicators { errors: [5.968418533057648e-10, 4.563679685136552e-8], ratios: [2.1077007714949378e-5, 7.53348689360206e-5] })
attempt=63 committed=63 clock=4032 step_seconds=209.832369456 outcome=Committed(Indicators { errors: [6.395632963689808e-10, 4.897284837424971e-8], ratios: [2.255726370927613e-5, 8.067159716947599e-5] })
attempt=64 committed=64 clock=4096 step_seconds=198.277966570 outcome=Committed(Indicators { errors: [6.861162297053588e-10, 5.264261419527238e-8], ratios: [2.4168359927811137e-5, 8.65300761494854e-5] })
forensic tag=accepted path=forensics/accepted-n128-m192-ho64-clock4096.coeff.bin bytes=51118080 sha256=[93, b3, a4, 83, a7, c9, 8f, 1c, a0, 5a, 77, c7, 42, d6, 73, 88, db, e9, ad, 1c, be, ef, 94, aa, 22, 59, 5d, d1, 63, ce, 7c, df]
terminal=completed endpoint=4096 attempts=64 committed=64 wall_seconds=13364.992120962 observer=BalanceObserverWork { samples: 64, work_units: 3623978588, scalar_transforms: 768 }
