preflight source=1b89176f63737bbeb3ed65c7e3c7fe6dbeef8f02 cap=34359738368 run_reservation=6458799208 snapshot_bytes=21676032 io_allowance=4096 combined=6480479336 args=Arguments { grid: 96, force_grid: 192, step: 64, endpoint: 4096, method: CoxMatthews, workers: 32, deadline_seconds: 24600 } settings=Settings { domain: Domain { layout: Layout { dimensions: [96, 96, 96], real_len: 884736, half_len: 451584 }, lengths: [1.0, 1.0, 1.0], viscosity: 1.0 }, force: ForceSettings { samples: Layout { dimensions: [192, 192, 192], real_len: 7077888, half_len: 3575808 }, workers: 32 }, initial_clock: TickClock { exponent: -20, target: 8192, elapsed: 0, remaining: 8192 }, configuration: Configuration { limits: RunLimits { endpoint: 4096, step_ticks: 64, maximum_attempts: 64 }, method: CoxMatthews, tolerances: Tolerances { absolute: [1e-5, 0.0001], relative: [1e-5, 1e-5] } }, advective_limit: 0.3 } mode=AttemptCached integration_limits=[768, 702260973312, 9984] observer_limits=BalanceObserverLimits { storage_bytes: 4783501776, samples: 64, work_units: 467480346624, scalar_transforms: 768 }
attempt=1 committed=1 clock=64 step_seconds=188.104583944 outcome=Committed(Indicators { errors: [1.5877935811853952e-13, 4.324561037327009e-12], ratios: [1.5877935811851428e-8, 4.324561037325111e-8] })
attempt=2 committed=2 clock=128 step_seconds=200.652830379 outcome=Committed(Indicators { errors: [1.948886390175526e-7, 5.624407313036788e-6], ratios: [0.019488852861834865, 0.0562439851241057] })
attempt=3 committed=3 clock=192 step_seconds=193.298061125 outcome=Committed(Indicators { errors: [1.2641418273548637e-6, 6.490632972382453e-5], ratios: [0.12639928448689272, 0.6488530503047761] })
attempt=4 committed=4 clock=256 step_seconds=194.083811697 outcome=Committed(Indicators { errors: [9.222952992637264e-7, 9.607478294144059e-5], ratios: [0.0920671611782984, 0.9561150335763695] })
attempt=5 committed=5 clock=320 step_seconds=196.813608202 outcome=Committed(Indicators { errors: [1.0614024047233136e-6, 8.308691011494513e-5], ratios: [0.10518475950448712, 0.8106417947421819] })
attempt=6 committed=6 clock=384 step_seconds=188.497809993 outcome=Committed(Indicators { errors: [4.797998288550617e-7, 4.2385053856151894e-5], ratios: [0.0467023175490193, 0.3942298972626161] })
attempt=7 committed=7 clock=448 step_seconds=201.914316283 outcome=Committed(Indicators { errors: [2.2800640666560413e-7, 1.8152774063606058e-5], ratios: [0.02150162631875822, 0.15569781306545497] })
attempt=8 committed=8 clock=512 step_seconds=202.562938089 outcome=Committed(Indicators { errors: [3.3338692878912514e-7, 3.498525175995751e-5], ratios: [0.03004644223736171, 0.26894399395554097] })
attempt=9 committed=9 clock=576 step_seconds=193.051810900 outcome=Committed(Indicators { errors: [3.531160900108734e-7, 4.5367957974782835e-5], ratios: [0.030079560554281185, 0.3070597946182525] })
attempt=10 committed=10 clock=640 step_seconds=195.803462229 outcome=Committed(Indicators { errors: [3.0142243044173915e-7, 4.544135328472964e-5], ratios: [0.024089110937889752, 0.26892961508566415] })
attempt=11 committed=11 clock=704 step_seconds=203.307871734 outcome=Committed(Indicators { errors: [2.3037813618625933e-7, 3.951338383185109e-5], ratios: [0.017207164098197246, 0.2047384656560482] })
attempt=12 committed=12 clock=768 step_seconds=206.901041488 outcome=Committed(Indicators { errors: [1.6837342845823298e-7, 3.154349306282425e-5], ratios: [0.011741596961160238, 0.14397542714886663] })
attempt=13 committed=13 clock=832 step_seconds=191.276689451 outcome=Committed(Indicators { errors: [1.2522384627949745e-7, 2.4212763456482984e-5], ratios: [0.00816088200691119, 0.09817251306150176] })
attempt=14 committed=14 clock=896 step_seconds=196.135223445 outcome=Committed(Indicators { errors: [1.0208518631216251e-7, 1.906007613322274e-5], ratios: [0.006230716078795965, 0.06927348769455711] })
attempt=15 committed=15 clock=960 step_seconds=206.576307908 outcome=Committed(Indicators { errors: [9.644570211293699e-8, 1.6688805443825107e-5], ratios: [0.005528301895126912, 0.05485343198723782] })
attempt=16 committed=16 clock=1024 step_seconds=206.717009380 outcome=Committed(Indicators { errors: [1.0431472489470854e-7, 1.6881592107153303e-5], ratios: [0.005632852104777423, 0.05059575380654772] })
attempt=17 committed=17 clock=1088 step_seconds=189.284568536 outcome=Committed(Indicators { errors: [1.2301787133546185e-7, 1.917413669097009e-5], ratios: [0.006278011821844563, 0.05280053039425215] })
attempt=18 committed=18 clock=1152 step_seconds=206.068139336 outcome=Committed(Indicators { errors: [1.5149179143635816e-7, 2.3439015297273346e-5], ratios: [0.007330759336717367, 0.05972262956678516] })
attempt=19 committed=19 clock=1216 step_seconds=200.715738458 outcome=Committed(Indicators { errors: [1.8778044924878987e-7, 2.9648551514825055e-5], ratios: [0.008645862437522613, 0.07036801123950515] })
attempt=20 committed=20 clock=1280 step_seconds=189.421516349 outcome=Committed(Indicators { errors: [2.2689892468181524e-7, 3.7276201658438924e-5], ratios: [0.009976664341750291, 0.08295021112571883] })
attempt=21 committed=21 clock=1344 step_seconds=196.338055637 outcome=Committed(Indicators { errors: [2.6121367056466654e-7, 4.4817917901360546e-5], ratios: [0.01101307688090107, 0.09413581398542975] })
attempt=22 committed=22 clock=1408 step_seconds=204.941050404 outcome=Committed(Indicators { errors: [2.861618735796524e-7, 4.949926317320815e-5], ratios: [0.011622044578843877, 0.09883057670621635] })
attempt=23 committed=23 clock=1472 step_seconds=205.770403469 outcome=Committed(Indicators { errors: [3.137710282790626e-7, 4.74804183184235e-5], ratios: [0.012340157543683061, 0.09080603408246793] })
attempt=24 committed=24 clock=1536 step_seconds=193.983278853 outcome=Committed(Indicators { errors: [3.7459046888824377e-7, 3.60067880883339e-5], ratios: [0.014350387050890376, 0.0665076879745207] })
attempt=25 committed=25 clock=1600 step_seconds=199.376640326 outcome=Committed(Indicators { errors: [4.6561042262550487e-7, 2.7193300220304755e-5], ratios: [0.017486136829801324, 0.048931590796266196] })
attempt=26 committed=26 clock=1664 step_seconds=193.074173425 outcome=Committed(Indicators { errors: [5.200743134813921e-7, 5.4294496394565425e-5], ratios: [0.01926970899257649, 0.09598772306402258] })
attempt=27 committed=27 clock=1728 step_seconds=199.960098112 outcome=Committed(Indicators { errors: [5.877912827721437e-7, 8.811224005860995e-5], ratios: [0.021609288117859317, 0.15419699263226028] })
attempt=28 committed=28 clock=1792 step_seconds=186.841869642 outcome=Committed(Indicators { errors: [1.0672105369850225e-6, 9.238991377185251e-5], ratios: [0.039090988864519345, 0.16091551896666595] })
attempt=29 committed=29 clock=1856 step_seconds=195.399541917 outcome=Committed(Indicators { errors: [1.0855792946927509e-6, 5.405683609225394e-5], ratios: [0.039703148233797225, 0.09396470274625272] })
attempt=30 committed=30 clock=1920 step_seconds=200.919751094 outcome=Committed(Indicators { errors: [9.279625579583034e-7, 2.058054342693051e-5], ratios: [0.03390613456322515, 0.03572985267342731] })
attempt=31 committed=31 clock=1984 step_seconds=196.825781674 outcome=Committed(Indicators { errors: [1.8889275077916215e-7, 4.447794509502023e-6], ratios: [0.006895464074174176, 0.007712530439548458] })
attempt=32 committed=32 clock=2048 step_seconds=174.828992842 outcome=Committed(Indicators { errors: [3.128923838003527e-9, 6.249731512735832e-7], ratios: [0.00011411438204105308, 0.0010823900909584694] })
attempt=33 committed=33 clock=2112 step_seconds=179.849921427 outcome=Committed(Indicators { errors: [3.1481977173192153e-9, 6.288623539005537e-7], ratios: [0.00011470998402487191, 0.0010877785202027517] })
attempt=34 committed=34 clock=2176 step_seconds=167.387064656 outcome=Committed(Indicators { errors: [3.1676517740454667e-9, 6.327859665046533e-7], ratios: [0.00011531002484731231, 0.0010931911716792063] })
attempt=35 committed=35 clock=2240 step_seconds=175.367182361 outcome=Committed(Indicators { errors: [3.187290806304501e-9, 6.367443969619984e-7], ratios: [0.00011591463094727735, 0.001098627720041901] })
attempt=36 committed=36 clock=2304 step_seconds=172.902859554 outcome=Committed(Indicators { errors: [3.2071187887468302e-9, 6.407380727736979e-7], ratios: [0.00011652389712306298, 0.001104087836651903] })
attempt=37 committed=37 clock=2368 step_seconds=168.186932651 outcome=Committed(Indicators { errors: [3.2271400205174666e-9, 6.447674347440742e-7], ratios: [0.00011713792829559892, 0.0011095711769275943] })
attempt=38 committed=38 clock=2432 step_seconds=174.301998564 outcome=Committed(Indicators { errors: [3.2473591578882135e-9, 6.488329377086894e-7], ratios: [0.00011775684058427215, 0.001115077379795212] })
attempt=39 committed=39 clock=2496 step_seconds=146.071059603 outcome=Committed(Indicators { errors: [3.2677812707881742e-9, 6.529350518302401e-7], ratios: [0.00011838076323763759, 0.0011206060680015333] })
attempt=40 committed=40 clock=2560 step_seconds=147.505143513 outcome=Committed(Indicators { errors: [3.288411893355856e-9, 6.570742644297881e-7], ratios: [0.00011900984033161308, 0.0011261568492155576] })
attempt=41 committed=41 clock=2624 step_seconds=149.705291158 outcome=Committed(Indicators { errors: [3.3092570946380417e-9, 6.612510817889615e-7], ratios: [0.0001196442331803892, 0.0011317293169414615] })
attempt=42 committed=42 clock=2688 step_seconds=148.577322395 outcome=Committed(Indicators { errors: [3.3303235593455085e-9, 6.654660316791266e-7], ratios: [0.00012028412309027783, 0.0011373230525233778] })
attempt=43 committed=43 clock=2752 step_seconds=160.049995865 outcome=Committed(Indicators { errors: [3.351618675183714e-9, 6.697196659949089e-7], ratios: [0.0001209297143271229, 0.0011429376271615147] })
attempt=44 committed=44 clock=2816 step_seconds=162.669060956 outcome=Committed(Indicators { errors: [3.373150643026255e-9, 6.740125639287664e-7], ratios: [0.00012158123788152292, 0.0011485726046677482] })
attempt=45 committed=45 clock=2880 step_seconds=169.731488396 outcome=Committed(Indicators { errors: [3.3949286010174507e-9, 6.783453358221571e-7], ratios: [0.00012223895570369773, 0.0011542275451736827] })
attempt=46 committed=46 clock=2944 step_seconds=163.489432604 outcome=Committed(Indicators { errors: [3.416962773329914e-9, 6.827186278117989e-7], ratios: [0.00012290316578909656, 0.0011599020099636323] })
attempt=47 committed=47 clock=3008 step_seconds=163.925111151 outcome=Committed(Indicators { errors: [3.439264637981581e-9, 6.871331267946589e-7], ratios: [0.0001235742079059416, 0.0011655955665985573] })
attempt=48 committed=48 clock=3072 step_seconds=167.517987437 outcome=Committed(Indicators { errors: [3.461847137152979e-9, 6.915895672411505e-7], ratios: [0.0001242524707990112, 0.0011713077968953588] })
attempt=49 committed=49 clock=3136 step_seconds=167.329266401 outcome=Committed(Indicators { errors: [3.484724913951046e-9, 6.960887382142897e-7], ratios: [0.00012493840028129355, 0.0011770383049340596] })
attempt=50 committed=50 clock=3200 step_seconds=161.323657083 outcome=Committed(Indicators { errors: [3.5079145947464526e-9, 7.006314928034486e-7], ratios: [0.00012563250888858373, 0.001182786728793773] })
attempt=51 committed=51 clock=3264 step_seconds=162.295590366 outcome=Committed(Indicators { errors: [3.531435126952414e-9, 7.052187586322895e-7], ratios: [0.000126335387435232, 0.0011885527536870646] })
attempt=52 committed=52 clock=3328 step_seconds=148.052035091 outcome=Committed(Indicators { errors: [3.5553081753030484e-9, 7.098515508976728e-7], ratios: [0.00012704771856165652, 0.0011943361288964441] })
attempt=53 committed=53 clock=3392 step_seconds=139.371331250 outcome=Committed(Indicators { errors: [3.5795585975457518e-9, 7.145309878989847e-7], ratios: [0.0001277702930001148, 0.0012001366883584437] })
attempt=54 committed=54 clock=3456 step_seconds=148.170988061 outcome=Committed(Indicators { errors: [3.6042150072441093e-9, 7.192583096490029e-7], ratios: [0.00012850402880616184, 0.0012059543758008078] })
attempt=55 committed=55 clock=3520 step_seconds=148.853619261 outcome=Committed(Indicators { errors: [3.6293104455672784e-9, 7.240349010397024e-7], ratios: [0.0001292499943045846, 0.0012117892767898517] })
attempt=56 committed=56 clock=3584 step_seconds=144.414640693 outcome=Committed(Indicators { errors: [3.654883185949407e-9, 7.288623186572072e-7], ratios: [0.0001300094355613165, 0.0012176416560248586] })
attempt=57 committed=57 clock=3648 step_seconds=146.182444956 outcome=Committed(Indicators { errors: [3.6809777006135678e-9, 7.337423248033935e-7], ratios: [0.00013078380936534844, 0.0012235120056767002] })
attempt=58 committed=58 clock=3712 step_seconds=148.886200962 outcome=Committed(Indicators { errors: [3.7076458131516382e-9, 7.386769279534376e-7], ratios: [0.00013157482252124366, 0.0012294011032553543] })
attempt=59 committed=59 clock=3776 step_seconds=143.455043138 outcome=Committed(Indicators { errors: [3.7349480922671625e-9, 7.436684327377763e-7], ratios: [0.00013238447933916478, 0.00123531008390506] })
attempt=60 committed=60 clock=3840 step_seconds=147.086780587 outcome=Committed(Indicators { errors: [3.76295552884512e-9, 7.487195008461657e-7], ratios: [0.0001332151387281152, 0.001241240529129745] })
attempt=61 committed=61 clock=3904 step_seconds=146.643187428 outcome=Committed(Indicators { errors: [3.7917515628939114e-9, 7.538332264320617e-7], ratios: [0.00013406958314187635, 0.0012471945774840457] })
attempt=62 committed=62 clock=3968 step_seconds=145.557412080 outcome=Committed(Indicators { errors: [3.821434525697191e-9, 7.590132284076756e-7], ratios: [0.000134951101556455, 0.0012531750606855805] })
attempt=63 committed=63 clock=4032 step_seconds=145.104113110 outcome=Committed(Indicators { errors: [3.852120614104179e-9, 7.642637650090571e-7], ratios: [0.00013586359044754913, 0.0012591856734173487] })
attempt=64 committed=64 clock=4096 step_seconds=144.275767218 outcome=Committed(Indicators { errors: [3.883947492449026e-9, 7.695898760200761e-7], ratios: [0.00013681167593272128, 0.0012652311848993516] })
forensic tag=accepted path=forensics/accepted-n96-m192-cm64-clock4096.coeff.bin bytes=21676032 sha256=[a3, 4e, 1e, a9, c9, dd, 47, 5b, aa, ae, fc, ee, a3, cb, 15, 6a, 5f, 9d, c8, 1c, e9, 7b, 7a, 98, c3, d8, 8e, c5, 49, fe, 22, e2]
terminal=completed endpoint=4096 attempts=64 committed=64 wall_seconds=11303.784279572 observer=BalanceObserverWork { samples: 64, work_units: 3623978588, scalar_transforms: 768 }
