preflight source=1b89176f63737bbeb3ed65c7e3c7fe6dbeef8f02 cap=34359738368 run_reservation=9508687464 snapshot_bytes=51118080 io_allowance=4096 combined=9559809640 args=Arguments { grid: 128, force_grid: 192, step: 64, endpoint: 4096, method: CoxMatthews, workers: 32, deadline_seconds: 21600, advective_limit: 0.45 } settings=Settings { domain: Domain { layout: Layout { dimensions: [128, 128, 128], real_len: 2097152, half_len: 1064960 }, lengths: [1.0, 1.0, 1.0], viscosity: 1.0 }, force: ForceSettings { samples: Layout { dimensions: [192, 192, 192], real_len: 7077888, half_len: 3575808 }, workers: 32 }, initial_clock: TickClock { exponent: -20, target: 8192, elapsed: 0, remaining: 8192 }, configuration: Configuration { limits: RunLimits { endpoint: 4096, step_ticks: 64, maximum_attempts: 64 }, method: CoxMatthews, tolerances: Tolerances { absolute: [1e-5, 0.0001], relative: [1e-5, 1e-5] } }, advective_limit: 0.45 } mode=AttemptCached integration_limits=[768, 703674191616, 9984] observer_limits=BalanceObserverLimits { storage_bytes: 6264687056, samples: 64, work_units: 467480346624, scalar_transforms: 768 }
attempt=1 committed=1 clock=64 step_seconds=181.237727777 outcome=Committed(Indicators { errors: [1.5877938171790105e-13, 4.324679143954187e-12], ratios: [1.587793817178758e-8, 4.324679143952289e-8] })
attempt=2 committed=2 clock=128 step_seconds=186.890197305 outcome=Committed(Indicators { errors: [1.948887708351517e-7, 5.625047437469665e-6], ratios: [0.019488866043571074, 0.05625038633279366] })
attempt=3 committed=3 clock=192 step_seconds=186.044749797 outcome=Committed(Indicators { errors: [1.2641827667274519e-6, 6.50205854613873e-5], ratios: [0.12640337792211107, 0.6499951822788544] })
attempt=4 committed=4 clock=256 step_seconds=186.421516180 outcome=Committed(Indicators { errors: [9.227948728419611e-7, 9.676905865539371e-5], ratios: [0.09211703037775358, 0.9630231129547554] })
attempt=5 committed=5 clock=320 step_seconds=186.195765509 outcome=Committed(Indicators { errors: [1.0619443722268102e-6, 8.409360878067088e-5], ratios: [0.10523846715537229, 0.8204585639144986] })
attempt=6 committed=6 clock=384 step_seconds=186.442453431 outcome=Committed(Indicators { errors: [4.802749457308778e-7, 4.316939275591465e-5], ratios: [0.046748562445624836, 0.4015179473052312] })
attempt=7 committed=7 clock=448 step_seconds=186.615914209 outcome=Committed(Indicators { errors: [2.2805535147716237e-7, 1.8245088276113174e-5], ratios: [0.021506240379828227, 0.15648388930165816] })
attempt=8 committed=8 clock=512 step_seconds=186.295907319 outcome=Committed(Indicators { errors: [3.33494015976689e-7, 3.513164947865159e-5], ratios: [0.03005608965965585, 0.2700534110902113] })
attempt=9 committed=9 clock=576 step_seconds=187.073331946 outcome=Committed(Indicators { errors: [3.5346520788638544e-7, 4.57605568609302e-5], ratios: [0.03010929384190499, 0.3096913906513836] })
attempt=10 committed=10 clock=640 step_seconds=186.937906021 outcome=Committed(Indicators { errors: [3.0195105815070347e-7, 4.594753951930135e-5], ratios: [0.024131351691540695, 0.27189696928236035] })
attempt=11 committed=11 clock=704 step_seconds=186.914982621 outcome=Committed(Indicators { errors: [2.309847772386396e-7, 4.002181439234952e-5], ratios: [0.017252469146409058, 0.20734742003303674] })
attempt=12 committed=12 clock=768 step_seconds=186.056284623 outcome=Committed(Indicators { errors: [1.6896091072861352e-7, 3.199040364907236e-5], ratios: [0.011782560773135184, 0.1459950756205164] })
attempt=13 committed=13 clock=832 step_seconds=186.456651070 outcome=Committed(Indicators { errors: [1.2572084808150902e-7, 2.457345950438455e-5], ratios: [0.00819326816980212, 0.0996199247420051] })
attempt=14 committed=14 clock=896 step_seconds=187.196971599 outcome=Committed(Indicators { errors: [1.0245973674211501e-7, 1.9334591299058838e-5], ratios: [0.006253573483310794, 0.07025985456444254] })
attempt=15 committed=15 clock=960 step_seconds=186.742656503 outcome=Committed(Indicators { errors: [9.671495682304001e-8, 1.6894569172209212e-5], ratios: [0.005543732679211755, 0.05552029756479548] })
attempt=16 committed=16 clock=1024 step_seconds=186.844940036 outcome=Committed(Indicators { errors: [1.0452875868180161e-7, 1.7050761643376675e-5], ratios: [0.005644406357796928, 0.05109371656517213] })
attempt=17 committed=17 clock=1088 step_seconds=186.673970540 outcome=Committed(Indicators { errors: [1.2322710346309785e-7, 1.9343073941875268e-5], ratios: [0.006288685752596408, 0.05325598905995715] })
attempt=18 committed=18 clock=1152 step_seconds=186.076762472 outcome=Committed(Indicators { errors: [1.5173813462185203e-7, 2.3640558242343347e-5], ratios: [0.007342675229859214, 0.06022484064558023] })
attempt=19 committed=19 clock=1216 step_seconds=186.990918661 outcome=Committed(Indicators { errors: [1.8810255636677866e-7, 2.9911854082476277e-5], ratios: [0.008660687148619176, 0.0709793028317241] })
attempt=20 committed=20 clock=1280 step_seconds=187.257944420 outcome=Committed(Indicators { errors: [2.2733377162736645e-7, 3.7625727775766646e-5], ratios: [0.00999577737700005, 0.08371164488839382] })
attempt=21 committed=21 clock=1344 step_seconds=186.423012018 outcome=Committed(Indicators { errors: [2.617865284966931e-7, 4.526821933635463e-5], ratios: [0.011037221247808055, 0.09506278327780533] })
attempt=22 committed=22 clock=1408 step_seconds=186.609450660 outcome=Committed(Indicators { errors: [2.868485485223244e-7, 5.004445014435821e-5], ratios: [0.011649924216379559, 0.09989907046973898] })
attempt=23 committed=23 clock=1472 step_seconds=186.466488683 outcome=Committed(Indicators { errors: [3.1441827462518863e-7, 4.807736829404083e-5], ratios: [0.012365603424967935, 0.09192910468497191] })
attempt=24 committed=24 clock=1536 step_seconds=188.365152580 outcome=Committed(Indicators { errors: [3.7495292471311473e-7, 3.6543708594727544e-5], ratios: [0.014364261508206851, 0.06748569255511074] })
attempt=25 committed=25 clock=1600 step_seconds=186.610554364 outcome=Committed(Indicators { errors: [4.6567868976438935e-7, 2.7376449883252332e-5], ratios: [0.017488687014825498, 0.049251086569216215] })
attempt=26 committed=26 clock=1664 step_seconds=185.957677402 outcome=Committed(Indicators { errors: [5.201871222839238e-7, 5.4458091474227965e-5], ratios: [0.019273873669810256, 0.09625723758350813] })
attempt=27 committed=27 clock=1728 step_seconds=186.163441591 outcome=Committed(Indicators { errors: [5.884061890251075e-7, 8.870548445587335e-5], ratios: [0.02163187725135508, 0.155203391455076] })
attempt=28 committed=28 clock=1792 step_seconds=185.606474953 outcome=Committed(Indicators { errors: [1.0677925009105056e-6, 9.336212990756203e-5], ratios: [0.03911227494015542, 0.1625755670992614] })
attempt=29 committed=29 clock=1856 step_seconds=185.569234161 outcome=Committed(Indicators { errors: [1.0858479871951038e-6, 5.4844099024343106e-5], ratios: [0.039712943978318045, 0.09531369934701261] })
attempt=30 committed=30 clock=1920 step_seconds=186.148182771 outcome=Committed(Indicators { errors: [9.279717862243366e-7, 2.064580814988264e-5], ratios: [0.03390644512477337, 0.035835851675228694] })
attempt=31 committed=31 clock=1984 step_seconds=186.104793860 outcome=Committed(Indicators { errors: [1.8889271004768436e-7, 4.4481948328962844e-6], ratios: [0.0068954571780000555, 0.007711655043286072] })
attempt=32 committed=32 clock=2048 step_seconds=171.518867867 outcome=Committed(Indicators { errors: [3.1336498677538037e-9, 6.275527022155868e-7], ratios: [0.00011428665459708366, 0.00108663685695825] })
attempt=33 committed=33 clock=2112 step_seconds=166.571255322 outcome=Committed(Indicators { errors: [3.152940159934259e-9, 6.314515384651125e-7], ratios: [0.00011488269310653411, 0.0010920357461945678] })
attempt=34 committed=34 clock=2176 step_seconds=170.084079491 outcome=Committed(Indicators { errors: [3.1724105354971895e-9, 6.353847309349032e-7], ratios: [0.00011548316470139174, 0.0010974586542513987] })
attempt=35 committed=35 clock=2240 step_seconds=168.521506685 outcome=Committed(Indicators { errors: [3.192065771643197e-9, 6.39352683363275e-7], ratios: [0.000116088195035003, 0.001102905246667724] })
attempt=36 committed=36 clock=2304 step_seconds=168.514987582 outcome=Committed(Indicators { errors: [3.2119098370160146e-9, 6.433558207028998e-7], ratios: [0.00011669787866417919, 0.0011083751883912841] })
attempt=37 committed=37 clock=2368 step_seconds=166.584372885 outcome=Committed(Indicators { errors: [3.231947023189153e-9, 6.47394581533103e-7], ratios: [0.00011731232021159773, 0.0011138681289340124] })
attempt=38 committed=38 clock=2432 step_seconds=168.609142517 outcome=Committed(Indicators { errors: [3.252181982024537e-9, 6.51469418626673e-7], ratios: [0.0001179316356133027, 0.0011193837015408] })
attempt=39 committed=39 clock=2496 step_seconds=167.580749869 outcome=Committed(Indicators { errors: [3.272619774546715e-9, 6.555808000330547e-7], ratios: [0.00011855595377153483, 0.0011249215231310874] })
attempt=40 committed=40 clock=2560 step_seconds=167.728970885 outcome=Committed(Indicators { errors: [3.2932659286502005e-9, 6.597292108410237e-7], ratios: [0.00011918541851257811, 0.001130481195280366] })
attempt=41 committed=41 clock=2624 step_seconds=168.127215869 outcome=Committed(Indicators { errors: [3.314126507643299e-9, 6.639151551423191e-7], ratios: [0.00011982019091935842, 0.001136062305408999] })
attempt=42 committed=42 clock=2688 step_seconds=166.982328439 outcome=Committed(Indicators { errors: [3.335208186731512e-9, 6.681391583688553e-7], ratios: [0.00012046045193074414, 0.0011416644284536414] })
attempt=43 committed=43 clock=2752 step_seconds=164.388553380 outcome=Committed(Indicators { errors: [3.3565183418554897e-9, 6.724017700088791e-7], ratios: [0.00012110640536417543, 0.0011472871290220598] })
attempt=44 committed=44 clock=2816 step_seconds=167.170485388 outcome=Committed(Indicators { errors: [3.3780651653733107e-9, 6.76703566789531e-7], ratios: [0.00012175828187973514, 0.001152929964159935] })
attempt=45 committed=45 clock=2880 step_seconds=166.648162365 outcome=Committed(Indicators { errors: [3.399857782412994e-9, 6.810451564901449e-7], ratios: [0.00012241634293532933, 0.0011585924869891222] })
attempt=46 committed=46 clock=2944 step_seconds=169.656354594 outcome=Committed(Indicators { errors: [3.421906404873217e-9, 6.854271825455958e-7], ratios: [0.0001230808860618496, 0.0011642742514651686] })
attempt=47 committed=47 clock=3008 step_seconds=167.476592880 outcome=Committed(Indicators { errors: [3.4442224951474912e-9, 6.898503290705961e-7], ratios: [0.0001237522504433806, 0.001169974817598162] })
attempt=48 committed=48 clock=3072 step_seconds=169.561850812 outcome=Committed(Indicators { errors: [3.4668189801504115e-9, 6.943153275852785e-7], ratios: [0.00012443082425477023, 0.0011756937592776583] })
attempt=49 committed=49 clock=3136 step_seconds=167.590456942 outcome=Committed(Indicators { errors: [3.489710483724642e-9, 6.988229640083333e-7], ratios: [0.00012511705259709224, 0.0011814306722327187] })
attempt=50 committed=50 clock=3200 step_seconds=166.107718427 outcome=Committed(Indicators { errors: [3.5129136105143225e-9, 7.033740881234716e-7], ratios: [0.0001258114472078927, 0.001187185185817869] })
attempt=51 committed=51 clock=3264 step_seconds=166.365822633 outcome=Committed(Indicators { errors: [3.5364472829817566e-9, 7.079696240061152e-7], ratios: [0.0001265145979902677, 0.0011929569760052953] })
attempt=52 committed=52 clock=3328 step_seconds=166.119683579 outcome=Committed(Indicators { errors: [3.5603331411067645e-9, 7.126105829855045e-7], ratios: [0.0001272271866832501, 0.0011987457821862845] })
attempt=53 committed=53 clock=3392 step_seconds=166.218669848 outcome=Committed(Indicators { errors: [3.5845960115498155e-9, 7.172980791958457e-7], ratios: [0.00012795000289452747, 0.0012045514277874713] })
attempt=54 committed=54 clock=3456 step_seconds=168.174943079 outcome=Committed(Indicators { errors: [3.6092644705880893e-9, 7.220333481018353e-7], ratios: [0.00012868396333789647, 0.0012103738452583289] })
attempt=55 committed=55 clock=3520 step_seconds=167.452268630 outcome=Committed(Indicators { errors: [3.6343715183068898e-9, 7.268177695229653e-7], ratios: [0.00012943013486613168, 0.0012162131078741183] })
attempt=56 committed=56 clock=3584 step_seconds=165.269521268 outcome=Committed(Indicators { errors: [3.659955381992987e-9, 7.31652894447675e-7], ratios: [0.0001301897618987157, 0.0012220694670260818] })
attempt=57 committed=57 clock=3648 step_seconds=165.623276580 outcome=Committed(Indicators { errors: [3.686060477803481e-9, 7.365404788922951e-7], ratios: [0.00013096429923227846, 0.0012279434002794903] })
attempt=58 committed=58 clock=3712 step_seconds=165.750572696 outcome=Committed(Indicators { errors: [3.7127385662463906e-9, 7.414825242472768e-7], ratios: [0.00013175545143836602, 0.0012338356690483623] })
attempt=59 committed=59 clock=3776 step_seconds=165.058200264 outcome=Committed(Indicators { errors: [3.740050144976291e-9, 7.464813270259227e-7], ratios: [0.00013256522032152103, 0.0012397473904989284] })
attempt=60 committed=60 clock=3840 step_seconds=165.212585145 outcome=Committed(Indicators { errors: [3.768066117006686e-9, 7.515395397036215e-7], ratios: [0.00013339596170075356, 0.0012456801261606736] })
attempt=61 committed=61 clock=3904 step_seconds=165.658738718 outcome=Committed(Indicators { errors: [3.7968698236071315e-9, 7.566602456902766e-7], ratios: [0.00013425045457002348, 0.0012516359918925029] })
attempt=62 committed=62 clock=3968 step_seconds=166.329941571 outcome=Committed(Indicators { errors: [3.82655947950764e-9, 7.618470515178878e-7], ratios: [0.00013513198383291073, 0.0012576177938167655] })
attempt=63 committed=63 clock=4032 step_seconds=166.213752083 outcome=Committed(Indicators { errors: [3.857251147677555e-9, 7.671042008919197e-7], ratios: [0.00013604444130170803, 0.0012636291972645982] })
attempt=64 committed=64 clock=4096 step_seconds=164.959392103 outcome=Committed(Indicators { errors: [3.889082331600378e-9, 7.724367164666019e-7], ratios: [0.00013699244750414432, 0.0012696749376084053] })
forensic tag=accepted path=forensics/accepted-n128-m192-cm64-clock4096.coeff.bin bytes=51118080 sha256=[d2, d2, 28, 99, 56, c3, 98, df, 32, 8b, 59, 9f, 8e, d0, e2, e6, f8, ab, 38, bb, b3, 08, 6b, bd, 8f, b7, af, c5, e8, df, 87, fd]
terminal=completed endpoint=4096 attempts=64 committed=64 wall_seconds=11291.426994877 observer=BalanceObserverWork { samples: 64, work_units: 3623978588, scalar_transforms: 768 }
