   Compiling version_check v0.9.5
   Compiling typenum v1.20.1
   Compiling autocfg v1.5.1
   Compiling cfg-if v1.0.4
   Compiling cpufeatures v0.2.17
   Compiling stats_alloc v0.1.10
   Compiling generic-array v0.14.7
   Compiling num-traits v0.2.19
   Compiling num-complex v0.4.6
   Compiling crypto-common v0.1.7
   Compiling block-buffer v0.10.4
   Compiling digest v0.10.7
   Compiling sha2 v0.10.9
   Compiling nsbu-solver v0.1.0-alpha.0 (/mnt/niva-array/nsbu-solver/work/p09-arithmetic-clean-source/crates/nsbu-solver)
   Compiling nsbu-benchmarks v0.1.0-alpha.0 (/mnt/niva-array/nsbu-solver/work/p09-arithmetic-clean-source/crates/nsbu-benchmarks)
warning: function `method` is never used
  --> crates/nsbu-benchmarks/examples/arithmetic_support/mod.rs:42:8
   |
42 | pub fn method(value: Option<String>) -> Result<Method, SolverError> {
   |        ^^^^^^
   |
   = note: `#[warn(dead_code)]` (part of `#[warn(unused)]`) on by default

warning: `nsbu-benchmarks` (example "smooth_force_coefficients") generated 1 warning
    Finished `release` profile [optimized] target(s) in 4.36s
