──────────────────────────────── 🐙 complexipy ─────────────────────────────────
quality/check_crap.py
    python_row 0  ✅  PASSED  
    read 0  ✅  PASSED  
    result 0  ✅  PASSED  
    obj 1  ✅  PASSED  
    seq 1  ✅  PASSED  
    python_coverage 2  ✅  PASSED  
    score 2  ✅  PASSED  
    fraction 3  ✅  PASSED  
    number 3  ✅  PASSED  
    python_report 3  ✅  PASSED  
    rust_functions 3  ✅  PASSED  
    main 4  ✅  PASSED  
    python_branch_outcomes 6  ✅  PASSED  
    python_functions 6  ✅  PASSED  
    rust_coverage 12  ✅  PASSED  
    rust_report 12  ✅  PASSED  

quality/tests/test_check_crap.py
    CrapCliTests::run_cli 0  ✅  PASSED  
    CrapCliTests::test_cli_rejects_an_invalid_language_before_writing 0  ✅  PASSED  
    CrapCliTests::test_cli_rejects_empty_and_malformed_evidence 0  ✅  PASSED  
    CrapCliTests::test_python_cli_writes_a_passing_report 0  ✅  PASSED  
    CrapCliTests::test_rust_cli_writes_report_before_failing_crap_gate 0  ✅  PASSED  
    CrapMeasurementTests::test_primitives_reject_invalid_measurements 0  ✅  PASSED  
    CrapMeasurementTests::test_rust_coverage_merges_branch_coordinates_and_uses_segments 0  ✅  PASSED  
    CrapMeasurementTests::test_rust_report_matches_one_source_file 0  ✅  PASSED  
    json_value 0  ✅  PASSED  
    parse 0  ✅  PASSED  
    CrapMeasurementTests::test_python_report_uses_branch_origins_and_body_execution 1  ✅  PASSED  

reference/dft.py
    cross 0  ✅  PASSED  
    grid 1  ✅  PASSED  
    nonlinear 2  ✅  PASSED  
    preflight 2  ✅  PASSED  
    retained 2  ✅  PASSED  
    project 3  ✅  PASSED  
    curl 5  ✅  PASSED  
    inverse_vector 7  ✅  PASSED  
    forward_vector 8  ✅  PASSED  
    transform 13  ✅  PASSED  
    convolution 14  ✅  PASSED  

reference/evaluator.py
    field_jets 0  ✅  PASSED  
    implicit_root 1  ✅  PASSED  
    smooth_step 3  ✅  PASSED  
    evaluate 9  ✅  PASSED  

reference/jets.py
    Jet::__rsub__ 0  ✅  PASSED  
    Jet::__rtruediv__ 0  ✅  PASSED  
    Jet::__sub__ 0  ✅  PASSED  
    Jet::__truediv__ 0  ✅  PASSED  
    Jet::constant 0  ✅  PASSED  
    Jet::value 0  ✅  PASSED  
    Jet::__add__ 1  ✅  PASSED  
    Jet::__neg__ 1  ✅  PASSED  
    Jet::exp 1  ✅  PASSED  
    Jet::partial 1  ✅  PASSED  
    Jet::__post_init__ 2  ✅  PASSED  
    Jet::_coerce 2  ✅  PASSED  
    Jet::__pow__ 3  ✅  PASSED  
    Jet::variable 3  ✅  PASSED  
    indices 3  ✅  PASSED  
    Jet::derivative 4  ✅  PASSED  
    Jet::__mul__ 12  ✅  PASSED  

reference/pilot.py
    reservation 3  ✅  PASSED  
    report 5  ✅  PASSED  
    tracking 5  ✅  PASSED  
    pilot 7  ✅  PASSED  

reference/pilot_force.py
    PilotForce::stage_tick 4  ✅  PASSED  
    PilotForce::__call__ 9  ✅  PASSED  

reference/regions.py
    radial_limit 0  ✅  PASSED  
    coverage 6  ✅  PASSED  
    integral 6  ✅  PASSED  

reference/scalar.py
    rational 0  ✅  PASSED  
    fields 2  ✅  PASSED  
    step_derivative 2  ✅  PASSED  
    step 3  ✅  PASSED  
    root 12  ✅  PASSED  

reference/steps.py
    cm_weights 2  ✅  PASSED  
    coefficient_guard_digits 2  ✅  PASSED  
    ho_tableau_values 2  ✅  PASSED  
    combine 3  ✅  PASSED  
    ho_tableau 4  ✅  PASSED  
    ho_phi 8  ✅  PASSED  
    cm_step 11  ✅  PASSED  
    ho_step 14  ✅  PASSED  

reference/tests/test_bounded_reference_work.py
    BoundedReferenceWorkTests::test_coefficient_context_budget 0  ✅  PASSED  
    BoundedReferenceWorkTests::test_region_refinement_doubles_the_requested_work 0  ✅  PASSED  
    BoundedReferenceWorkTests::test_constant_jet_has_zero_derivative 1  ✅  PASSED  

reference/tests/test_coefficient_work_limits.py
    CoefficientWorkTests::test_default_series_capacity_boundary 0  ✅  PASSED  
    CoefficientWorkTests::test_exact_residual_and_series_acceptance_boundaries 0  ✅  PASSED  
    CoefficientWorkTests::test_axis_root_is_exact_without_iterations 1  ✅  PASSED  
    CoefficientWorkTests::test_guard_digit_provisioning_and_extreme_endpoint 1  ✅  PASSED  
    CoefficientWorkTests::test_recurrence_does_not_consume_a_taylor_budget 1  ✅  PASSED  
    CoefficientWorkTests::test_root_reports_actual_work_and_honors_default_cap 1  ✅  PASSED  
    CoefficientWorkTests::test_root_work_cap_at_residual_acceptance_boundary 1  ✅  PASSED  
    CoefficientWorkTests::test_taylor_work_cap_requires_relative_term_accuracy 1  ✅  PASSED  
    CoefficientWorkTests::test_ho_scaled_extreme_negative_coefficients 4  ✅  PASSED  

reference/tests/test_coupled_limits.py
    CoupledLimitTests::test_remaining_time_scaled_residual_and_nonfinite_input 1  ✅  PASSED  
    CoupledLimitTests::test_three_dimensional_collar_during_startup 3  ✅  PASSED  
    CoupledLimitTests::test_cutoff_derivatives_close_to_both_flat_regions 5  ✅  PASSED  
    CoupledLimitTests::test_nonautonomous_stages_with_nonzero_diffusion 7  ✅  PASSED  

reference/tests/test_cutoff_work.py
    CutoffWorkTests::test_exponential_arguments_are_nonpositive 1  ✅  PASSED  

reference/tests/test_dft_steps.py
    DftTests::setUp 0  ✅  PASSED  
    DftTests::test_gradient_projection_mean_and_curl 0  ✅  PASSED  
    DftTests::test_preflight_refusals 0  ✅  PASSED  
    DftTests::test_alias_negative_control 2  ✅  PASSED  
    DftTests::test_direct_transform_mode_and_roundtrip 2  ✅  PASSED  
    DftTests::test_actual_stage_times_and_constant_source 3  ✅  PASSED  
    DftTests::test_nonzero_ho_rows 3  ✅  PASSED  
    DftTests::test_modal_diffusion 4  ✅  PASSED  
    DftTests::test_product_matches_convolution_and_energy 4  ✅  PASSED  
    smooth_state 4  ✅  PASSED  

reference/tests/test_driver_imports.py
    DriverImportTests::test_report_imports_do_not_perform_numerical_work 1  ✅  PASSED  

reference/tests/test_field_contracts.py
    FieldContractTests::test_precision_comparison_scaling_and_exact_boundary 0  ✅  PASSED  
    force_value 0  ✅  PASSED  
    FieldContractTests::test_scaled_oracle_error_and_threshold 1  ✅  PASSED  
    FieldContractTests::test_both_precisions_and_distinct_samples_are_compared 5  ✅  PASSED  
    FieldContractTests::test_derivative_requests_have_four_coordinates_and_one_sided_startup 11  ✅  PASSED  

reference/tests/test_immutable_reports.py
    ImmutableReportTests::test_unresolvable_coordinate_exhausts_with_typed_failure 0  ✅  PASSED  
    ImmutableReportTests::test_actual_scalar_force_uses_valid_startup_time_domain 1  ✅  PASSED  
    ImmutableReportTests::test_result_objects_reject_field_assignment 1  ✅  PASSED  

reference/tests/test_jet_algebra.py
    CompleteJetDomainTests::test_integer_substitutability 0  ✅  PASSED  
    JetAlgebraTests::setUp 0  ✅  PASSED  
    JetAlgebraTests::test_reference_work_refusals 0  ✅  PASSED  
    JetAlgebraTests::test_mixed_polynomial_factorials 1  ✅  PASSED  
    CompleteJetDomainTests::test_strict_shapes_nonfinite_values_and_freezing 2  ✅  PASSED  
    JetAlgebraTests::test_shape_and_dimension_refusals 2  ✅  PASSED  
    JetAlgebraTests::test_exp_power_and_reciprocal_derivatives 5  ✅  PASSED  
    CompleteJetDomainTests::test_every_supported_degree 7  ✅  PASSED  
    JetAlgebraTests::test_force_gradient_independent_difference 7  ✅  PASSED  

reference/tests/test_newton_safeguards.py
    NewtonSafeguardTests::test_fixed_coordinate_work_fixtures 1  ✅  PASSED  
    NewtonSafeguardTests::test_reviewed_three_sweep_implicit_jet_budget 2  ✅  PASSED  
    NewtonSafeguardTests::test_out_of_bracket_and_stagnating_proposals_use_bisection 3  ✅  PASSED  

reference/tests/test_numerical_contracts.py
    NumericalContracts::test_derivative_sensitive_error_norm 0  ✅  PASSED  
    NumericalContracts::test_noncentral_region_geometry_and_touching_empty 0  ✅  PASSED  
    NumericalContracts::test_resource_ledger_exact_caps 1  ✅  PASSED  
    NumericalContracts::test_root_exact_work_boundary_and_flat_derivative 1  ✅  PASSED  
    NumericalContracts::test_high_mode_diffusion 6  ✅  PASSED  
    NumericalContracts::assert_spectrum_fixture 7  ✅  PASSED  
    NumericalContracts::test_actual_step_fixture_discrepancy_and_mean 13  ✅  PASSED  
    NumericalContracts::test_full_profile_and_source_at_nonzero_time 13  ✅  PASSED  

reference/tests/test_pilot.py
    PilotTests::test_module_entry_point_emits_diagnostic_json 0  ✅  PASSED  
    PilotTests::test_nonfinite_candidate_does_not_commit_time_or_coefficients 0  ✅  PASSED  
    PilotTests::test_rhs_and_reference_failures_preserve_diagnostic_evidence 0  ✅  PASSED  
    PilotTests::test_fixed_clock_schedule_and_reference_only_after_evolution 1  ✅  PASSED  
    PilotTests::test_resource_and_method_admission_before_numerical_work 1  ✅  PASSED  
    PilotTests::test_tracking_signed_grid_and_noninteger_error 7  ✅  PASSED  
    PilotTests::exercise 17  ✅  PASSED  

reference/tests/test_pilot_force.py
    PilotForceTests::test_advective_and_cache_limits_precede_new_force_work 0  ✅  PASSED  
    PilotForceTests::test_exact_advective_boundary_is_accepted 0  ✅  PASSED  
    PilotForceTests::test_nonmonotone_requests_reuse_only_the_pure_force 0  ✅  PASSED  
    PilotForceTests::test_overfull_cache_refuses_before_sampling 0  ✅  PASSED  
    PilotForceTests::test_stage_and_work_limits_are_refused 2  ✅  PASSED  
    PilotForceTests::test_conversion_failure_is_not_repaired_by_subtracting_rounded_time 3  ✅  PASSED  
    PilotForceTests::test_guard_uses_padded_grid_and_sum_of_absolute_components 7  ✅  PASSED  

reference/tests/test_pilot_imports.py
    PilotImportTests::test_import_is_inert 0  ✅  PASSED  

reference/tests/test_pilot_work.py
    BoundedDivisor::__rpow__ 0  ✅  PASSED  
    PilotWorkTests::test_class_reservations_are_added_without_exponential_work 0  ✅  PASSED  
    PilotWorkTests::test_divisor_is_a_bounded_scale_not_an_exponent 0  ✅  PASSED  

reference/tests/test_preserved_reference_fixtures.py
    PreservedFixtureTests::test_field_coordinates_and_values_against_verified_artifact 17  ✅  PASSED  

reference/tests/test_reference.py
    ReferenceTests::setUp 0  ✅  PASSED  
    ReferenceTests::test_nonfinite_space_refused 1  ✅  PASSED  
    ReferenceTests::test_root_refusals 1  ✅  PASSED  
    ReferenceTests::test_implicit_derivatives_against_scalar_differentiation 2  ✅  PASSED  
    ReferenceTests::test_scalar_difference_refinement 2  ✅  PASSED  
    ReferenceTests::test_admissible_root_and_residual 3  ✅  PASSED  
    ReferenceTests::test_axis_closed_form_and_startup 3  ✅  PASSED  
    ReferenceTests::test_cutoff_derivatives_and_flats 3  ✅  PASSED  
    ReferenceTests::test_scalar_field_agreement_and_divergence 7  ✅  PASSED  

reference/tests/test_regions.py
    RegionTests::test_empty_region_geometry 0  ✅  PASSED  
    RegionTests::test_declared_quadrature_nodes_and_refinement_order 1  ✅  PASSED  
    RegionTests::test_empty_boundary_and_reversed_region 1  ✅  PASSED  
    RegionTests::test_first_endpoint_complete_and_initial_partial_annulus 1  ✅  PASSED  
    RegionTests::test_invalid_inputs 2  ✅  PASSED  

reference/tests/test_report_execution.py
    ReportExecutionTests::test_comparison_precision_and_nonzero_equal_states 0  ✅  PASSED  

reference/tests/test_report_values.py
    ReportValueTests::test_field_decimal_precision_and_conditioning 0  ✅  PASSED  
    ReportValueTests::test_full_step_report_preserves_complex_values 0  ✅  PASSED  
    ReportValueTests::test_nonzero_arithmetic_differences 1  ✅  PASSED  

reference/tests/test_reports.py
    ReportTests::assert_report 0  ✅  PASSED  
    ReportTests::setUp 0  ✅  PASSED  
    ReportTests::test_field_failure_attribution 0  ✅  PASSED  
    ReportTests::test_field_report_and_entry_point 0  ✅  PASSED  
    ReportTests::test_step_failure_attribution 0  ✅  PASSED  
    ReportTests::test_step_report_and_entry_point 0  ✅  PASSED  
    fixed_step 0  ✅  PASSED  
    zero_evaluation 0  ✅  PASSED  
    zero_fields 0  ✅  PASSED  
    ReportTests::test_actual_force_and_rhs 1  ✅  PASSED  

reference/tests/test_sampling.py
    SamplingTests::test_entry_point 0  ✅  PASSED  
    SamplingTests::test_full_fine_band_high_mode 0  ✅  PASSED  
    fixed_sampling 0  ✅  PASSED  
    smooth_force 0  ✅  PASSED  
    SamplingTests::test_exact_rest_force_has_zero_conditioning 2  ✅  PASSED  
    SamplingTests::test_orchestration_and_arithmetic_refusal 3  ✅  PASSED  
    SamplingTests::test_normalization_and_origin 4  ✅  PASSED  

reference/tests/test_sampling_contracts.py
    SamplingContractTests::test_noninteger_full_band_norm_rendering 0  ✅  PASSED  
    SamplingContractTests::test_signed_coordinates_and_nonunit_conditioning 1  ✅  PASSED  
    SamplingContractTests::test_distinct_grid_comparisons_and_declared_profiles 3  ✅  PASSED  

reference/tests/test_spectral_interactions.py
    SpectralInteractionTests::test_overlong_transform_payload_is_refused 0  ✅  PASSED  
    SpectralInteractionTests::test_largest_padded_transform_grid 1  ✅  PASSED  
    SpectralInteractionTests::test_overlapping_wavevector_convolution 7  ✅  PASSED  
    SpectralInteractionTests::test_actual_quadratic_padding_removes_retained_alias 8  ✅  PASSED  

reference/tests/test_temporal_contracts.py
    TemporalContracts::setUp 0  ✅  PASSED  
    TemporalContracts::test_extreme_weight_conditioning 1  ✅  PASSED  
    TemporalContracts::test_coefficient_refusals 2  ✅  PASSED  
    TemporalContracts::test_zero_operator_stability_polynomial 4  ✅  PASSED  
    TemporalContracts::test_nonautonomous_uniform_ode_order 8  ✅  PASSED  

reference/tests/test_trajectory.py
    TrajectoryTests::test_entry_point_rejects_unconverged_double 0  ✅  PASSED  
    TrajectoryTests::test_from_rest_and_invalid_divisors 1  ✅  PASSED  
    manufactured_result 3  ✅  PASSED  
    TrajectoryTests::test_report_and_failures 5  ✅  PASSED  
    euler_probe 6  ✅  PASSED  
    TrajectoryTests::test_profile_and_exact_error 10  ✅  PASSED  

reference/tests/test_trajectory_contracts.py
    TrajectoryContractTests::test_complete_tick_schedule_and_viscosity 1  ✅  PASSED  
    TrajectoryContractTests::test_only_final_h1_refinement_controls_order_gate 4  ✅  PASSED  

reference/tests/test_trajectory_reporting.py
    TrajectoryReportingTests::test_exact_arithmetic_boundary_is_refused 0  ✅  PASSED  
    TrajectoryReportingTests::test_noninteger_orders_and_nonzero_precision_changes 1  ✅  PASSED  
    TrajectoryReportingTests::run_policy 2  ✅  PASSED  

reference/tuples.py
    quadruple 0  ✅  PASSED  
    triple 0  ✅  PASSED  

reference/verify_fields.py
    compare 1  ✅  PASSED  
    sample 2  ✅  PASSED  
    run 6  ✅  PASSED  
    sample_report 7  ✅  PASSED  
    scalar_force 13  ✅  PASSED  

reference/verify_sampling.py
    difference 6  ✅  PASSED  
    run 7  ✅  PASSED  
    sample_force 9  ✅  PASSED  

reference/verify_steps.py
    study_report 0  ✅  PASSED  
    encode 3  ✅  PASSED  
    right_hand_side 3  ✅  PASSED  
    run 3  ✅  PASSED  
    force 4  ✅  PASSED  
    study 6  ✅  PASSED  
    compare 7  ✅  PASSED  

reference/verify_trajectory.py
    prescribed_force 3  ✅  PASSED  
    errors 4  ✅  PASSED  
    spatial_profile 4  ✅  PASSED  
    trajectory 7  ✅  PASSED  
    run 15  ✅  PASSED  

tools/check_repository.py
    sha256 0  ✅  PASSED  
    main 1  ✅  PASSED  
    check_case 5  ✅  PASSED  
    check_metadata 6  ✅  PASSED  
    check_repository 6  ✅  PASSED  
    check_links 11  ✅  PASSED  
    unfenced_lines 11  ✅  PASSED  
    check_public_content 12  ✅  PASSED  
    public_files 12  ✅  PASSED  
    check_review 13  ✅  PASSED  

tools/json_types.py
    decode 0  ✅  PASSED  
    object_value 1  ✅  PASSED  
    string_value 1  ✅  PASSED  
    array_value 2  ✅  PASSED  

tools/tests/support.py
    CheckoutTestCase::setUp 0  ✅  PASSED  

tools/tests/test_bootstrap_tools.py
    BootstrapTests::assert_check_fails 0  ✅  PASSED  
    BootstrapTests::test_changed_baseline_bytes 0  ✅  PASSED  
    BootstrapTests::test_changed_benchmark_copy 0  ✅  PASSED  
    BootstrapTests::test_changed_original_manifest 0  ✅  PASSED  
    BootstrapTests::test_complete_checkout_and_independent_cwd 0  ✅  PASSED  
    BootstrapTests::test_missing_documentation_target 0  ✅  PASSED  
    BootstrapTests::test_missing_hidden_workflow 0  ✅  PASSED  
    BootstrapTests::test_missing_review_input 0  ✅  PASSED  
    BootstrapTests::test_optimized_runner_refused_and_stale_success_replaced 0  ✅  PASSED  
    BootstrapTests::test_preserved_evidence_cannot_be_overwritten 0  ✅  PASSED  
    BootstrapTests::test_private_adapter_is_rejected 0  ✅  PASSED  
    BootstrapTests::invoke_runner 1  ✅  PASSED  

tools/tests/test_integrity_contracts.py
    IntegrityContracts::test_public_report_contract 0  ✅  PASSED  
    IntegrityContracts::test_hash_guards_in_both_directions 1  ✅  PASSED  
    IntegrityContracts::test_longer_closing_fence_and_lazy_json_alias 1  ✅  PASSED  
    IntegrityContracts::test_metadata_requires_exact_names_and_boolean_false 1  ✅  PASSED  
    IntegrityContracts::test_identity_both_directions 2  ✅  PASSED  
    IntegrityContracts::test_nested_packet_name_is_refused_before_reading_identical_bytes 2  ✅  PASSED  
    IntegrityContracts::test_different_self_consistent_problems_are_refused 3  ✅  PASSED  
    IntegrityContracts::test_component_size_and_digest_are_separate_guards 4  ✅  PASSED  
    IntegrityContracts::test_component_names_cardinality_and_packet_metadata 5  ✅  PASSED  

tools/tests/test_public_content_contracts.py
    PublicContentTests::test_counts_and_markdown_only_link_scanning 0  ✅  PASSED  
    PublicContentTests::test_external_links_do_not_hide_later_local_links 0  ✅  PASSED  
    PublicContentTests::test_both_fence_kinds_must_close_with_their_own_kind 1  ✅  PASSED  
    PublicContentTests::test_env_example_is_public_but_other_env_files_are_not 1  ✅  PASSED  

tools/tests/test_repository_checks.py
    RepositoryChecks::rewrite_manifest 0  ✅  PASSED  
    RepositoryChecks::test_independent_frozen_hash_guard 0  ✅  PASSED  
    RepositoryChecks::test_link_escape_and_fence_delimiters 0  ✅  PASSED  
    RepositoryChecks::test_symlink_and_private_text_refused 0  ✅  PASSED  
    RepositoryChecks::test_metadata_and_license_sections 1  ✅  PASSED  
    RepositoryChecks::test_json_shapes 2  ✅  PASSED  
    RepositoryChecks::test_manifest_schema_and_traversal 2  ✅  PASSED  
    RepositoryChecks::test_case_identity_and_false_evidence 4  ✅  PASSED  

tools/tests/test_verification_contracts.py
    VerificationContracts::preserved 0  ✅  PASSED  
    VerificationContracts::test_failure_tail_is_bounded_and_redacted 0  ✅  PASSED  
    VerificationContracts::test_subprocess_budget_and_success_metadata 0  ✅  PASSED  
    VerificationContracts::test_documented_default_root_from_another_directory 1  ✅  PASSED  
    VerificationContracts::test_nested_report_creation_and_suffix_refusal 1  ✅  PASSED  
    VerificationContracts::test_scope_mismatch_and_exact_changed_keys 1  ✅  PASSED  

tools/tests/test_verification_runner.py
    RunnerTests::invoke 0  ✅  PASSED  
    RunnerTests::scientific_output 0  ✅  PASSED  
    RunnerTests::test_cli_success_and_refusals 0  ✅  PASSED  
    RunnerTests::test_execution_success_and_repository_refusal 0  ✅  PASSED  
    RunnerTests::test_scientific_drift_refused 0  ✅  PASSED  
    RunnerTests::process 1  ✅  PASSED  
    RunnerTests::test_dependency_and_process_errors 1  ✅  PASSED  
    RunnerTests::test_optimized_cli_and_module_entries 1  ✅  PASSED  
    RunnerTests::test_report_paths_and_atomic_failure 1  ✅  PASSED  

tools/verify_design.py
    write_report 1  ✅  PASSED  
    main 5  ✅  PASSED  
    output_path 5  ✅  PASSED  
    execute 10  ✅  PASSED  

All functions are within the allowed complexity.
────────────────────────── 🎉 Analysis completed! 🎉 ───────────────────────────
