    Checking p10-avx-scheduled-endpoint v0.0.0 (/mnt/niva-array/nsbu-solver/work/p10-n512-m512-endpoint-prep-20260913/evidence/p10/avx-scheduled-endpoint/harness)
error[E0428]: the name `PROFILE` is defined multiple times
   --> src/config.rs:123:1
    |
121 | const PROFILE: &str = "n384-m512-h64to2048-h128to4096-cadv33-w3-f13c29c";
    | ------------------------------------------------------------------------- previous definition of the value `PROFILE` here
122 | #[cfg(feature = "n512-m512-piecewise-cadv33")]
123 | const PROFILE: &str = "n512-m512-h64to2048-h128to4096-cadv33-w3-9eba11f";
    | ^^^^^^^^^^^^^^^^^^^^^^^^^^^^^^^^^^^^^^^^^^^^^^^^^^^^^^^^^^^^^^^^^^^^^^^^^ `PROFILE` redefined here
    |
    = note: `PROFILE` must be defined only once in the value namespace of this module

error[E0428]: the name `force_w3_identity` is defined multiple times
   --> src/config.rs:448:1
    |
443 | fn force_w3_identity() -> &'static str {
    | -------------------------------------- previous definition of the value `force_w3_identity` here
...
448 | fn force_w3_identity() -> &'static str {
    | ^^^^^^^^^^^^^^^^^^^^^^^^^^^^^^^^^^^^^^ `force_w3_identity` redefined here
    |
    = note: `force_w3_identity` must be defined only once in the value namespace of this module

error[E0428]: the name `force_w3_additional_bytes` is defined multiple times
   --> src/owners.rs:179:1
    |
174 | const fn force_w3_additional_bytes() -> usize {
    | --------------------------------------------- previous definition of the value `force_w3_additional_bytes` here
...
179 | const fn force_w3_additional_bytes() -> usize {
    | ^^^^^^^^^^^^^^^^^^^^^^^^^^^^^^^^^^^^^^^^^^^^^ `force_w3_additional_bytes` redefined here
    |
    = note: `force_w3_additional_bytes` must be defined only once in the value namespace of this module

error: n512-m512-piecewise-cadv33 is mutually exclusive with every n384 profile
  --> src/config.rs:30:1
   |
30 | compile_error!("n512-m512-piecewise-cadv33 is mutually exclusive with every n384 profile");
   | ^^^^^^^^^^^^^^^^^^^^^^^^^^^^^^^^^^^^^^^^^^^^^^^^^^^^^^^^^^^^^^^^^^^^^^^^^^^^^^^^^^^^^^^^^^

For more information about this error, try `rustc --explain E0428`.
error: could not compile `p10-avx-scheduled-endpoint` (bin "p10-avx-scheduled-endpoint") due to 4 previous errors
