   Packaging nsbu-solver v0.1.0-alpha.0 (/mnt/niva-array/nsbu-solver/crates/nsbu-solver)
    Updating crates.io index
    Packaged 169 files, 728.3KiB (183.7KiB compressed)
   Packaging nsbu-benchmarks v0.1.0-alpha.0 (/mnt/niva-array/nsbu-solver/crates/nsbu-benchmarks)
    Updating crates.io index
    Packaged 58 files, 406.2KiB (110.3KiB compressed)
   Packaging nsbu-cli v0.1.0-alpha.0 (/mnt/niva-array/nsbu-solver/crates/nsbu-cli)
    Updating crates.io index
    Packaged 10 files, 34.8KiB (11.1KiB compressed)
   Verifying nsbu-solver v0.1.0-alpha.0 (/mnt/niva-array/nsbu-solver/crates/nsbu-solver)
   Compiling version_check v0.9.5
   Compiling typenum v1.20.1
   Compiling autocfg v1.5.1
   Compiling cpufeatures v0.2.17
   Compiling cfg-if v1.0.4
   Compiling generic-array v0.14.7
   Compiling num-traits v0.2.19
   Compiling crypto-common v0.1.7
   Compiling block-buffer v0.10.4
   Compiling num-complex v0.4.6
   Compiling digest v0.10.7
   Compiling sha2 v0.10.9
   Compiling nsbu-solver v0.1.0-alpha.0 (/mnt/niva-array/nsbu-solver/work/p09-runtime-package-target/package/nsbu-solver-0.1.0-alpha.0)
    Finished `dev` profile [unoptimized + debuginfo] target(s) in 3.18s
   Verifying nsbu-benchmarks v0.1.0-alpha.0 (/mnt/niva-array/nsbu-solver/crates/nsbu-benchmarks)
    Updating crates.io index
   Unpacking nsbu-solver v0.1.0-alpha.0 (registry `/mnt/niva-array/nsbu-solver/work/p09-runtime-package-target/package/tmp-registry`)
   Compiling nsbu-solver v0.1.0-alpha.0
   Compiling nsbu-benchmarks v0.1.0-alpha.0 (/mnt/niva-array/nsbu-solver/work/p09-runtime-package-target/package/nsbu-benchmarks-0.1.0-alpha.0)
    Finished `dev` profile [unoptimized + debuginfo] target(s) in 4.70s
   Verifying nsbu-cli v0.1.0-alpha.0 (/mnt/niva-array/nsbu-solver/crates/nsbu-cli)
    Updating crates.io index
   Unpacking nsbu-benchmarks v0.1.0-alpha.0 (registry `/mnt/niva-array/nsbu-solver/work/p09-runtime-package-target/package/tmp-registry`)
   Compiling nsbu-benchmarks v0.1.0-alpha.0
   Compiling nsbu-cli v0.1.0-alpha.0 (/mnt/niva-array/nsbu-solver/work/p09-runtime-package-target/package/nsbu-cli-0.1.0-alpha.0)
    Finished `dev` profile [unoptimized + debuginfo] target(s) in 5.71s
