preflight source=1b89176f63737bbeb3ed65c7e3c7fe6dbeef8f02 cap=34359738368 run_reservation=9508703848 snapshot_bytes=51118080 io_allowance=4096 combined=9559826024 args=Arguments { grid: 128, force_grid: 192, step: 32, endpoint: 4096, method: CoxMatthews, workers: 32, deadline_seconds: 36000 } settings=Settings { domain: Domain { layout: Layout { dimensions: [128, 128, 128], real_len: 2097152, half_len: 1064960 }, lengths: [1.0, 1.0, 1.0], viscosity: 1.0 }, force: ForceSettings { samples: Layout { dimensions: [192, 192, 192], real_len: 7077888, half_len: 3575808 }, workers: 32 }, initial_clock: TickClock { exponent: -20, target: 8192, elapsed: 0, remaining: 8192 }, configuration: Configuration { limits: RunLimits { endpoint: 4096, step_ticks: 32, maximum_attempts: 128 }, method: CoxMatthews, tolerances: Tolerances { absolute: [1e-5, 0.0001], relative: [1e-5, 1e-5] } }, advective_limit: 0.3 } mode=AttemptCached integration_limits=[1536, 1407348383232, 19968] observer_limits=BalanceObserverLimits { storage_bytes: 6264687056, samples: 128, work_units: 934960693248, scalar_transforms: 1536 }
attempt=1 committed=1 clock=32 step_seconds=158.129263031 outcome=Committed(Indicators { errors: [3.94947695577964e-27, 1.081567520286312e-25], ratios: [3.9494769557796397e-22, 1.0815675202863121e-21] })
attempt=2 committed=2 clock=64 step_seconds=164.317490138 outcome=Committed(Indicators { errors: [7.522069020997567e-14, 2.0745305295548837e-12], ratios: [7.522069020996938e-9, 2.0745305295544035e-8] })
attempt=3 committed=3 clock=96 step_seconds=165.067066737 outcome=Committed(Indicators { errors: [6.74330900896083e-10, 1.9331830035297798e-8], ratios: [6.743308990995028e-5, 0.000193318298933986] })
attempt=4 committed=4 clock=128 step_seconds=164.717206534 outcome=Committed(Indicators { errors: [1.715448584062503e-8, 5.615437516827394e-7], ratios: [0.0017154476428016573, 0.005615429043134958] })
attempt=5 committed=5 clock=160 step_seconds=164.950770756 outcome=Committed(Indicators { errors: [4.316140185062099e-8, 2.0547984315521593e-6], ratios: [0.004316081108181543, 0.020547211180559834] })
attempt=6 committed=6 clock=192 step_seconds=166.376622123 outcome=Committed(Indicators { errors: [3.445357931192198e-8, 3.7205811815248972e-6], ratios: [0.003444952181586717, 0.03719377118699146] })
attempt=7 committed=7 clock=224 step_seconds=165.644966033 outcome=Committed(Indicators { errors: [2.958659697643488e-8, 5.143338798180409e-6], ratios: [0.0029570294527220347, 0.051355576657420986] })
attempt=8 committed=8 clock=256 step_seconds=166.106831311 outcome=Committed(Indicators { errors: [4.140560515256261e-8, 5.8493930181090014e-6], ratios: [0.004133271295834026, 0.058211821163788945] })
attempt=9 committed=9 clock=288 step_seconds=166.671354955 outcome=Committed(Indicators { errors: [4.1932905916421564e-8, 5.685770759913095e-6], ratios: [0.004175022374703422, 0.05618221908632006] })
attempt=10 committed=10 clock=320 step_seconds=164.974579058 outcome=Committed(Indicators { errors: [3.381042452233997e-8, 4.84697754205586e-6], ratios: [0.0033506060021686493, 0.04728950555401854] })
attempt=11 committed=11 clock=352 step_seconds=165.208755318 outcome=Committed(Indicators { errors: [2.3171157577233746e-8, 3.6257853559584068e-6], ratios: [0.002279375914691707, 0.03468032193825317] })
attempt=12 committed=12 clock=384 step_seconds=165.578372207 outcome=Committed(Indicators { errors: [1.3748497697994262e-8, 2.2945105766706655e-6], ratios: [0.001338238606663336, 0.021341212834352828] })
attempt=13 committed=13 clock=416 step_seconds=164.962815307 outcome=Committed(Indicators { errors: [8.32932743618622e-9, 1.135362518403586e-6], ratios: [0.0007994392898775902, 0.01018185203367603] })
attempt=14 committed=14 clock=448 step_seconds=164.568947299 outcome=Committed(Indicators { errors: [8.89105557722086e-9, 8.692867891381874e-7], ratios: [0.0008384507043660231, 0.007455670314792974] })
attempt=15 committed=15 clock=480 step_seconds=166.258227661 outcome=Committed(Indicators { errors: [1.163667702872924e-8, 1.527977309176948e-6], ratios: [0.0010744913787187685, 0.0124434095893686] })
attempt=16 committed=16 clock=512 step_seconds=172.687490271 outcome=Committed(Indicators { errors: [1.3763444196570231e-8, 2.155666799336303e-6], ratios: [0.0012404279546660382, 0.016570388607755206] })
attempt=17 committed=17 clock=544 step_seconds=186.768952437 outcome=Committed(Indicators { errors: [1.484555662714323e-8, 2.587460876887695e-6], ratios: [0.0013022713199112052, 0.0186904122749914] })
attempt=18 committed=18 clock=576 step_seconds=185.961624354 outcome=Committed(Indicators { errors: [1.501787471523605e-8, 2.8231920451136275e-6], ratios: [0.0012792704491183377, 0.019106370372304775] })
attempt=19 committed=19 clock=608 step_seconds=185.323299931 outcome=Committed(Indicators { errors: [1.451890965772792e-8, 2.8928977127726203e-6], ratios: [0.0011987632765338178, 0.018312151736774897] })
attempt=20 committed=20 clock=640 step_seconds=185.180499681 outcome=Committed(Indicators { errors: [1.3581495086424358e-8, 2.834734783644906e-6], ratios: [0.0010854071331970181, 0.01677468958884541] })
attempt=21 committed=21 clock=672 step_seconds=184.594255206 outcome=Committed(Indicators { errors: [1.240155211861132e-8, 2.687228918595099e-6], ratios: [0.0009584183247529048, 0.014871157177210536] })
attempt=22 committed=22 clock=704 step_seconds=185.973819169 outcome=Committed(Indicators { errors: [1.1132486942373554e-8, 2.4856985775520944e-6], ratios: [0.000831495866096929, 0.012878055528698397] })
attempt=23 committed=23 clock=736 step_seconds=185.062355916 outcome=Committed(Indicators { errors: [9.889767725524365e-9, 2.2607309673765303e-6], ratios: [0.0007137394699053283, 0.010982321101819527] })
attempt=24 committed=24 clock=768 step_seconds=183.750442590 outcome=Committed(Indicators { errors: [8.758653283508931e-9, 2.037791662013037e-6], ratios: [0.0006107884027805972, 0.00929989931708625] })
attempt=25 committed=25 clock=800 step_seconds=184.117224706 outcome=Committed(Indicators { errors: [7.80098430767905e-9, 1.8372881840240768e-6], ratios: [0.0005257879403267429, 0.007893887096976157] })
attempt=26 committed=26 clock=832 step_seconds=184.933200688 outcome=Committed(Indicators { errors: [7.058537626661205e-9, 1.674486990639074e-6], ratios: [0.0004600071719835344, 0.006788310072117416] })
attempt=27 committed=27 clock=864 step_seconds=185.949374091 outcome=Committed(Indicators { errors: [6.55231289029892e-9, 1.5589294469505411e-6], ratios: [0.0004131131703191143, 0.005976693880954073] })
attempt=28 committed=28 clock=896 step_seconds=185.137101117 outcome=Committed(Indicators { errors: [6.280387321247172e-9, 1.493681718341623e-6], ratios: [0.0003833199744301371, 0.005427880859099653] })
attempt=29 committed=29 clock=928 step_seconds=184.429162206 outcome=Committed(Indicators { errors: [6.2198102538562196e-9, 1.4755574423295215e-6], ratios: [0.0003677537911998485, 0.00509364229406954] })
attempt=30 committed=30 clock=960 step_seconds=185.273681111 outcome=Committed(Indicators { errors: [6.335573651968129e-9, 1.4971648857783212e-6], ratios: [0.0003631571356345548, 0.004920104070774036] })
attempt=31 committed=31 clock=992 step_seconds=184.621764122 outcome=Committed(Indicators { errors: [6.592832538007569e-9, 1.5500537081851383e-6], ratios: [0.0003666447609126349, 0.004859379385112343] })
attempt=32 committed=32 clock=1024 step_seconds=186.757483790 outcome=Committed(Indicators { errors: [6.965822911198382e-9, 1.6273238750451212e-6], ratios: [0.00037614466634816075, 0.00487638178301427] })
attempt=33 committed=33 clock=1056 step_seconds=187.152331431 outcome=Committed(Indicators { errors: [7.44068663498495e-9, 1.7248140937823215e-6], ratios: [0.00039043985577920815, 0.004949712502285182] })
attempt=34 committed=34 clock=1088 step_seconds=187.179275253 outcome=Committed(Indicators { errors: [8.013474644711105e-9, 1.841058105710207e-6], ratios: [0.0004089540549967773, 0.005068861792713535] })
attempt=35 committed=35 clock=1120 step_seconds=186.805020722 outcome=Committed(Indicators { errors: [8.685603998649257e-9, 1.976535264470802e-6], ratios: [0.0004314441169766078, 0.005230164762004628] })
attempt=36 committed=36 clock=1152 step_seconds=187.280314521 outcome=Committed(Indicators { errors: [9.45840744651953e-9, 2.1325881344147404e-6], ratios: [0.0004576965037009063, 0.005432814916612784] })
attempt=37 committed=37 clock=1184 step_seconds=184.527739099 outcome=Committed(Indicators { errors: [1.0327748550947382e-8, 2.310190762384102e-6], ratios: [0.0004872732358146732, 0.005675381502158905] })
attempt=38 committed=38 clock=1216 step_seconds=186.683316640 outcome=Committed(Indicators { errors: [1.1279331956462369e-8, 2.508668190042896e-6], ratios: [0.0005193271506429432, 0.005952941374208766] })
attempt=39 committed=39 clock=1248 step_seconds=184.725157400 outcome=Committed(Indicators { errors: [1.2285179251995491e-8, 2.7244501529494887e-6], ratios: [0.0005524946844642245, 0.006254853140886354] })
attempt=40 committed=40 clock=1280 step_seconds=183.674871976 outcome=Committed(Indicators { errors: [1.3301707517393105e-8, 2.9499366830451567e-6], ratios: [0.0005848708928523527, 0.006563169873444192] })
attempt=41 committed=41 clock=1312 step_seconds=184.325746459 outcome=Committed(Indicators { errors: [1.4269986968998017e-8, 3.1725522424906067e-6], ratios: [0.0006140763318600379, 0.006851672719987204] })
attempt=42 committed=42 clock=1344 step_seconds=183.719780365 outcome=Committed(Indicators { errors: [1.5119090076407964e-8, 3.374092504655301e-6], ratios: [0.0006374382281945174, 0.0070855583930336625] })
attempt=43 committed=43 clock=1376 step_seconds=184.033386659 outcome=Committed(Indicators { errors: [1.5773914095229332e-8, 3.530549839699644e-6], ratios: [0.0006523254600054009, 0.0072219670885181565] })
attempt=44 committed=44 clock=1408 step_seconds=185.324321659 outcome=Committed(Indicators { errors: [1.616933540060078e-8, 3.6127570854096552e-6], ratios: [0.000656693338389738, 0.007211809885804693] })
attempt=45 committed=45 clock=1440 step_seconds=183.792149724 outcome=Committed(Indicators { errors: [1.6272786469191512e-8, 3.588453316772894e-6], ratios: [0.0006499016267265424, 0.007003811296443525] })
attempt=46 committed=46 clock=1472 step_seconds=184.399746510 outcome=Committed(Indicators { errors: [1.6116486874186375e-8, 3.4269200197994653e-6], ratios: [0.000633837474584413, 0.006552639855849029] })
attempt=47 committed=47 clock=1504 step_seconds=186.003075719 outcome=Committed(Indicators { errors: [1.5835529224969627e-8, 3.1088514793280976e-6], ratios: [0.0006141912209037765, 0.005835711043963459] })
attempt=48 committed=48 clock=1536 step_seconds=183.175463236 outcome=Committed(Indicators { errors: [1.5690973875039227e-8, 2.649372714455702e-6], ratios: [0.0006011134703331139, 0.004892627420857121] })
attempt=49 committed=49 clock=1568 step_seconds=183.408514514 outcome=Committed(Indicators { errors: [1.6025131871551598e-8, 2.1599731882406728e-6], ratios: [0.0006073486034212313, 0.003932733782518029] })
attempt=50 committed=50 clock=1600 step_seconds=180.708919032 outcome=Committed(Indicators { errors: [1.7105380024169773e-8, 1.9757411298576e-6], ratios: [0.0006423971064051586, 0.0035544199479336284] })
attempt=51 committed=51 clock=1632 step_seconds=185.162771049 outcome=Committed(Indicators { errors: [1.8965538172990807e-8, 2.4790416170474707e-6], ratios: [0.0007069180086882779, 0.004416155495794588] })
attempt=52 committed=52 clock=1664 step_seconds=185.270945547 outcome=Committed(Indicators { errors: [2.1482147116049103e-8, 3.494814580737472e-6], ratios: [0.0007959524223406963, 0.006177249469592827] })
attempt=53 committed=53 clock=1696 step_seconds=182.189431427 outcome=Committed(Indicators { errors: [2.47356658567388e-8, 4.621885483736399e-6], ratios: [0.0009123508515205882, 0.008121196543744217] })
attempt=54 committed=54 clock=1728 step_seconds=181.889708558 outcome=Committed(Indicators { errors: [2.9357683024681646e-8, 5.52422046283962e-6], ratios: [0.001079291518308839, 0.009665443145315339] })
attempt=55 committed=55 clock=1760 step_seconds=183.351815526 outcome=Committed(Indicators { errors: [3.598020946498127e-8, 5.8967239434703014e-6], ratios: [0.0013198168428901218, 0.010287380011019559] })
attempt=56 committed=56 clock=1792 step_seconds=182.257984474 outcome=Committed(Indicators { errors: [4.282857512957573e-8, 5.498423741482341e-6], ratios: [0.0015687720249540596, 0.009574646657560906] })
attempt=57 committed=57 clock=1824 step_seconds=183.812055584 outcome=Committed(Indicators { errors: [4.284930314917615e-8, 4.2838311200269075e-6], ratios: [0.001568104249881862, 0.007450835889617856] })
attempt=58 committed=58 clock=1856 step_seconds=181.753736562 outcome=Committed(Indicators { errors: [2.574800575658453e-8, 2.555348078951769e-6], ratios: [0.0009416871395759001, 0.004440945914734145] })
attempt=59 committed=59 clock=1888 step_seconds=180.693415716 outcome=Committed(Indicators { errors: [1.6518446460527085e-8, 1.0639414171549934e-6], ratios: [0.0006038337617233596, 0.0018478407080673165] })
attempt=60 committed=60 clock=1920 step_seconds=182.379952716 outcome=Committed(Indicators { errors: [3.619008530409988e-8, 8.248477633488389e-7], ratios: [0.0013223215962922866, 0.00143172510815886] })
attempt=61 committed=61 clock=1952 step_seconds=181.814602831 outcome=Committed(Indicators { errors: [1.6338416260265452e-8, 3.921516342615721e-7], ratios: [0.0005967026902373386, 0.0006802675114676131] })
attempt=62 committed=62 clock=1984 step_seconds=184.407903809 outcome=Committed(Indicators { errors: [7.481290534988327e-10, 8.592320783655379e-8], ratios: [2.7310169093864868e-5, 0.0001489615819155414] })
attempt=63 committed=63 clock=2016 step_seconds=183.291452351 outcome=Committed(Indicators { errors: [3.2897346571076826e-10, 8.456281283610925e-8], ratios: [1.2003495797513362e-5, 0.00014651409188531987] })
attempt=64 committed=64 clock=2048 step_seconds=170.597310088 outcome=Committed(Indicators { errors: [3.300174832934448e-10, 8.483468495096202e-8], ratios: [1.2035994994931866e-5, 0.00014689522502909854] })
attempt=65 committed=65 clock=2080 step_seconds=163.863660375 outcome=Committed(Indicators { errors: [3.3106600879891254e-10, 8.510778623193124e-8], ratios: [1.2068602440069815e-5, 0.0001472773000688357] })
attempt=66 committed=66 clock=2112 step_seconds=164.256476308 outcome=Committed(Indicators { errors: [3.3211923640169176e-10, 8.538211537861463e-8], ratios: [1.2101324597037476e-5, 0.0001476602975763967] })
attempt=67 committed=67 clock=2144 step_seconds=165.105281391 outcome=Committed(Indicators { errors: [3.3317719519713797e-10, 8.565767928217739e-8], ratios: [1.2134161897954711e-5, 0.00014804421201382645] })
attempt=68 committed=68 clock=2176 step_seconds=165.462065076 outcome=Committed(Indicators { errors: [3.342399127621797e-10, 8.593448493489009e-8], ratios: [1.2167114710894994e-5, 0.00014842903770920937] })
attempt=69 committed=69 clock=2208 step_seconds=164.613307664 outcome=Committed(Indicators { errors: [3.353074195902915e-10, 8.621253940148836e-8], ratios: [1.2200183501261297e-5, 0.00014881476880042178] })
attempt=70 committed=70 clock=2240 step_seconds=163.744475077 outcome=Committed(Indicators { errors: [3.363797442621693e-10, 8.649184970122186e-8], ratios: [1.2233368655755489e-5, 0.0001492013990248912] })
attempt=71 committed=71 clock=2272 step_seconds=164.670272510 outcome=Committed(Indicators { errors: [3.374569165542916e-10, 8.677242297132327e-8], ratios: [1.2266670595406735e-5, 0.00014958892199511535] })
attempt=72 committed=72 clock=2304 step_seconds=164.615352529 outcome=Committed(Indicators { errors: [3.385389676103634e-10, 8.705426645855791e-8], ratios: [1.2300089781544233e-5, 0.00014997733117653601] })
attempt=73 committed=73 clock=2336 step_seconds=165.542180912 outcome=Committed(Indicators { errors: [3.396259266944334e-10, 8.733738737686314e-8], ratios: [1.2333626597621774e-5, 0.00015036661963480072] })
attempt=74 committed=74 clock=2368 step_seconds=166.380668509 outcome=Committed(Indicators { errors: [3.407178257230836e-10, 8.76217930129512e-8], ratios: [1.236728151374087e-5, 0.00015075678021043572] })
attempt=75 committed=75 clock=2400 step_seconds=163.855764045 outcome=Committed(Indicators { errors: [3.41814695704843e-10, 8.79074907356734e-8], ratios: [1.240105495707269e-5, 0.00015114780552713474] })
attempt=76 committed=76 clock=2432 step_seconds=165.311513558 outcome=Committed(Indicators { errors: [3.429165693740946e-10, 8.819448796034344e-8], ratios: [1.2434947407302668e-5, 0.00015153968792230727] })
attempt=77 committed=77 clock=2464 step_seconds=164.743983644 outcome=Committed(Indicators { errors: [3.440234780791849e-10, 8.848279220854368e-8], ratios: [1.2468959283509136e-5, 0.00015193241954147038] })
attempt=78 committed=78 clock=2496 step_seconds=164.526639552 outcome=Committed(Indicators { errors: [3.451354560760567e-10, 8.87724109763422e-8], ratios: [1.2503091099669628e-5, 0.00015232599210359242] })
attempt=79 committed=79 clock=2528 step_seconds=156.337666794 outcome=Committed(Indicators { errors: [3.462525373748239e-10, 8.906335189373409e-8], ratios: [1.25373433500463e-5, 0.00015272039716612108] })
attempt=80 committed=80 clock=2560 step_seconds=149.493605760 outcome=Committed(Indicators { errors: [3.4737475384573537e-10, 8.935562258713784e-8], ratios: [1.2571716440477028e-5, 0.00015311562588012507] })
attempt=81 committed=81 clock=2592 step_seconds=149.774575928 outcome=Committed(Indicators { errors: [3.485021419084491e-10, 8.964923082016134e-8], ratios: [1.2606210930357662e-5, 0.00015351166922246827] })
attempt=82 committed=82 clock=2624 step_seconds=150.570085299 outcome=Committed(Indicators { errors: [3.496347376007525e-10, 8.99441843685555e-8], ratios: [1.264082735375534e-5, 0.00015390851777185438] })
attempt=83 committed=83 clock=2656 step_seconds=150.612771907 outcome=Committed(Indicators { errors: [3.507725751090759e-10, 9.024049108967914e-8], ratios: [1.2675566166144006e-5, 0.00015430616181821158] })
attempt=84 committed=84 clock=2688 step_seconds=149.605205147 outcome=Committed(Indicators { errors: [3.5191569323105075e-10, 9.053815893284316e-8], ratios: [1.2710427977789533e-5, 0.00015470459137031012] })
attempt=85 committed=85 clock=2720 step_seconds=149.641243618 outcome=Committed(Indicators { errors: [3.530641276846706e-10, 9.083719588538254e-8], ratios: [1.2745413275494993e-5, 0.0001551037960530625] })
attempt=86 committed=86 clock=2752 step_seconds=149.623939059 outcome=Committed(Indicators { errors: [3.542179181157437e-10, 9.113760998194845e-8], ratios: [1.2780522675500877e-5, 0.00015550376511300055] })
attempt=87 committed=87 clock=2784 step_seconds=149.727081401 outcome=Committed(Indicators { errors: [3.5537710392019237e-10, 9.143940943092722e-8], ratios: [1.281575677225215e-5, 0.00015590448762304972] })
attempt=88 committed=88 clock=2816 step_seconds=149.864898310 outcome=Committed(Indicators { errors: [3.565417243681896e-10, 9.174260239883536e-8], ratios: [1.2851116142673628e-5, 0.0001563059521033089] })
attempt=89 committed=89 clock=2848 step_seconds=149.900908034 outcome=Committed(Indicators { errors: [3.577118208640921e-10, 9.204719717504536e-8], ratios: [1.2886601427366356e-5, 0.00015670814679038847] })
attempt=90 committed=90 clock=2880 step_seconds=150.065863910 outcome=Committed(Indicators { errors: [3.5888743580419015e-10, 9.235320216959534e-8], ratios: [1.2922213289054613e-5, 0.0001571110596216974] })
attempt=91 committed=91 clock=2912 step_seconds=149.848679103 outcome=Committed(Indicators { errors: [3.6006861234568667e-10, 9.26606257831068e-8], ratios: [1.2957952403919847e-5, 0.00015751467800151166] })
attempt=92 committed=92 clock=2944 step_seconds=149.918595813 outcome=Committed(Indicators { errors: [3.612553941959581e-10, 9.296947657398925e-8], ratios: [1.2993819453719162e-5, 0.00015791898907301495] })
attempt=93 committed=93 clock=2976 step_seconds=149.936671862 outcome=Committed(Indicators { errors: [3.624478280414875e-10, 9.327976315418357e-8], ratios: [1.3029815212782648e-5, 0.00015832397952765702] })
attempt=94 committed=94 clock=3008 step_seconds=150.198098557 outcome=Committed(Indicators { errors: [3.636459604825884e-10, 9.359149423505577e-8], ratios: [1.3065940437336437e-5, 0.00015872963566972953] })
attempt=95 committed=95 clock=3040 step_seconds=150.115013738 outcome=Committed(Indicators { errors: [3.648498388996961e-10, 9.390467858526672e-8], ratios: [1.3102195896342976e-5, 0.00015913594333089376] })
attempt=96 committed=96 clock=3072 step_seconds=149.270795821 outcome=Committed(Indicators { errors: [3.6605951457505063e-10, 9.421932513138873e-8], ratios: [1.313858248319684e-5, 0.00015954288802658143] })
attempt=97 committed=97 clock=3104 step_seconds=150.344591837 outcome=Committed(Indicators { errors: [3.672750378432614e-10, 9.453544283072814e-8], ratios: [1.3175101041099209e-5, 0.00015995045472540402] })
attempt=98 committed=98 clock=3136 step_seconds=151.085759705 outcome=Committed(Indicators { errors: [3.6849646261972594e-10, 9.48530407576052e-8], ratios: [1.3211752525196672e-5, 0.0001603586279802226] })
attempt=99 committed=99 clock=3168 step_seconds=151.062179550 outcome=Committed(Indicators { errors: [3.697238442797848e-10, 9.51721281505208e-8], ratios: [1.3248537925942945e-5, 0.0001607673919920187] })
attempt=100 committed=100 clock=3200 step_seconds=149.486712601 outcome=Committed(Indicators { errors: [3.709572389786244e-10, 9.54927142474823e-8], ratios: [1.3285458244276864e-5, 0.00016117673031511935] })
attempt=101 committed=101 clock=3232 step_seconds=150.189392723 outcome=Committed(Indicators { errors: [3.721967065873996e-10, 9.581480848340412e-8], ratios: [1.3322514596308777e-5, 0.00016158662617414465] })
attempt=102 committed=102 clock=3264 step_seconds=150.034675946 outcome=Committed(Indicators { errors: [3.7344230827615763e-10, 9.613842038841519e-8], ratios: [1.3359708126159002e-5, 0.00016199706227448265] })
attempt=103 committed=103 clock=3296 step_seconds=149.569491475 outcome=Committed(Indicators { errors: [3.746941090237682e-10, 9.646355960394091e-8], ratios: [1.3397040095207106e-5, 0.00016240802081189784] })
attempt=104 committed=104 clock=3328 step_seconds=151.449493127 outcome=Committed(Indicators { errors: [3.7595217496245836e-10, 9.679023593356448e-8], ratios: [1.3434511786471315e-5, 0.0001628194835392881] })
attempt=105 committed=105 clock=3360 step_seconds=154.916713926 outcome=Committed(Indicators { errors: [3.7721657563382276e-10, 9.711845924744673e-8], ratios: [1.3472124584683682e-5, 0.00016323143158681764] })
attempt=106 committed=106 clock=3392 step_seconds=152.065463614 outcome=Committed(Indicators { errors: [3.784873841779234e-10, 9.74482396144758e-8], ratios: [1.3509879982314263e-5, 0.0001636438456643129] })
attempt=107 committed=107 clock=3424 step_seconds=153.298609229 outcome=Committed(Indicators { errors: [3.7976467738950743e-10, 9.777958726970604e-8], ratios: [1.3547779580809276e-5, 0.00016405670598584535] })
attempt=108 committed=108 clock=3456 step_seconds=151.085629970 outcome=Committed(Indicators { errors: [3.8104853510056694e-10, 9.811251255324262e-8], ratios: [1.3585825067796988e-5, 0.00016446999214582113] })
attempt=109 committed=109 clock=3488 step_seconds=153.284968299 outcome=Committed(Indicators { errors: [3.823390409610197e-10, 9.844702598754485e-8], ratios: [1.3624018244158312e-5, 0.00016488368322675498] })
attempt=110 committed=110 clock=3520 step_seconds=152.238836314 outcome=Committed(Indicators { errors: [3.836362842423468e-10, 9.878313827967191e-8], ratios: [1.366236108743051e-5, 0.00016529775778034624] })
attempt=111 committed=111 clock=3552 step_seconds=152.105345236 outcome=Committed(Indicators { errors: [3.8494035672777515e-10, 9.912086031123099e-8], ratios: [1.370085564006605e-5, 0.0001657121937866921] })
attempt=112 committed=112 clock=3584 step_seconds=152.554102345 outcome=Committed(Indicators { errors: [3.8625135858596296e-10, 9.946020323422931e-8], ratios: [1.3739504217644994e-5, 0.00016612696879023426] })
attempt=113 committed=113 clock=3616 step_seconds=150.850629547 outcome=Committed(Indicators { errors: [3.875693933641078e-10, 9.98011783133818e-8], ratios: [1.3778309229488742e-5, 0.00016654205961064448] })
attempt=114 committed=114 clock=3648 step_seconds=151.190882341 outcome=Committed(Indicators { errors: [3.8889457062656044e-10, 1.0014379709138917e-7], ratios: [1.3817273271540825e-5, 0.00016695744259261208] })
attempt=115 committed=115 clock=3680 step_seconds=151.485160846 outcome=Committed(Indicators { errors: [3.9022700742895993e-10, 1.0048807134359668e-7], ratios: [1.3856399177543361e-5, 0.00016737309350279084] })
attempt=116 committed=116 clock=3712 step_seconds=152.369461788 outcome=Committed(Indicators { errors: [3.915668277846727e-10, 1.0083401312414448e-7], ratios: [1.3895689998737576e-5, 0.0001677889875782398] })
attempt=117 committed=117 clock=3744 step_seconds=151.059469368 outcome=Committed(Indicators { errors: [3.929141642793179e-10, 1.0118163474275309e-7], ratios: [1.3935149059806302e-5, 0.00016820509945803607] })
attempt=118 committed=118 clock=3776 step_seconds=153.485754143 outcome=Committed(Indicators { errors: [3.942691570517758e-10, 1.0153094882971505e-7], ratios: [1.397477992122067e-5, 0.00016862140326082256] })
attempt=119 committed=119 clock=3808 step_seconds=152.657673858 outcome=Committed(Indicators { errors: [3.95631957083402e-10, 1.0188196834282254e-7], ratios: [1.4014586494309491e-5, 0.00016903787256439238] })
attempt=120 committed=120 clock=3840 step_seconds=151.851540808 outcome=Committed(Indicators { errors: [3.970027243786342e-10, 1.022347066223888e-7], ratios: [1.4054572975000738e-5, 0.00016945448046317834] })
attempt=121 committed=121 clock=3872 step_seconds=152.896612134 outcome=Committed(Indicators { errors: [3.983816310154826e-10, 1.0258917732749526e-7], ratios: [1.4094743950084629e-5, 0.00016987119942827913] })
attempt=122 committed=122 clock=3904 step_seconds=150.513413065 outcome=Committed(Indicators { errors: [3.997688627587299e-10, 1.0294539460575502e-7], ratios: [1.4135104452190325e-5, 0.000170288001552498] })
attempt=123 committed=123 clock=3936 step_seconds=152.965494623 outcome=Committed(Indicators { errors: [4.0116461673098785e-10, 1.0330337300484705e-7], ratios: [1.4175659875222654e-5, 0.00017070485836590785] })
attempt=124 committed=124 clock=3968 step_seconds=152.629571098 outcome=Committed(Indicators { errors: [4.0256910714871717e-10, 1.0366312757314003e-7], ratios: [1.4216416174868668e-5, 0.00017112174096315896] })
attempt=125 committed=125 clock=4000 step_seconds=153.481755611 outcome=Committed(Indicators { errors: [4.0398256382881465e-10, 1.04024674005649e-7], ratios: [1.4257379813144436e-5, 0.0001715386202028534] })
attempt=126 committed=126 clock=4032 step_seconds=152.414084001 outcome=Committed(Indicators { errors: [4.0540523561824355e-10, 1.0438802840022526e-7], ratios: [1.4298557876730957e-5, 0.00017195546626232354] })
attempt=127 committed=127 clock=4064 step_seconds=153.367270104 outcome=Committed(Indicators { errors: [4.068373899848512e-10, 1.0475320768014753e-7], ratios: [1.4339958059473754e-5, 0.00017237224928933536] })
attempt=128 committed=128 clock=4096 step_seconds=153.172843185 outcome=Committed(Indicators { errors: [4.082793181724762e-10, 1.0512022940629299e-7], ratios: [1.4381588840881884e-5, 0.0001727889390448908] })
forensic tag=accepted path=forensics/accepted-n128-m192-cm32-clock4096.coeff.bin bytes=51118080 sha256=[ea, 94, 7f, f1, 1e, 04, c5, 0f, 55, 5b, ba, f1, 89, 8a, f6, f0, 56, 16, a9, f8, 89, a1, 8a, 10, 0f, 38, 28, 41, d5, 76, f5, 76]
terminal=completed endpoint=4096 attempts=128 committed=128 wall_seconds=21358.417618975 observer=BalanceObserverWork { samples: 128, work_units: 7247957173, scalar_transforms: 1536 }
