   Compiling autocfg v1.5.1
   Compiling version_check v0.9.5
   Compiling generic-array v0.14.7
   Compiling num-traits v0.2.19
    Checking typenum v1.20.1
   Compiling proc-macro2 v1.0.107
   Compiling unicode-ident v1.0.24
   Compiling quote v1.0.47
    Checking num-integer v0.1.47
   Compiling serde_core v1.0.228
    Checking crypto-common v0.1.7
    Checking block-buffer v0.10.4
    Checking strength_reduce v0.2.4
    Checking digest v0.10.7
    Checking transpose v0.2.3
   Compiling syn v2.0.119
    Checking primal-check v0.3.4
    Checking num-complex v0.4.6
   Compiling serde_json v1.0.145
    Checking cfg-if v1.0.4
    Checking cpufeatures v0.2.17
   Compiling serde v1.0.228
    Checking sha2 v0.10.9
   Compiling serde_derive v1.0.228
    Checking rustfft v6.4.1
    Checking ryu v1.0.23
    Checking itoa v1.0.18
    Checking memchr v2.8.3
    Checking nsbu-solver v0.1.0-alpha.1 (/mnt/niva-array/nsbu-solver/work/p10-m512-spatial-adapter-20260913/crates/nsbu-solver)
    Checking p10-snapshot-comparison-adapter v0.0.0 (/mnt/niva-array/nsbu-solver/work/p10-m512-spatial-adapter-20260913/evidence/p10/snapshot-comparison-adapter/harness)
    Finished `dev` profile [unoptimized + debuginfo] target(s) in 17.07s
