utc=2026-09-12T19:18:49Z VmHWM:=55172616kB VmRSS:=55172616kB VmSwap:=0kB Threads:=39 
MemAvailable_kib=180560076
      4   7       1   8       4  16       2  17       1  33       2  50       1  59       2 132       5 142       3 163       2 167       2 171       4 172       3 181       1 184       1 188       1 190 

Per-node process memory usage (in MBs) for PID 180856 (p10-avx-n384-pi)
                           Node 0          Node 1           Total
                  --------------- --------------- ---------------
Huge                         0.00            0.00            0.00
Heap                         0.73            0.00            0.73
Stack                        0.07            0.00            0.07
Private                  54185.06            0.09        54185.16
----------------  --------------- --------------- ---------------
Total                    54185.86            0.09        54185.95
utc=2026-09-12T19:19:19Z VmHWM:=104193768kB VmRSS:=104193768kB VmSwap:=0kB Threads:=71 
MemAvailable_kib=131448348
      4   7       1   8       4  16       2  17       1  33       2  50       2  56       3  60       1  62       1 128       2 132       5 142       3 163       2 167       2 171       4 172       3 181       2 184      14 188      13 190 

Per-node process memory usage (in MBs) for PID 180856 (p10-avx-n384-pi)
                           Node 0          Node 1           Total
                  --------------- --------------- ---------------
Huge                         0.00            0.00            0.00
Heap                         1.13            0.00            1.13
Stack                        0.07            0.00            0.07
Private                  70501.38        31478.02       101979.39
----------------  --------------- --------------- ---------------
Total                    70502.57        31478.02       101980.59
utc=2026-09-12T19:19:50Z VmHWM:=148650912kB VmRSS:=148650912kB VmSwap:=0kB Threads:=71 
MemAvailable_kib=86905372
      1   6       1   7       1   9       1  10       1  16       2  17       1  18       1  19       1  20       1  33       1  40       1  50       1  51       2  56       3  60       1  62       1  64       1 128       1 129       1 130       1 131       1 132       1 133       2 142       1 143       1 163       1 164       1 165       2 167       1 172       1 173       1 174       1 175       1 181       1 182       1 183       2 184      14 188      13 190 

Per-node process memory usage (in MBs) for PID 180856 (p10-avx-n384-pi)
                           Node 0          Node 1           Total
                  --------------- --------------- ---------------
Huge                         0.00            0.00            0.00
Heap                         1.13            0.00            1.13
Stack                        0.07            0.00            0.07
Private                  70470.12        74695.58       145165.70
----------------  --------------- --------------- ---------------
Total                    70471.32        74695.58       145166.90
utc=2026-09-12T19:20:21Z VmHWM:=148651232kB VmRSS:=148651232kB VmSwap:=0kB Threads:=71 
MemAvailable_kib=86928044
      1   7       1   8       2  12       1  13       1  15       2  16       1  17       1  21       1  22       1  23       1  24       2  25       1  28       1  41       2  56       1  57       3  60       2  62       1  64       1  65       1  72       1  80       1  88       1 131       1 134       2 142       1 164       1 165       2 167       1 172       1 173       1 174       1 175       1 182       1 183       1 184      13 188      13 190 

Per-node process memory usage (in MBs) for PID 180856 (p10-avx-n384-pi)
                           Node 0          Node 1           Total
                  --------------- --------------- ---------------
Huge                         0.00            0.00            0.00
Heap                         1.13            0.00            1.13
Stack                        0.07            0.00            0.07
Private                  70470.43        74695.59       145166.02
----------------  --------------- --------------- ---------------
Total                    70471.62        74695.59       145167.21
utc=2026-09-12T19:20:52Z VmHWM:=148651232kB VmRSS:=148651232kB VmSwap:=0kB Threads:=71 
MemAvailable_kib=86908520
      1   4       1   7       1   8       2  12       1  13       1  15       2  16       1  17       1  21       1  22       1  23       1  24       1  25       1  28       1  41       2  56       1  57       3  60       2  62       1  64       1  65       1  72       1  80       1  88       1 131       1 134       2 142       1 164       1 165       2 167       1 172       1 173       1 174       1 175       1 182       1 183       1 184      13 188      13 190 

Per-node process memory usage (in MBs) for PID 180856 (p10-avx-n384-pi)
                           Node 0          Node 1           Total
                  --------------- --------------- ---------------
Huge                         0.00            0.00            0.00
Heap                         1.13            0.00            1.13
Stack                        0.07            0.00            0.07
Private                  70467.71        74698.30       145166.02
----------------  --------------- --------------- ---------------
Total                    70468.91        74698.30       145167.21
utc=2026-09-12T19:21:23Z VmHWM:=148651232kB VmRSS:=148651232kB VmSwap:=0kB Threads:=71 
MemAvailable_kib=86898704
      1   0       1   1       2   7       1  12       1  15       1  16       1  17       1  21       1  22       1  25       1  26       1  28       1  33       1  49       3  56       1  57       3  60       2  62       1  65       1  72       1  80       1  88       1  96       1 104       1 112       1 120       1 134       2 142       1 164       1 165       2 167       1 173       1 174       1 175       1 182       1 183       1 184      13 188      13 190 

Per-node process memory usage (in MBs) for PID 180856 (p10-avx-n384-pi)
                           Node 0          Node 1           Total
                  --------------- --------------- ---------------
Huge                         0.00            0.00            0.00
Heap                         1.12            0.01            1.13
Stack                        0.07            0.00            0.07
Private                  70389.08        74776.94       145166.02
----------------  --------------- --------------- ---------------
Total                    70390.26        74776.95       145167.21
utc=2026-09-12T19:21:54Z VmHWM:=148651232kB VmRSS:=148651232kB VmSwap:=0kB Threads:=71 
MemAvailable_kib=86863248
      1   2       1   3       1   7       1  12       1  15       1  16       1  17       1  19       1  21       1  26       1  28       1  29       2  33       1  41       1  53       2  56       1  59       4  60       3  62       1  65       1  72       1  80       1  88       1  96       1 104       1 112       1 120       1 134       2 142       1 164       1 165       2 167       1 173       1 174       1 175       1 182       1 184      13 188      12 190 

Per-node process memory usage (in MBs) for PID 180856 (p10-avx-n384-pi)
                           Node 0          Node 1           Total
                  --------------- --------------- ---------------
Huge                         0.00            0.00            0.00
Heap                         1.12            0.01            1.13
Stack                        0.07            0.00            0.07
Private                  70186.50        74979.52       145166.02
----------------  --------------- --------------- ---------------
Total                    70187.68        74979.53       145167.21
utc=2026-09-12T19:22:25Z VmHWM:=148651232kB VmRSS:=148651232kB VmSwap:=0kB Threads:=71 
MemAvailable_kib=86888908
      1   3       1   4       1   7       1  12       1  15       1  16       1  17       1  19       1  21       1  26       1  28       1  29       1  37       1  41       1  53       2  56       1  59       4  60       3  62       1  65       1  72       1  80       1  88       1  96       1 104       1 112       1 120       1 134       2 142       1 161       1 164       1 165       2 167       1 173       1 174       1 175       1 182       1 184      13 188      12 190 

Per-node process memory usage (in MBs) for PID 180856 (p10-avx-n384-pi)
                           Node 0          Node 1           Total
                  --------------- --------------- ---------------
Huge                         0.00            0.00            0.00
Heap                         1.12            0.01            1.13
Stack                        0.07            0.00            0.07
Private                  70186.50        74979.51       145166.02
----------------  --------------- --------------- ---------------
Total                    70187.69        74979.53       145167.21
utc=2026-09-12T19:22:56Z VmHWM:=148651232kB VmRSS:=148651232kB VmSwap:=0kB Threads:=71 
MemAvailable_kib=86907540
      1   3       1   4       1   7       1  12       2  15       1  16       1  17       1  19       1  21       1  26       1  28       1  29       1  37       1  41       1  53       2  56       1  59       4  60       3  62       1  65       1  72       1  80       1  88       1  96       1 104       1 112       1 120       1 134       2 142       1 164       1 165       2 167       1 173       1 174       1 175       1 182       1 184      13 188      12 190 

Per-node process memory usage (in MBs) for PID 180856 (p10-avx-n384-pi)
                           Node 0          Node 1           Total
                  --------------- --------------- ---------------
Huge                         0.00            0.00            0.00
Heap                         1.12            0.01            1.13
Stack                        0.07            0.00            0.07
Private                  70384.74        74781.27       145166.02
----------------  --------------- --------------- ---------------
Total                    70385.93        74781.29       145167.21
utc=2026-09-12T19:23:27Z VmHWM:=148651232kB VmRSS:=148651232kB VmSwap:=0kB Threads:=71 
MemAvailable_kib=86907716
      1   3       1   4       1   7       1  12       1  14       1  15       1  19       1  20       1  21       1  26       1  28       1  29       1  36       1  37       1  48       1  55       2  56       1  57       3  60       3  62       1  63       1  64       1  65       1  66       1  72       1  80       1  88       1 104       1 112       1 120       1 134       1 142       1 165       2 167       1 173       1 174       1 175       1 182       1 184      13 188      12 190       1 224 

Per-node process memory usage (in MBs) for PID 180856 (p10-avx-n384-pi)
                           Node 0          Node 1           Total
                  --------------- --------------- ---------------
Huge                         0.00            0.00            0.00
Heap                         1.09            0.04            1.13
Stack                        0.07            0.00            0.07
Private                  70373.21        74792.81       145166.02
----------------  --------------- --------------- ---------------
Total                    70374.36        74792.86       145167.21
utc=2026-09-12T19:23:57Z VmHWM:=148651232kB VmRSS:=148651232kB VmSwap:=0kB Threads:=71 
MemAvailable_kib=86875520
      1   3       1   4       1   7       1  12       1  14       1  15       1  19       1  20       1  21       1  26       1  28       1  29       1  36       1  37       1  48       1  55       2  56       1  57       3  60       3  62       1  63       1  65       1  66       1  72       1  80       1  88       1 104       1 112       1 120       1 134       1 142       1 165       2 167       1 173       1 174       1 175       1 182       1 184      13 188      12 190       1 192       1 224 

Per-node process memory usage (in MBs) for PID 180856 (p10-avx-n384-pi)
                           Node 0          Node 1           Total
                  --------------- --------------- ---------------
Huge                         0.00            0.00            0.00
Heap                         1.03            0.10            1.13
Stack                        0.05            0.02            0.07
Private                  64119.07        81046.95       145166.02
----------------  --------------- --------------- ---------------
Total                    64120.14        81047.07       145167.21
utc=2026-09-12T19:24:28Z VmHWM:=148651232kB VmRSS:=148651232kB VmSwap:=0kB Threads:=71 
MemAvailable_kib=86899804
      2   3       1   7       1  12       1  14       1  15       1  19       1  20       1  21       1  26       1  28       1  29       1  36       1  38       1  48       1  55       2  56       1  57       3  60       2  62       1  63       1  64       1  65       1  66       1  72       1  80       1  88       1 104       1 112       1 120       1 134       1 142       1 165       2 167       1 173       1 174       1 175       1 182       1 184      13 188      13 190       1 224 

Per-node process memory usage (in MBs) for PID 180856 (p10-avx-n384-pi)
                           Node 0          Node 1           Total
                  --------------- --------------- ---------------
Huge                         0.00            0.00            0.00
Heap                         1.06            0.07            1.13
Stack                        0.05            0.02            0.07
Private                  59812.94        85353.07       145166.02
----------------  --------------- --------------- ---------------
Total                    59814.05        85353.16       145167.21
utc=2026-09-12T19:24:59Z VmHWM:=148651232kB VmRSS:=148651232kB VmSwap:=0kB Threads:=71 
MemAvailable_kib=86907428
      1   3       1   7       1  12       1  14       1  15       1  16       1  19       1  20       1  21       1  26       1  28       1  29       1  36       1  48       1  55       2  56       1  57       3  60       3  62       1  63       1  64       2  65       1  66       1  72       1  80       1  88       1 104       1 112       1 120       1 134       1 142       1 165       2 167       1 173       1 174       1 175       1 182       1 184      13 188      12 190       1 224 

Per-node process memory usage (in MBs) for PID 180856 (p10-avx-n384-pi)
                           Node 0          Node 1           Total
                  --------------- --------------- ---------------
Huge                         0.00            0.00            0.00
Heap                         1.06            0.07            1.13
Stack                        0.04            0.04            0.07
Private                  60139.33        85026.69       145166.02
----------------  --------------- --------------- ---------------
Total                    60140.43        85026.79       145167.21
utc=2026-09-12T19:25:30Z VmHWM:=148651232kB VmRSS:=148651232kB VmSwap:=0kB Threads:=71 
MemAvailable_kib=86889612
      1   3       1   7       1  12       1  14       1  15       2  19       1  20       1  21       1  26       1  28       1  29       1  36       1  48       1  55       2  56       1  57       3  60       3  62       1  63       1  64       1  65       1  67       1  72       1  73       1  80       1  81       1  88       1 112       1 134       1 142       1 165       1 167       1 173       1 174       1 175       1 182       1 184      13 188      12 190       1 224       1 232       1 248 

Per-node process memory usage (in MBs) for PID 180856 (p10-avx-n384-pi)
                           Node 0          Node 1           Total
                  --------------- --------------- ---------------
Huge                         0.00            0.00            0.00
Heap                         0.94            0.19            1.13
Stack                        0.04            0.04            0.07
Private                  58348.72        86817.30       145166.02
----------------  --------------- --------------- ---------------
Total                    58349.69        86817.52       145167.21
utc=2026-09-12T19:26:01Z VmHWM:=148651232kB VmRSS:=148651232kB VmSwap:=0kB Threads:=71 
MemAvailable_kib=86869984
      1   3       1   7       1   8       1  19       1  20       1  21       1  28       1  29       1  32       1  36       1  48       2  56       3  60       2  62       1  63       1  64       1  65       1  74       1  81       1  82       1  89       1  97       1 105       1 112       1 113       1 121       1 134       1 140       1 142       1 165       1 167       1 173       1 174       1 175       1 182       1 184       1 185      13 188      12 190       1 193       1 216       1 224       1 232       1 248 

Per-node process memory usage (in MBs) for PID 180856 (p10-avx-n384-pi)
                           Node 0          Node 1           Total
                  --------------- --------------- ---------------
Huge                         0.00            0.00            0.00
Heap                         0.96            0.17            1.13
Stack                        0.04            0.04            0.07
Private                  55675.12        89490.89       145166.02
----------------  --------------- --------------- ---------------
Total                    55676.12        89491.10       145167.21
utc=2026-09-12T19:26:32Z VmHWM:=148651232kB VmRSS:=148651232kB VmSwap:=0kB Threads:=71 
MemAvailable_kib=86882020
      1   3       1   7       1   8       1  18       1  19       1  20       1  21       1  28       1  29       1  36       1  48       2  56       3  60       2  62       1  63       1  64       1  72       1  74       1  81       1  82       1  89       1  97       1 105       1 112       1 113       1 121       1 134       1 140       1 142       1 165       1 167       1 173       1 174       1 175       1 182       1 184       1 185      13 188      12 190       1 193       1 216       1 224       1 232       1 248 

Per-node process memory usage (in MBs) for PID 180856 (p10-avx-n384-pi)
                           Node 0          Node 1           Total
                  --------------- --------------- ---------------
Huge                         0.00            0.00            0.00
Heap                         0.93            0.20            1.13
Stack                        0.04            0.04            0.07
Private                  50411.66        94754.35       145166.02
----------------  --------------- --------------- ---------------
Total                    50412.63        94754.58       145167.21
utc=2026-09-12T19:27:03Z VmHWM:=148651232kB VmRSS:=148651232kB VmSwap:=0kB Threads:=71 
MemAvailable_kib=86879016
      1   3       1   7       1   8       1  18       1  19       1  20       1  21       1  28       1  29       1  36       1  48       2  56       3  60       2  62       1  63       1  64       1  72       1  74       1  81       1  82       1  89       1  97       1 105       1 112       1 113       1 121       1 134       1 140       1 142       1 163       1 167       1 173       1 174       1 175       1 182       1 184       1 185      13 188      12 190       1 193       1 216       1 224       1 232       1 248 

Per-node process memory usage (in MBs) for PID 180856 (p10-avx-n384-pi)
                           Node 0          Node 1           Total
                  --------------- --------------- ---------------
Huge                         0.00            0.00            0.00
Heap                         0.89            0.24            1.13
Stack                        0.04            0.04            0.07
Private                  47290.15        97875.86       145166.02
----------------  --------------- --------------- ---------------
Total                    47291.07        97876.14       145167.21
utc=2026-09-12T19:27:34Z VmHWM:=148651232kB VmRSS:=148651232kB VmSwap:=0kB Threads:=71 
MemAvailable_kib=86843248
      1   3       1   7       1   8       1  14       1  20       1  21       1  28       1  29       1  36       1  48       2  56       3  60       2  62       1  63       1  64       1  72       1  74       1  81       1  82       1  89       1  97       1 105       1 112       1 113       1 121       1 134       1 140       1 142       1 147       1 163       1 167       1 173       1 174       1 175       1 182       1 184       1 185      13 188      12 190       1 193       1 216       1 224       1 232       1 248 

Per-node process memory usage (in MBs) for PID 180856 (p10-avx-n384-pi)
                           Node 0          Node 1           Total
                  --------------- --------------- ---------------
Huge                         0.00            0.00            0.00
Heap                         0.91            0.22            1.13
Stack                        0.04            0.04            0.07
Private                  48821.63        96344.38       145166.02
----------------  --------------- --------------- ---------------
Total                    48822.58        96344.64       145167.21
utc=2026-09-12T19:28:05Z VmHWM:=148651232kB VmRSS:=148651232kB VmSwap:=0kB Threads:=71 
MemAvailable_kib=86853172
      1   3       1   7       1   8       1  14       1  20       1  21       1  28       1  29       1  36       1  48       2  56       3  60       2  62       1  63       1  72       1  74       1  81       1  82       1  89       1  97       1 105       1 112       1 113       1 121       1 134       1 140       1 142       1 147       1 163       1 167       1 173       1 174       1 175       1 182       1 184       1 185      13 188      12 190       1 192       1 193       1 216       1 224       1 232       1 248 

Per-node process memory usage (in MBs) for PID 180856 (p10-avx-n384-pi)
                           Node 0          Node 1           Total
                  --------------- --------------- ---------------
Huge                         0.00            0.00            0.00
Heap                         0.91            0.22            1.13
Stack                        0.04            0.04            0.07
Private                  51742.54        93423.48       145166.02
----------------  --------------- --------------- ---------------
Total                    51743.48        93423.73       145167.21
utc=2026-09-12T19:28:36Z VmHWM:=148651232kB VmRSS:=148651232kB VmSwap:=0kB Threads:=71 
MemAvailable_kib=86889368
      1   3       1   6       1   7       1   8       1  14       1  20       1  21       1  28       1  29       1  36       1  48       2  56       3  60       1  62       1  63       1  64       1  72       1  74       1  81       1  82       1  89       1  97       1 105       1 112       1 113       1 121       1 140       1 147       1 163       1 167       1 173       1 174       1 175       1 182       1 184       1 185      13 188      13 190       1 192       1 193       1 216       1 224       1 232       1 248 

Per-node process memory usage (in MBs) for PID 180856 (p10-avx-n384-pi)
                           Node 0          Node 1           Total
                  --------------- --------------- ---------------
Huge                         0.00            0.00            0.00
Heap                         0.90            0.23            1.13
Stack                        0.04            0.04            0.07
Private                  47931.64        97234.38       145166.02
----------------  --------------- --------------- ---------------
Total                    47932.57        97234.64       145167.21
utc=2026-09-12T19:29:07Z VmHWM:=148651232kB VmRSS:=148651232kB VmSwap:=0kB Threads:=71 
MemAvailable_kib=86890940
      1   3       1   6       1   7       1   8       1  14       1  19       1  20       1  21       1  28       1  29       1  36       1  48       2  56       3  60       1  62       1  63       2  64       1  74       1  81       1  82       1  89       1  97       1 105       1 112       1 113       1 121       1 140       1 163       1 167       1 173       1 174       1 175       1 182       1 184       1 185      13 188      13 190       1 193       1 200       1 216       1 224       1 232       1 248 

Per-node process memory usage (in MBs) for PID 180856 (p10-avx-n384-pi)
                           Node 0          Node 1           Total
                  --------------- --------------- ---------------
Huge                         0.00            0.00            0.00
Heap                         0.91            0.22            1.13
Stack                        0.04            0.04            0.07
Private                  49447.60        95718.41       145166.02
----------------  --------------- --------------- ---------------
Total                    49448.54        95718.67       145167.21
utc=2026-09-12T19:29:38Z VmHWM:=148651232kB VmRSS:=148651232kB VmSwap:=0kB Threads:=71 
MemAvailable_kib=86886728
      1   3       1   6       1   7       1   8       1  20       1  21       1  28       1  29       1  36       1  48       2  56       3  60       1  62       1  63       2  64       1  74       1  81       1  82       1  89       1  97       1 105       1 112       1 113       1 121       1 140       1 147       1 163       1 167       1 173       1 174       1 175       1 182       1 184       1 185      13 188      13 190       2 193       1 200       1 216       1 224       1 232       1 248 

Per-node process memory usage (in MBs) for PID 180856 (p10-avx-n384-pi)
                           Node 0          Node 1           Total
                  --------------- --------------- ---------------
Huge                         0.00            0.00            0.00
Heap                         0.91            0.21            1.13
Stack                        0.04            0.04            0.07
Private                  47421.08        97744.94       145166.02
----------------  --------------- --------------- ---------------
Total                    47422.03        97745.19       145167.21
utc=2026-09-12T19:30:08Z VmHWM:=148651232kB VmRSS:=148651232kB VmSwap:=0kB Threads:=71 
MemAvailable_kib=86846292
      1   3       1   5       1   6       1   7       1  15       1  19       1  20       1  21       1  23       1  28       1  29       1  36       1  46       1  49       2  56       3  60       1  62       1  63       1  64       1  65       1  74       1  81       1  82       1  89       1  97       1 105       1 112       1 113       1 121       1 140       1 163       1 167       1 175       1 182       1 184       1 185      13 188      13 190       1 194       1 200       1 216       1 224       1 232       1 248 

Per-node process memory usage (in MBs) for PID 180856 (p10-avx-n384-pi)
                           Node 0          Node 1           Total
                  --------------- --------------- ---------------
Huge                         0.00            0.00            0.00
Heap                         0.94            0.19            1.13
Stack                        0.04            0.04            0.07
Private                  47238.52        97927.49       145166.02
----------------  --------------- --------------- ---------------
Total                    47239.50        97927.71       145167.21
utc=2026-09-12T19:30:39Z VmHWM:=148651232kB VmRSS:=148651232kB VmSwap:=0kB Threads:=71 
MemAvailable_kib=86869732
      1   3       1   5       1   6       1   7       1  15       1  20       1  21       1  23       1  28       1  29       1  32       1  36       1  46       1  49       2  56       3  60       1  62       1  63       1  64       1  65       1  72       1  74       1  81       1  82       1  89       1  97       1 105       1 112       1 113       1 121       1 140       1 163       1 167       1 175       1 182       1 184       1 185      13 188      13 190       1 194       1 216       1 224       1 232       1 248 

Per-node process memory usage (in MBs) for PID 180856 (p10-avx-n384-pi)
                           Node 0          Node 1           Total
                  --------------- --------------- ---------------
Huge                         0.00            0.00            0.00
Heap                         0.93            0.20            1.13
Stack                        0.04            0.04            0.07
Private                  46857.14        98308.88       145166.02
----------------  --------------- --------------- ---------------
Total                    46858.11        98309.11       145167.21
utc=2026-09-12T19:31:10Z VmHWM:=148651232kB VmRSS:=148651232kB VmSwap:=0kB Threads:=71 
MemAvailable_kib=86878624
      1   0       1   3       1   6       1   7       1  15       1  20       1  21       1  23       1  28       1  29       1  36       1  46       1  49       2  56       3  60       1  62       1  63       1  64       1  65       1  72       1  74       1  81       1  82       1  89       1  97       1 105       1 112       1 113       1 121       1 140       1 160       1 163       1 167       1 175       1 182       1 184       1 185      13 188      13 190       1 194       1 216       1 224       1 232       1 248 

Per-node process memory usage (in MBs) for PID 180856 (p10-avx-n384-pi)
                           Node 0          Node 1           Total
                  --------------- --------------- ---------------
Huge                         0.00            0.00            0.00
Heap                         0.89            0.23            1.13
Stack                        0.04            0.04            0.07
Private                  48315.11        96850.91       145166.02
----------------  --------------- --------------- ---------------
Total                    48316.04        96851.18       145167.21
utc=2026-09-12T19:31:41Z VmHWM:=148652256kB VmRSS:=148652256kB VmSwap:=0kB Threads:=71 
MemAvailable_kib=86874952
      1   0       1   3       1   7       1  14       1  15       1  20       1  21       1  26       1  28       1  32       1  46       1  51       2  56       4  60       2  62       1  63       1  64       1  65       1  72       1  74       1  81       1  82       1  89       1  97       1 105       1 112       1 113       1 121       1 130       1 151       1 160       1 163       1 167       1 175       1 182       1 184      13 188      12 190       1 194       1 216       1 224       1 232       1 248 

Per-node process memory usage (in MBs) for PID 180856 (p10-avx-n384-pi)
                           Node 0          Node 1           Total
                  --------------- --------------- ---------------
Huge                         0.00            0.00            0.00
Heap                         0.87            1.26            2.13
Stack                        0.04            0.04            0.07
Private                  48314.76        96851.25       145166.02
----------------  --------------- --------------- ---------------
Total                    48315.67        96852.55       145168.21
utc=2026-09-12T19:32:12Z VmHWM:=148652256kB VmRSS:=148652256kB VmSwap:=0kB Threads:=71 
MemAvailable_kib=86844132
      1   3       1   7       1  14       1  15       1  20       1  21       1  26       1  28       2  32       1  40       1  46       1  51       2  56       4  60       2  62       1  63       1  64       1  72       1  74       1  81       1  82       1  89       1  97       1 105       1 112       1 113       1 121       1 130       1 151       1 152       1 163       1 175       1 182       1 184      13 188      12 190       1 194       1 200       1 216       1 224       1 232       1 248 

Per-node process memory usage (in MBs) for PID 180856 (p10-avx-n384-pi)
                           Node 0          Node 1           Total
                  --------------- --------------- ---------------
Huge                         0.00            0.00            0.00
Heap                         0.91            1.22            2.13
Stack                        0.04            0.04            0.07
Private                  48187.70        96978.31       145166.02
----------------  --------------- --------------- ---------------
Total                    48188.64        96979.57       145168.21
utc=2026-09-12T19:32:43Z VmHWM:=148652256kB VmRSS:=148652256kB VmSwap:=0kB Threads:=71 
MemAvailable_kib=86880200
      1   3       1   7       1  14       1  15       2  21       1  23       1  25       1  26       1  28       2  32       1  44       1  46       1  51       2  56       4  60       2  62       1  63       1  64       1  74       1  81       1  89       1  97       1 105       1 112       1 113       1 121       1 130       1 163       1 175       1 182       1 184      13 188      12 190       1 194       1 200       1 201       1 210       1 216       1 224       1 232       1 248 

Per-node process memory usage (in MBs) for PID 180856 (p10-avx-n384-pi)
                           Node 0          Node 1           Total
                  --------------- --------------- ---------------
Huge                         0.00            0.00            0.00
Heap                         0.91            1.22            2.13
Stack                        0.04            0.04            0.07
Private                  49617.09        95548.93       145166.02
----------------  --------------- --------------- ---------------
Total                    49618.04        95550.18       145168.21
utc=2026-09-12T19:33:14Z VmHWM:=148652256kB VmRSS:=148652256kB VmSwap:=0kB Threads:=71 
MemAvailable_kib=86848308
      1   3       1   7       1  14       1  15       2  21       1  23       1  25       1  26       1  28       2  32       1  44       1  46       1  51       2  56       4  60       2  62       1  63       1  64       1  66       1  72       1  74       1  81       1  89       1  97       1 105       1 112       1 113       1 121       1 130       1 163       1 175       1 182       1 184      13 188      12 190       1 201       1 210       1 216       1 224       1 232       1 248 

Per-node process memory usage (in MBs) for PID 180856 (p10-avx-n384-pi)
                           Node 0          Node 1           Total
                  --------------- --------------- ---------------
Huge                         0.00            0.00            0.00
Heap                         0.90            1.23            2.13
Stack                        0.04            0.04            0.07
Private                  49431.61        95734.40       145166.02
----------------  --------------- --------------- ---------------
Total                    49432.55        95735.66       145168.21
utc=2026-09-12T19:33:45Z VmHWM:=148652256kB VmRSS:=148652256kB VmSwap:=0kB Threads:=71 
MemAvailable_kib=86845716
      1   3       1   7       1  14       1  15       2  21       1  23       1  25       1  26       1  28       2  32       1  35       1  44       1  46       1  51       2  56       4  60       2  62       1  63       1  64       1  66       1  74       1  81       1  89       1  97       1 105       1 113       1 121       1 130       1 175       1 182       1 184      13 188      12 190       1 200       1 201       1 210       1 216       1 224       1 232       1 240       1 248 

Per-node process memory usage (in MBs) for PID 180856 (p10-avx-n384-pi)
                           Node 0          Node 1           Total
                  --------------- --------------- ---------------
Huge                         0.00            0.00            0.00
Heap                         0.91            1.22            2.13
Stack                        0.04            0.04            0.07
Private                  48938.29        96227.73       145166.02
----------------  --------------- --------------- ---------------
Total                    48939.23        96228.98       145168.21
utc=2026-09-12T19:34:16Z VmHWM:=148652256kB VmRSS:=148652256kB VmSwap:=0kB Threads:=71 
MemAvailable_kib=86851064
      1   3       1   7       1  14       1  15       2  21       1  23       1  26       1  28       2  32       1  35       1  40       1  46       1  51       2  56       4  60       2  62       1  63       1  64       1  66       1  72       1  74       1  81       1  89       1  97       1 105       1 113       1 121       1 130       1 152       1 175       1 182       1 184      13 188      12 190       1 201       1 210       1 216       1 224       1 232       1 240       1 248 

Per-node process memory usage (in MBs) for PID 180856 (p10-avx-n384-pi)
                           Node 0          Node 1           Total
                  --------------- --------------- ---------------
Huge                         0.00            0.00            0.00
Heap                         0.91            1.22            2.13
Stack                        0.04            0.04            0.07
Private                  48189.32        96976.69       145166.02
----------------  --------------- --------------- ---------------
Total                    48190.27        96977.95       145168.21
utc=2026-09-12T19:34:47Z VmHWM:=148652256kB VmRSS:=148652256kB VmSwap:=0kB Threads:=71 
MemAvailable_kib=86842168
      1   7       1  14       1  15       2  21       1  23       1  26       1  28       2  32       1  35       2  40       1  46       1  51       3  56       3  60       1  62       1  63       2  64       1  66       1  72       1  74       1  81       1  89       1  97       1 105       1 113       1 121       1 130       1 152       1 175       1 182       1 184      13 188      12 190       1 201       1 210       1 216       1 224       1 232       1 240       1 248 

Per-node process memory usage (in MBs) for PID 180856 (p10-avx-n384-pi)
                           Node 0          Node 1           Total
                  --------------- --------------- ---------------
Huge                         0.00            0.00            0.00
Heap                         0.91            1.22            2.13
Stack                        0.04            0.04            0.07
Private                  49053.84        96112.18       145166.02
----------------  --------------- --------------- ---------------
Total                    49054.78        96113.44       145168.21
utc=2026-09-12T19:35:18Z VmHWM:=148652256kB VmRSS:=148652256kB VmSwap:=0kB Threads:=71 
MemAvailable_kib=86846360
      1   7       1  14       1  15       1  16       2  21       1  23       1  26       1  28       2  32       1  35       1  40       1  46       1  51       3  56       3  60       1  62       1  63       2  64       1  66       1  72       1  74       1  81       1  89       1  97       1 105       1 113       1 121       1 130       1 152       1 175       1 182       1 184      13 188      12 190       1 201       1 210       1 216       1 224       1 232       1 240       1 248 

Per-node process memory usage (in MBs) for PID 180856 (p10-avx-n384-pi)
                           Node 0          Node 1           Total
                  --------------- --------------- ---------------
Huge                         0.00            0.00            0.00
Heap                         0.92            1.21            2.13
Stack                        0.04            0.04            0.07
Private                  50152.29        95013.72       145166.02
----------------  --------------- --------------- ---------------
Total                    50153.25        95014.96       145168.21
utc=2026-09-12T19:35:49Z VmHWM:=148652256kB VmRSS:=148652256kB VmSwap:=0kB Threads:=71 
MemAvailable_kib=86832448
      1   7       1  14       1  15       2  21       1  23       1  26       1  28       2  32       1  35       1  40       1  46       1  51       3  56       3  60       1  62       1  63       2  64       1  66       1  74       1  81       1  89       1  97       1 105       1 113       1 121       1 128       1 130       1 152       1 175       1 182       1 184      13 188      12 190       1 200       1 201       1 210       1 216       1 224       1 232       1 240       1 248 

Per-node process memory usage (in MBs) for PID 180856 (p10-avx-n384-pi)
                           Node 0          Node 1           Total
                  --------------- --------------- ---------------
Huge                         0.00            0.00            0.00
Heap                         0.91            1.21            2.13
Stack                        0.04            0.04            0.07
Private                  49984.79        95181.23       145166.02
----------------  --------------- --------------- ---------------
Total                    49985.73        95182.48       145168.21
utc=2026-09-12T19:36:20Z VmHWM:=148652256kB VmRSS:=148652256kB VmSwap:=0kB Threads:=71 
MemAvailable_kib=86836548
      1  14       1  15       2  21       1  23       1  24       1  26       1  28       2  32       1  35       1  46       1  51       2  56       3  60       1  62       1  63       1  64       1  65       1  72       1  73       1  81       1  89       1  97       1 105       1 113       1 121       2 128       1 130       1 175       1 182       2 184      13 188      12 190       1 194       1 201       1 202       1 210       1 216       1 224       1 232       1 240       1 248 

Per-node process memory usage (in MBs) for PID 180856 (p10-avx-n384-pi)
                           Node 0          Node 1           Total
                  --------------- --------------- ---------------
Huge                         0.00            0.00            0.00
Heap                         0.91            1.21            2.13
Stack                        0.04            0.04            0.07
Private                  49202.27        95963.74       145166.02
----------------  --------------- --------------- ---------------
Total                    49203.22        95964.99       145168.21
utc=2026-09-12T19:36:51Z VmHWM:=148652256kB VmRSS:=148652256kB VmSwap:=0kB Threads:=71 
MemAvailable_kib=86851568
      1  14       1  15       2  21       1  23       1  24       1  26       1  28       2  32       1  35       1  46       1  51       2  56       3  60       1  62       1  63       1  64       1  65       1  72       1  73       1  81       1  89       1  97       1 105       1 113       1 121       1 128       2 130       1 175       1 182       2 184      13 188      12 190       1 194       1 201       1 202       1 210       1 216       1 224       1 232       1 240       1 248 

Per-node process memory usage (in MBs) for PID 180856 (p10-avx-n384-pi)
                           Node 0          Node 1           Total
                  --------------- --------------- ---------------
Huge                         0.00            0.00            0.00
Heap                         0.91            1.21            2.13
Stack                        0.04            0.04            0.07
Private                  49137.14        96028.87       145166.02
----------------  --------------- --------------- ---------------
Total                    49138.09        96030.12       145168.21
utc=2026-09-12T19:37:21Z VmHWM:=148652256kB VmRSS:=148652256kB VmSwap:=0kB Threads:=71 
MemAvailable_kib=86861284
      1  14       1  15       2  21       1  23       2  26       1  28       2  32       1  35       1  46       1  51       2  56       3  60       1  62       1  63       1  64       1  65       2  72       1  73       1  81       1  89       1  97       1 105       1 113       1 121       1 128       2 130       1 175       1 182       2 184      13 188      12 190       1 194       1 202       1 210       1 216       1 224       1 232       1 240       1 248 

Per-node process memory usage (in MBs) for PID 180856 (p10-avx-n384-pi)
                           Node 0          Node 1           Total
                  --------------- --------------- ---------------
Huge                         0.00            0.00            0.00
Heap                         0.91            1.21            2.13
Stack                        0.04            0.04            0.07
Private                  48182.93        96983.09       145166.02
----------------  --------------- --------------- ---------------
Total                    48183.88        96984.34       145168.21
utc=2026-09-12T19:37:52Z VmHWM:=148652256kB VmRSS:=148652256kB VmSwap:=0kB Threads:=71 
MemAvailable_kib=86841512
      1  14       1  15       2  21       1  23       2  26       1  28       2  32       1  35       1  46       1  51       2  56       3  60       1  62       1  63       1  64       1  65       1  72       1  73       1  81       1  89       1  97       1 105       1 113       1 121       1 128       2 130       1 175       1 182       2 184      13 188      12 190       1 194       1 200       1 202       1 210       1 216       1 224       1 232       1 240       1 248 

Per-node process memory usage (in MBs) for PID 180856 (p10-avx-n384-pi)
                           Node 0          Node 1           Total
                  --------------- --------------- ---------------
Huge                         0.00            0.00            0.00
Heap                         0.91            1.22            2.13
Stack                        0.04            0.04            0.07
Private                  48182.93        96983.09       145166.02
----------------  --------------- --------------- ---------------
Total                    48183.88        96984.34       145168.21
utc=2026-09-12T19:38:23Z VmHWM:=148652256kB VmRSS:=148652256kB VmSwap:=0kB Threads:=71 
MemAvailable_kib=86860368
      1  14       1  15       2  21       1  23       2  26       1  28       2  32       1  35       1  46       1  47       1  48       2  56       3  60       1  62       1  63       1  64       1  65       1  73       1  75       1  81       1  89       1  97       1 105       1 113       1 121       1 128       2 130       1 182       2 184      13 188      12 190       1 194       1 200       1 202       1 210       1 216       1 224       1 232       1 240       1 248 

Per-node process memory usage (in MBs) for PID 180856 (p10-avx-n384-pi)
                           Node 0          Node 1           Total
                  --------------- --------------- ---------------
Huge                         0.00            0.00            0.00
Heap                         0.91            1.22            2.13
Stack                        0.04            0.04            0.07
Private                  48213.11        96952.91       145166.02
----------------  --------------- --------------- ---------------
Total                    48214.05        96954.16       145168.21
utc=2026-09-12T19:38:54Z VmHWM:=148652256kB VmRSS:=148652256kB VmSwap:=0kB Threads:=71 
MemAvailable_kib=86859836
      1  14       1  15       1  21       2  26       1  28       2  32       1  35       1  46       1  47       1  48       2  56       3  60       1  62       1  63       2  65       1  72       1  73       1  80       1  81       1  89       1  97       1 105       1 113       1 121       1 128       2 130       1 151       1 182       2 184      13 188      12 190       1 194       1 202       1 203       1 210       1 216       1 224       1 232       1 240       1 248 

Per-node process memory usage (in MBs) for PID 180856 (p10-avx-n384-pi)
                           Node 0          Node 1           Total
                  --------------- --------------- ---------------
Huge                         0.00            0.00            0.00
Heap                         0.91            1.22            2.13
Stack                        0.04            0.04            0.07
Private                  48925.41        96240.61       145166.02
----------------  --------------- --------------- ---------------
Total                    48926.35        96241.86       145168.21
utc=2026-09-12T19:39:25Z monitor_exit
