preflight source=1b89176f63737bbeb3ed65c7e3c7fe6dbeef8f02 cap=34359738368 run_reservation=4505258344 snapshot_bytes=2764800 io_allowance=4096 combined=4508027240 args=Arguments { grid: 48, force_grid: 192, step: 64, endpoint: 4096, method: CoxMatthews, workers: 32, deadline_seconds: 9000 } settings=Settings { domain: Domain { layout: Layout { dimensions: [48, 48, 48], real_len: 110592, half_len: 57600 }, lengths: [1.0, 1.0, 1.0], viscosity: 1.0 }, force: ForceSettings { samples: Layout { dimensions: [192, 192, 192], real_len: 7077888, half_len: 3575808 }, workers: 32 }, initial_clock: TickClock { exponent: -20, target: 8192, elapsed: 0, remaining: 8192 }, configuration: Configuration { limits: RunLimits { endpoint: 4096, step_ticks: 64, maximum_attempts: 64 }, method: CoxMatthews, tolerances: Tolerances { absolute: [1e-5, 0.0001], relative: [1e-5, 1e-5] } }, advective_limit: 0.3 } mode=AttemptCached integration_limits=[768, 701353234176, 9984] observer_limits=BalanceObserverLimits { storage_bytes: 3835497936, samples: 64, work_units: 467480346624, scalar_transforms: 768 }
attempt=1 committed=1 clock=64 step_seconds=130.092111905 outcome=Committed(Indicators { errors: [1.5876266123413944e-13, 4.298605465377975e-12], ratios: [1.5876266123411418e-8, 4.298605465376108e-8] })
attempt=2 committed=2 clock=128 step_seconds=138.186751819 outcome=Committed(Indicators { errors: [1.9484212947211055e-7, 5.552137821433861e-6], ratios: [0.019484201911962654, 0.05552129232857658] })
attempt=3 committed=3 clock=192 step_seconds=136.812789790 outcome=Committed(Indicators { errors: [1.2579079986150912e-6, 5.8661237609474474e-5], ratios: [0.12577597761103987, 0.5864243665685194] })
attempt=4 committed=4 clock=256 step_seconds=135.598691064 outcome=Committed(Indicators { errors: [8.769492375806888e-7, 7.00905760087792e-5], ratios: [0.08754056417160902, 0.6975611539099142] })
attempt=5 committed=5 clock=320 step_seconds=138.719067636 outcome=Committed(Indicators { errors: [1.0262564443059286e-6, 5.305167739971475e-5], ratios: [0.1017019564068637, 0.5177330629617678] })
attempt=6 committed=6 clock=384 step_seconds=135.435455910 outcome=Committed(Indicators { errors: [4.574967206739813e-7, 2.3706377139195758e-5], ratios: [0.04453159749024763, 0.22065736766247446] })
attempt=7 committed=7 clock=448 step_seconds=139.940766068 outcome=Committed(Indicators { errors: [2.272724947494432e-7, 1.757622636102072e-5], ratios: [0.021432621497734453, 0.1509762429746091] })
attempt=8 committed=8 clock=512 step_seconds=136.289238964 outcome=Committed(Indicators { errors: [3.201252600069297e-7, 2.8011179064864685e-5], ratios: [0.02885171415793917, 0.2158503826773862] })
attempt=9 committed=9 clock=576 step_seconds=135.945001231 outcome=Committed(Indicators { errors: [3.242273081474641e-7, 3.175236144977957e-5], ratios: [0.02761940629628326, 0.21562929033306832] })
attempt=10 committed=10 clock=640 step_seconds=133.506521927 outcome=Committed(Indicators { errors: [2.6284244882302684e-7, 2.9529465483974375e-5], ratios: [0.02100657631810517, 0.1755020088831292] })
attempt=11 committed=11 clock=704 step_seconds=136.981380861 outcome=Committed(Indicators { errors: [1.8879103023055452e-7, 2.4406753161721764e-5], ratios: [0.01410157821751527, 0.12709640734106742] })
attempt=12 committed=12 clock=768 step_seconds=136.014388296 outcome=Committed(Indicators { errors: [1.2952756944208846e-7, 1.8746499836486284e-5], ratios: [0.009033118348384892, 0.08604801655413842] })
attempt=13 committed=13 clock=832 step_seconds=133.087530103 outcome=Committed(Indicators { errors: [9.276972605028473e-8, 1.3966727498251194e-5], ratios: [0.006046185328291507, 0.056977983752514755] })
attempt=14 committed=14 clock=896 step_seconds=136.319478271 outcome=Committed(Indicators { errors: [7.653731554747814e-8, 1.0787610748479008e-5], ratios: [0.0046717168517348105, 0.03946555620892914] })
attempt=15 committed=15 clock=960 step_seconds=134.263124778 outcome=Committed(Indicators { errors: [7.533495764971315e-8, 9.438385734537107e-6], ratios: [0.00431853145455404, 0.031237570903763858] })
attempt=16 committed=16 clock=1024 step_seconds=132.255428450 outcome=Committed(Indicators { errors: [8.452627643976468e-8, 9.775164052487875e-6], ratios: [0.004564649759399461, 0.02950866603080382] })
attempt=17 committed=17 clock=1088 step_seconds=134.299794856 outcome=Committed(Indicators { errors: [1.0232336731274527e-7, 1.159571916487951e-5], ratios: [0.005222323811137536, 0.032169742724317676] })
attempt=18 committed=18 clock=1152 step_seconds=136.454384428 outcome=Committed(Indicators { errors: [1.279610242137903e-7, 1.4847177485992847e-5], ratios: [0.0061926201804846604, 0.03812028914051136] })
attempt=19 committed=19 clock=1216 step_seconds=138.369668385 outcome=Committed(Indicators { errors: [1.5905770025654655e-7, 1.9392840909258574e-5], ratios: [0.007324047104289998, 0.04638707006879154] })
attempt=20 committed=20 clock=1280 step_seconds=126.714277901 outcome=Committed(Indicators { errors: [1.9031125097656967e-7, 2.4678351607951687e-5], ratios: [0.008368686048363891, 0.05535342835009828] })
attempt=21 committed=21 clock=1344 step_seconds=129.471717163 outcome=Committed(Indicators { errors: [2.1496852942776382e-7, 2.9465196696965695e-5], ratios: [0.009064184918689096, 0.06238831410180763] })
attempt=22 committed=22 clock=1408 step_seconds=131.579472989 outcome=Committed(Indicators { errors: [2.3299587743999021e-7, 3.1675109722331546e-5], ratios: [0.009463703637161714, 0.06375877337537418] })
attempt=23 committed=23 clock=1472 step_seconds=131.131693948 outcome=Committed(Indicators { errors: [2.6741745591270873e-7, 2.8713908668313283e-5], ratios: [0.010518179610103425, 0.05536703811074016] })
attempt=24 committed=24 clock=1536 step_seconds=127.945207574 outcome=Committed(Indicators { errors: [3.5166962764501744e-7, 1.9984486544980775e-5], ratios: [0.01347365333914306, 0.037218630101833405] })
attempt=25 committed=25 clock=1600 step_seconds=128.642075260 outcome=Committed(Indicators { errors: [4.5988330456946526e-7, 2.1358889969753743e-5], ratios: [0.017272806238206474, 0.038752451095423614] })
attempt=26 committed=26 clock=1664 step_seconds=129.963664008 outcome=Committed(Indicators { errors: [5.021419688580431e-7, 4.475244572237806e-5], ratios: [0.018607183436071695, 0.07977662620836903] })
attempt=27 committed=27 clock=1728 step_seconds=129.209579151 outcome=Committed(Indicators { errors: [5.279307423227929e-7, 6.489194496429448e-5], ratios: [0.019410591770681163, 0.11450629429623285] })
attempt=28 committed=28 clock=1792 step_seconds=133.272403097 outcome=Committed(Indicators { errors: [1.0255781094412234e-6, 6.116372443270375e-5], ratios: [0.03756988195210448, 0.10741423495685336] })
attempt=29 committed=29 clock=1856 step_seconds=132.272685151 outcome=Committed(Indicators { errors: [1.0735842702012568e-6, 3.71278126739458e-5], ratios: [0.03926847594686341, 0.06507309843496505] })
attempt=30 committed=30 clock=1920 step_seconds=123.587312076 outcome=Committed(Indicators { errors: [9.278318039910376e-7, 2.017359453804661e-5], ratios: [0.033904828865752246, 0.03531331443379002] })
attempt=31 committed=31 clock=1984 step_seconds=123.673394122 outcome=Committed(Indicators { errors: [1.888844591217007e-7, 4.415577066581506e-6], ratios: [0.006895866857543682, 0.007719925544484727] })
attempt=32 committed=32 clock=2048 step_seconds=105.740368903 outcome=Committed(Indicators { errors: [2.0416098576529566e-9, 3.2195884258494495e-7], ratios: [7.446677278444223e-5, 0.0005621973714760142] })
attempt=33 committed=33 clock=2112 step_seconds=101.240154299 outcome=Committed(Indicators { errors: [2.0551299838317446e-9, 3.241655253227506e-7], ratios: [7.488983223900186e-5, 0.0005653405391195236] })
attempt=34 committed=34 clock=2176 step_seconds=110.175329139 outcome=Committed(Indicators { errors: [2.068901274385079e-9, 3.264078839742006e-7], ratios: [7.532058688506206e-5, 0.0005685263833387436] })
attempt=35 committed=35 clock=2240 step_seconds=99.933945370 outcome=Committed(Indicators { errors: [2.0828535873715064e-9, 3.2867578580672954e-7], ratios: [7.5756439597481e-5, 0.0005717365970951873] })
attempt=36 committed=36 clock=2304 step_seconds=102.146722411 outcome=Committed(Indicators { errors: [2.096970303951899e-9, 3.3096668869593874e-7], ratios: [7.619674696599341e-5, 0.0005749661310667615] })
attempt=37 committed=37 clock=2368 step_seconds=99.268873646 outcome=Committed(Indicators { errors: [2.1112499909438196e-9, 3.332800548843392e-7], ratios: [7.664141834189879e-5, 0.000578213416323525] })
attempt=38 committed=38 clock=2432 step_seconds=112.316600329 outcome=Committed(Indicators { errors: [2.125696036699319e-9, 3.356159319568393e-7], ratios: [7.709053729953872e-5, 0.0005814778821733608] })
attempt=39 committed=39 clock=2496 step_seconds=105.400112654 outcome=Committed(Indicators { errors: [2.1403137485426173e-9, 3.3797456009801016e-7], ratios: [7.754425558917423e-5, 0.0005847592689497889] })
attempt=40 committed=40 clock=2560 step_seconds=98.705327575 outcome=Committed(Indicators { errors: [2.1551095489137608e-9, 3.403562584414952e-7], ratios: [7.80027636558746e-5, 0.0005880574283579086] })
attempt=41 committed=41 clock=2624 step_seconds=102.819529780 outcome=Committed(Indicators { errors: [2.170090776236096e-9, 3.4276139104999765e-7], ratios: [7.846628318864105e-5, 0.0005913722627201724] })
attempt=42 committed=42 clock=2688 step_seconds=102.957835059 outcome=Committed(Indicators { errors: [2.1852657136846115e-9, 3.45190359180505e-7], ratios: [7.893506793810283e-5, 0.0005947037099064309] })
attempt=43 committed=43 clock=2752 step_seconds=98.596095739 outcome=Committed(Indicators { errors: [2.2006436742266733e-9, 3.4764360154083016e-7], ratios: [7.940940655169799e-5, 0.0005980517420329425] })
attempt=44 committed=44 clock=2816 step_seconds=99.698106517 outcome=Committed(Indicators { errors: [2.2162351593627154e-9, 3.5012159834838056e-7], ratios: [7.988962803941718e-5, 0.0006014163705914738] })
attempt=45 committed=45 clock=2880 step_seconds=99.047798038 outcome=Committed(Indicators { errors: [2.232052029346623e-9, 3.526248778795454e-7], ratios: [8.03761076092581e-5, 0.0006047976556836679] })
attempt=46 committed=46 clock=2944 step_seconds=99.082946611 outcome=Committed(Indicators { errors: [2.2481077265924287e-9, 3.551540242076288e-7], ratios: [8.086927436820411e-5, 0.0006081957170746619] })
attempt=47 committed=47 clock=3008 step_seconds=99.073849150 outcome=Committed(Indicators { errors: [2.264417520823879e-9, 3.577096867847039e-7], ratios: [8.13696197429396e-5, 0.0006116107481508185] })
attempt=48 committed=48 clock=3072 step_seconds=102.703648401 outcome=Committed(Indicators { errors: [2.2809988149861477e-9, 3.602925923815157e-7], ratios: [8.187770801297216e-5, 0.0006150430336088993] })
attempt=49 committed=49 clock=3136 step_seconds=100.195623821 outcome=Committed(Indicators { errors: [2.2978714875987144e-9, 3.6290355835064193e-7], ratios: [8.23941880651964e-5, 0.0006184929690482993] })
attempt=50 committed=50 clock=3200 step_seconds=102.175914734 outcome=Committed(Indicators { errors: [2.3150583160263385e-9, 3.65543509801266e-7], ratios: [8.2919807949968e-5, 0.0006219610868226471] })
attempt=51 committed=51 clock=3264 step_seconds=106.914269865 outcome=Committed(Indicators { errors: [2.3325854623072492e-9, 3.682134991848326e-7], ratios: [8.345543155590347e-5, 0.0006254480854973186] })
attempt=52 committed=52 clock=3328 step_seconds=108.798550498 outcome=Committed(Indicators { errors: [2.350483049447462e-9, 3.709147302275052e-7], ratios: [8.400205837917958e-5, 0.0006289548661150885] })
attempt=53 committed=53 clock=3392 step_seconds=108.982572204 outcome=Committed(Indicators { errors: [2.368785851732774e-9, 3.736485867883076e-7], ratios: [8.456084719748292e-5, 0.0006324825761229318] })
attempt=54 committed=54 clock=3456 step_seconds=109.280722396 outcome=Committed(Indicators { errors: [2.387534107246556e-9, 3.7641666742400607e-7], ratios: [8.513314390216011e-5, 0.0006360326621316551] })
attempt=55 committed=55 clock=3520 step_seconds=99.584340033 outcome=Committed(Indicators { errors: [2.4067744848460757e-9, 3.7922082802088594e-7], ratios: [8.572051459476762e-5, 0.000639606935312845] })
attempt=56 committed=56 clock=3584 step_seconds=98.879751209 outcome=Committed(Indicators { errors: [2.426561231369227e-9, 3.8206323187853314e-7], ratios: [8.63247848112921e-5, 0.000643207648157136] })
attempt=57 committed=57 clock=3648 step_seconds=101.211703944 outcome=Committed(Indicators { errors: [2.446957555733299e-9, 3.8494641221248724e-7], ratios: [8.694808682389457e-5, 0.0006468375906945073] })
attempt=58 committed=58 clock=3712 step_seconds=102.740448825 outcome=Committed(Indicators { errors: [2.468037253346465e-9, 3.8787334741776846e-7], ratios: [8.759291505848539e-5, 0.000650500206373092] })
attempt=59 committed=59 clock=3776 step_seconds=98.508836078 outcome=Committed(Indicators { errors: [2.4898866703292314e-9, 3.9084755316710187e-7], ratios: [8.82621930674292e-5, 0.000654199734001991] })
attempt=60 committed=60 clock=3840 step_seconds=105.217408039 outcome=Committed(Indicators { errors: [2.5126070422290517e-9, 3.938731947636243e-7], ratios: [8.895935316354362e-5, 0.0006579413809281454] })
attempt=61 committed=61 clock=3904 step_seconds=116.018379686 outcome=Committed(Indicators { errors: [2.536317295435563e-9, 3.969552258098864e-7], ratios: [8.96884316966722e-5, 0.0006617315368856304] })
attempt=62 committed=62 clock=3968 step_seconds=109.454736019 outcome=Committed(Indicators { errors: [2.5611574030151956e-9, 4.0009955783194154e-7], ratios: [9.045418304062051e-5, 0.0006655780353659837] })
attempt=63 committed=63 clock=4032 step_seconds=115.194889428 outcome=Committed(Indicators { errors: [2.5872924060788573e-9, 4.033132696565432e-7], ratios: [9.12622160016364e-5, 0.00066949047605921] })
attempt=64 committed=64 clock=4096 step_seconds=100.020196381 outcome=Committed(Indicators { errors: [2.614917237063856e-9, 4.066048667863944e-7], ratios: [9.211915719985687e-5, 0.0006734806239701746] })
forensic tag=accepted path=forensics/accepted-n48-m192-cm64-clock4096.coeff.bin bytes=2764800 sha256=[da, f1, 49, fa, 0d, 69, 0c, 5e, 51, 98, f8, 92, 81, ff, 8f, f4, e0, 0d, fb, f9, 54, ec, 17, e8, cc, e4, 3f, 8a, 60, 5f, 96, e2]
terminal=completed endpoint=4096 attempts=64 committed=64 wall_seconds=7548.136393166 observer=BalanceObserverWork { samples: 64, work_units: 3623978588, scalar_transforms: 768 }
