warning: --branch option is unstable
info: cargo-llvm-cov currently setting cfg(coverage) and cfg(coverage_nightly); you can opt-out it by passing --no-cfg-coverage and --no-cfg-coverage-nightly
   Compiling autocfg v1.5.1
   Compiling version_check v0.9.5
   Compiling crossbeam-utils v0.8.23
   Compiling crossbeam-epoch v0.9.21
   Compiling typenum v1.20.1
   Compiling crossbeam-deque v0.8.8
   Compiling rayon-core v1.13.0
   Compiling strength_reduce v0.2.4
   Compiling either v1.18.0
   Compiling cpufeatures v0.2.17
   Compiling cfg-if v1.0.4
   Compiling stats_alloc v0.1.10
   Compiling generic-array v0.14.7
   Compiling num-traits v0.2.19
   Compiling num-integer v0.1.47
   Compiling num-complex v0.4.6
   Compiling rayon v1.12.0
   Compiling crypto-common v0.1.7
   Compiling block-buffer v0.10.4
   Compiling transpose v0.2.3
   Compiling primal-check v0.3.4
   Compiling digest v0.10.7
   Compiling sha2 v0.10.9
   Compiling rustfft v6.4.1
   Compiling nsbu-solver v0.1.0-alpha.1 (/mnt/niva-array/nsbu-solver/work/p10-parallel-fft-review-20260913/crates/nsbu-solver)
   Compiling nsbu-benchmarks v0.1.0-alpha.1 (/mnt/niva-array/nsbu-solver/work/p10-parallel-fft-review-20260913/crates/nsbu-benchmarks)
   Compiling p10-n512-m512-parallel-fft-timing v0.0.0 (/mnt/niva-array/nsbu-solver/work/p10-parallel-fft-review-20260913/evidence/p10/n512-m512-parallel-fft-timing-20260913/harness)
    Finished `test` profile [unoptimized + debuginfo] target(s) in 19.39s
     Running unittests src/main.rs (/tmp/nsbu-root-harness-dependency-coverage/llvm-cov-target/debug/deps/p10_n512_m512_parallel_fft_timing-6c8c56bcd544dd54)

    Finished report saved to /mnt/niva-array/nsbu-solver/work/p10-parallel-fft-review-20260913/evidence/p10/fft-parallel-review-20260913/actual-harness-dependencies-coverage.json
