   Compiling num-traits v0.2.19
    Checking typenum v1.20.1
    Checking strength_reduce v0.2.4
    Checking either v1.18.0
    Checking cpufeatures v0.2.17
    Checking cfg-if v1.0.4
    Checking stats_alloc v0.1.10
   Compiling serde_core v1.0.229
   Compiling serde_json v1.0.145
    Checking ryu v1.0.23
    Checking memchr v2.8.3
    Checking itoa v1.0.18
    Checking m512-alloc-trace v0.1.0-alpha.1 (/mnt/niva-array/nsbu-solver/work/p10-parallel-fft-review-20260913/crates/m512-alloc-trace)
   Compiling crossbeam-utils v0.8.23
   Compiling crossbeam-epoch v0.9.21
   Compiling crossbeam-deque v0.8.8
   Compiling rayon-core v1.13.0
   Compiling generic-array v0.14.7
    Checking num-integer v0.1.47
    Checking num-complex v0.4.6
    Checking transpose v0.2.3
    Checking primal-check v0.3.4
    Checking rayon v1.12.0
    Checking rustfft v6.4.1
    Checking block-buffer v0.10.4
    Checking crypto-common v0.1.7
    Checking digest v0.10.7
    Checking sha2 v0.10.9
    Checking nsbu-solver v0.1.0-alpha.1 (/mnt/niva-array/nsbu-solver/work/p10-parallel-fft-review-20260913/crates/nsbu-solver)
    Checking nsbu-benchmarks v0.1.0-alpha.1 (/mnt/niva-array/nsbu-solver/work/p10-parallel-fft-review-20260913/crates/nsbu-benchmarks)
    Checking nsbu-cli v0.1.0-alpha.1 (/mnt/niva-array/nsbu-solver/work/p10-parallel-fft-review-20260913/crates/nsbu-cli)
    Finished `dev` profile [unoptimized + debuginfo] target(s) in 19.39s
