
running 51 tests
test fields::axial::tests::every_force_derivative_and_root_word_matches_the_uncached_point_evaluator ... ok
test fields::axial::tests::missing_wrong_plane_and_stale_time_caches_are_refused_for_active_points ... ok
test fields::axial::tests::remaining_coordinate_cannot_be_replaced_by_a_colliding_rounded_elapsed_time ... ok
test fields::tests::diagnostic_assembly_retains_component_signs_and_term_magnitudes ... ok
test fields::tests::transport_magnitude_includes_diffusion_gradient ... ok
test jet::derivative_tests::every_monomial_and_mixed_coefficient_word_keeps_the_original_derivative ... ok
test jet::derivative_tests::invalid_axis_and_actual_derivative_overflow_remain_structured_refusals ... ok
test jet::index::tests::generated_tables_cover_each_admissible_multi_index_and_product ... ok
test jet::transcendental::tests::logarithmic_majorant_and_strict_underflow_admission ... ok
test provider::parallel::tests::a_panicked_worker_wakes_the_controller_and_cannot_publish_coefficients ... ok
test provider::parallel::tests::each_failed_worker_preserves_previous_coefficients_and_terminates_the_whole_provider ... ok
test provider::parallel::worker::tests::dropping_idle_and_submitted_workers_joins_and_releases_all_shared_storage ... ok
test provider::parallel_reduced::tests::fixture_w3_force_matches_serial_and_refuses_after_fft_failure ... ok
test provider::parallel_reduced::tests::opt_in_w3_force_charges_exact_experiment_addition ... ok
test provider::parallel_reduced::tests::worker_error_drains_the_attempt_and_preserves_the_previous_output ... ok
test provider::parallel_reduced::tests::worker_panic_drains_the_attempt_and_preserves_unpublished_output ... ok
test reduced_force::axial::tests::active_missing_wrong_periodic_plane_stale_time_and_invalid_inputs_are_refused ... ok
test reduced_force::axial::tests::cached_samples_match_uncached_words_for_planes_and_nonmonotone_times ... ok
test reduced_force::axial::tests::flat_rest_and_exterior_planes_return_zero_without_a_cache ... ok
test reduced_force::axial::tests::periodic_plane_cache_uses_canonical_z_bits ... ok
test reduced_force::jet::index::tests::runtime_tables_match_every_const_entry_and_refuse_an_absent_degree ... ok
test reduced_force::jet::tests::complete_monomial_products_and_derivatives_match_direct_multi_indices ... ok
test reduced_force::jet::tests::logarithmic_underflow_recovery_and_arithmetic_refusals_are_explicit ... ok
test reduced_force::jet::tests::mixed_compositions_match_a_separate_degree_four_cartesian_algebra ... ok
test root::tests::signed_bracket_updates_and_newton_safeguards ... ok
test runtime_force::attempt_cache::tests::complete_direct_attempt_counter_products_are_checked ... ok
test runtime_force::tests::rejected_boxed_begin_invalidates_the_inner_attempt ... ok
test scalar::tests::centering_preserves_small_values_and_has_one_boundary_convention ... ok
test smooth_experiment::pressure::tests::force_only_pressure_retains_modes_beyond_the_finest_velocity_band ... ok
test smooth_experiment::pressure::tests::padded_taylor_green_retains_pressure_outside_the_original_velocity_band ... ok
test smooth_experiment::probes::balances::tests::later_child_exhaustion_retains_work_and_previous_sample_without_partial_publication ... ok
test smooth_experiment::probes::balances::tests::quadrature_failure_rolls_back_all_earlier_pending_level_updates_and_terminates ... ok
test smooth_experiment::probes::diagnostics::tests::pressure_failure_after_physical_sampling_publishes_nothing_and_terminates ... ok
test smooth_experiment::probes::residuals::tests::a_later_child_failure_retains_charges_and_never_publishes_partial_comparisons ... ok
test smooth_experiment::probes::residuals::tests::a_new_legal_history_cannot_be_relabelled_as_the_previously_published_probe_origin ... ok
test smooth_experiment::probes::tests::a_desynchronized_accepted_history_cannot_reuse_the_last_complete_probe_views ... ok
test smooth_experiment::sampling::tests::a_desynchronized_child_terminates_the_complete_sampling_consumer ... ok
test smooth_observer::reconstruction::tests::private_endpoint_admission_distinguishes_lineage_and_clock_failures ... ok
test smooth_observer::reconstruction::tests::private_ring_and_budget_guards_cover_both_transaction_paths ... ok
test v2_experiment::binding::tests::bitwise_control_preserves_false_for_finite_and_signed_zero_differences ... ok
test v2_experiment::coverage::workspace::tests::no_samples_is_metadata_absence_not_a_zero_count ... ok
test v2_experiment::diagnostic::export::findings::tests::diagnostic_export_missing_variants_are_not_zero_measurements ... ok
test v2_experiment::diagnostic::export::json::tests::diagnostic_export_fixed_width_numbers_and_interrupts_are_bounded ... ok
test v2_experiment::diagnostic::export::values::tests::diagnostic_export_extreme_clock_fits_reserved_width ... ok
test v2_experiment::physical::extrema::tests::empty_invalid_and_first_tied_maxima_remain_distinct ... ok
test v2_experiment::pressure::tests::configured_workers_match_serial_force_and_pressure_on_accepted_states ... 