warning: --branch option is unstable
info: cargo-llvm-cov currently setting cfg(coverage) and cfg(coverage_nightly); you can opt-out it by passing --no-cfg-coverage and --no-cfg-coverage-nightly
   Compiling nsbu-solver v0.1.0-alpha.1 (/mnt/niva-array/nsbu-solver/work/p10-parallel-fft-review-20260913/crates/nsbu-solver)
    Finished `test` profile [optimized + debuginfo] target(s) in 24.65s
     Running unittests src/lib.rs (/tmp/nsbu-root-parallel-coverage/llvm-cov-target/debug/deps/nsbu_solver-5615040e7a0d3aa2)
     Running tests/advection.rs (/tmp/nsbu-root-parallel-coverage/llvm-cov-target/debug/deps/advection-08686f0040ed216d)
     Running tests/alias_control.rs (/tmp/nsbu-root-parallel-coverage/llvm-cov-target/debug/deps/alias_control-853e7d0551f6f56a)
     Running tests/allocation.rs (/tmp/nsbu-root-parallel-coverage/llvm-cov-target/debug/deps/allocation-e86cfb53d70c9fc2)
     Running tests/artifact_archive.rs (/tmp/nsbu-root-parallel-coverage/llvm-cov-target/debug/deps/artifact_archive-740058675a6137dd)
     Running tests/attempt_admission.rs (/tmp/nsbu-root-parallel-coverage/llvm-cov-target/debug/deps/attempt_admission-920eb9d0d2e0df66)
     Running tests/attempt_allocation.rs (/tmp/nsbu-root-parallel-coverage/llvm-cov-target/debug/deps/attempt_allocation-4d8fcc05eadb17cf)
     Running tests/balance_history.rs (/tmp/nsbu-root-parallel-coverage/llvm-cov-target/debug/deps/balance_history-62bba8d2b34cab79)
     Running tests/balanced_commit.rs (/tmp/nsbu-root-parallel-coverage/llvm-cov-target/debug/deps/balanced_commit-aa6e9d8ab6d1b9a6)
     Running tests/band_comparison.rs (/tmp/nsbu-root-parallel-coverage/llvm-cov-target/debug/deps/band_comparison-842c5fe6e9e4fe5b)
     Running tests/checkpoint_artifacts.rs (/tmp/nsbu-root-parallel-coverage/llvm-cov-target/debug/deps/checkpoint_artifacts-5b58359da2eaa62e)
     Running tests/clock.rs (/tmp/nsbu-root-parallel-coverage/llvm-cov-target/debug/deps/clock-04c64bda55fdd109)
     Running tests/cm_dft.rs (/tmp/nsbu-root-parallel-coverage/llvm-cov-target/debug/deps/cm_dft-3e175c64fe520916)
     Running tests/cm_kernel.rs (/tmp/nsbu-root-parallel-coverage/llvm-cov-target/debug/deps/cm_kernel-effa1ad15f536a12)
     Running tests/coefficients.rs (/tmp/nsbu-root-parallel-coverage/llvm-cov-target/debug/deps/coefficients-734b98ef280cab45)
     Running tests/conservative.rs (/tmp/nsbu-root-parallel-coverage/llvm-cov-target/debug/deps/conservative-33ddf665d671300a)
     Running tests/controller.rs (/tmp/nsbu-root-parallel-coverage/llvm-cov-target/debug/deps/controller-4e7cc1bd2fed6064)
     Running tests/convolution.rs (/tmp/nsbu-root-parallel-coverage/llvm-cov-target/debug/deps/convolution-fe8d8b245d4eac54)
     Running tests/derivative_modal_fixtures.rs (/tmp/nsbu-root-parallel-coverage/llvm-cov-target/debug/deps/derivative_modal_fixtures-2b457a3bd13caeb2)
     Running tests/derivative_plane_projection.rs (/tmp/nsbu-root-parallel-coverage/llvm-cov-target/debug/deps/derivative_plane_projection-555ed06ad1e048c8)
     Running tests/derivative_sampling.rs (/tmp/nsbu-root-parallel-coverage/llvm-cov-target/debug/deps/derivative_sampling-73de94f2bb903d1e)
     Running tests/diagnostic_resolution.rs (/tmp/nsbu-root-parallel-coverage/llvm-cov-target/debug/deps/diagnostic_resolution-4e39af81059643a9)
     Running tests/fft.rs (/tmp/nsbu-root-parallel-coverage/llvm-cov-target/debug/deps/fft-26ef09ca3fb1d1de)
     Running tests/fft_allocation.rs (/tmp/nsbu-root-parallel-coverage/llvm-cov-target/debug/deps/fft_allocation-cb3736c1a5e619a8)
     Running tests/fft_avx_allocation.rs (/tmp/nsbu-root-parallel-coverage/llvm-cov-target/debug/deps/fft_avx_allocation-d9d08150c2f28921)
     Running tests/fft_parallel.rs (/tmp/nsbu-root-parallel-coverage/llvm-cov-target/debug/deps/fft_parallel-0b3f5e3d4d1e6e2d)
     Running tests/fft_parallel_independent.rs (/tmp/nsbu-root-parallel-coverage/llvm-cov-target/debug/deps/fft_parallel_independent-b7fdd5ae701e4511)
     Running tests/force_aliasing.rs (/tmp/nsbu-root-parallel-coverage/llvm-cov-target/debug/deps/force_aliasing-1610b93d2bdd20a5)
     Running tests/force_budget.rs (/tmp/nsbu-root-parallel-coverage/llvm-cov-target/debug/deps/force_budget-1f44b303d7008924)
     Running tests/hermite.rs (/tmp/nsbu-root-parallel-coverage/llvm-cov-target/debug/deps/hermite-654cd927601216d2)
     Running tests/history_archive.rs (/tmp/nsbu-root-parallel-coverage/llvm-cov-target/debug/deps/history_archive-7eac5ddc861cdbd7)
     Running tests/history_replay.rs (/tmp/nsbu-root-parallel-coverage/llvm-cov-target/debug/deps/history_replay-e673da7fdef4a0f3)
     Running tests/ho_coefficients.rs (/tmp/nsbu-root-parallel-coverage/llvm-cov-target/debug/deps/ho_coefficients-b4745b9c0f0e4a1b)
     Running tests/ho_dft.rs (/tmp/nsbu-root-parallel-coverage/llvm-cov-target/debug/deps/ho_dft-9e24657a4b56906e)
     Running tests/ho_kernel.rs (/tmp/nsbu-root-parallel-coverage/llvm-cov-target/debug/deps/ho_kernel-f05e7386b6dc584a)
     Running tests/ho_refusals.rs (/tmp/nsbu-root-parallel-coverage/llvm-cov-target/debug/deps/ho_refusals-f4236850991b0c54)
     Running tests/interval.rs (/tmp/nsbu-root-parallel-coverage/llvm-cov-target/debug/deps/interval-2f66736f8a870a52)
     Running tests/kernel_refusals.rs (/tmp/nsbu-root-parallel-coverage/llvm-cov-target/debug/deps/kernel_refusals-a7b8d0db44f120c9)
     Running tests/layout.rs (/tmp/nsbu-root-parallel-coverage/llvm-cov-target/debug/deps/layout-f33520b54698a3da)
     Running tests/lineage_archive.rs (/tmp/nsbu-root-parallel-coverage/llvm-cov-target/debug/deps/lineage_archive-b56f50c25b481274)
     Running tests/lineage_registry.rs (/tmp/nsbu-root-parallel-coverage/llvm-cov-target/debug/deps/lineage_registry-cb4144e7a6283945)
     Running tests/local_errors.rs (/tmp/nsbu-root-parallel-coverage/llvm-cov-target/debug/deps/local_errors-207fd1034e6affaa)
     Running tests/measurement_review.rs (/tmp/nsbu-root-parallel-coverage/llvm-cov-target/debug/deps/measurement_review-2cc7f5cc1c2d56c9)
     Running tests/modal.rs (/tmp/nsbu-root-parallel-coverage/llvm-cov-target/debug/deps/modal-651fb1d558964313)
     Running tests/newtransactionobserver.rs (/tmp/nsbu-root-parallel-coverage/llvm-cov-target/debug/deps/newtransactionobserver-5440b375648c95e3)
     Running tests/physical_archive.rs (/tmp/nsbu-root-parallel-coverage/llvm-cov-target/debug/deps/physical_archive-51f122ca31371e64)
     Running tests/physical_comparison.rs (/tmp/nsbu-root-parallel-coverage/llvm-cov-target/debug/deps/physical_comparison-ad4eeb506f2b51cf)
     Running tests/physical_image.rs (/tmp/nsbu-root-parallel-coverage/llvm-cov-target/debug/deps/physical_image-df332d83e775de57)
     Running tests/prolongation.rs (/tmp/nsbu-root-parallel-coverage/llvm-cov-target/debug/deps/prolongation-b67259d561b62258)
     Running tests/protocol.rs (/tmp/nsbu-root-parallel-coverage/llvm-cov-target/debug/deps/protocol-71d9c0dbdc701eef)
     Running tests/protocol_allocation.rs (/tmp/nsbu-root-parallel-coverage/llvm-cov-target/debug/deps/protocol_allocation-9b649f8b8164d0d6)
     Running tests/quadrature.rs (/tmp/nsbu-root-parallel-coverage/llvm-cov-target/debug/deps/quadrature-3ebcae99f4365313)
     Running tests/reconstruction_history.rs (/tmp/nsbu-root-parallel-coverage/llvm-cov-target/debug/deps/reconstruction_history-eac78300ea826abe)
     Running tests/reconstruction_policy.rs (/tmp/nsbu-root-parallel-coverage/llvm-cov-target/debug/deps/reconstruction_policy-8f7bcb5c6350d106)
     Running tests/reconstruction_samples.rs (/tmp/nsbu-root-parallel-coverage/llvm-cov-target/debug/deps/reconstruction_samples-66395d02883a940a)
     Running tests/recorded_allocation.rs (/tmp/nsbu-root-parallel-coverage/llvm-cov-target/debug/deps/recorded_allocation-66ebb0544d6c37cd)
     Running tests/recorded_step.rs (/tmp/nsbu-root-parallel-coverage/llvm-cov-target/debug/deps/recorded_step-c3ebae7c4cd19839)
     Running tests/refinement_rules.rs (/tmp/nsbu-root-parallel-coverage/llvm-cov-target/debug/deps/refinement_rules-da3db9c33239898a)
     Running tests/residual.rs (/tmp/nsbu-root-parallel-coverage/llvm-cov-target/debug/deps/residual-6f40d48d74ea1e58)
     Running tests/resources.rs (/tmp/nsbu-root-parallel-coverage/llvm-cov-target/debug/deps/resources-8b7922506da916b7)
     Running tests/rotational.rs (/tmp/nsbu-root-parallel-coverage/llvm-cov-target/debug/deps/rotational-73d76209c3cbcb25)
     Running tests/sampling.rs (/tmp/nsbu-root-parallel-coverage/llvm-cov-target/debug/deps/sampling-dfc317abf5a5077d)
     Running tests/spectrum.rs (/tmp/nsbu-root-parallel-coverage/llvm-cov-target/debug/deps/spectrum-74c3bf2b09d924a2)
     Running tests/spectrum_integrity.rs (/tmp/nsbu-root-parallel-coverage/llvm-cov-target/debug/deps/spectrum_integrity-cbe7975aef19642d)
     Running tests/state.rs (/tmp/nsbu-root-parallel-coverage/llvm-cov-target/debug/deps/state-e2ab2a15f7651280)
     Running tests/tails.rs (/tmp/nsbu-root-parallel-coverage/llvm-cov-target/debug/deps/tails-463aedc2d203d914)
     Running tests/tensor_errors.rs (/tmp/nsbu-root-parallel-coverage/llvm-cov-target/debug/deps/tensor_errors-c5471070b68abff8)
     Running tests/tested_times.rs (/tmp/nsbu-root-parallel-coverage/llvm-cov-target/debug/deps/tested_times-60ea4374cc5b94a8)
     Running tests/trajectory.rs (/tmp/nsbu-root-parallel-coverage/llvm-cov-target/debug/deps/trajectory-101ef6d0f3c6cc91)
     Running tests/transaction.rs (/tmp/nsbu-root-parallel-coverage/llvm-cov-target/debug/deps/transaction-306421e79ca12686)
     Running tests/transfer.rs (/tmp/nsbu-root-parallel-coverage/llvm-cov-target/debug/deps/transfer-32f3f93f5588b70f)
     Running tests/verification_budget.rs (/tmp/nsbu-root-parallel-coverage/llvm-cov-target/debug/deps/verification_budget-2d12269c987bfc6c)
     Running tests/w3_parallel.rs (/tmp/nsbu-root-parallel-coverage/llvm-cov-target/debug/deps/w3_parallel-085bb252989561bd)
     Running tests/w3_parallel_terra.rs (/tmp/nsbu-root-parallel-coverage/llvm-cov-target/debug/deps/w3_parallel_terra-05787d7f9b8a217d)

    Finished report saved to evidence/p10/fft-parallel-review-20260913/final-solver-coverage.json
