   Compiling autocfg v1.5.1
   Compiling version_check v0.9.5
   Compiling crossbeam-utils v0.8.23
   Compiling crossbeam-epoch v0.9.21
   Compiling typenum v1.20.1
   Compiling crossbeam-deque v0.8.8
   Compiling rayon-core v1.13.0
   Compiling strength_reduce v0.2.4
   Compiling cfg-if v1.0.4
   Compiling cpufeatures v0.2.17
   Compiling either v1.18.0
   Compiling stats_alloc v0.1.10
   Compiling generic-array v0.14.7
   Compiling num-traits v0.2.19
   Compiling num-integer v0.1.47
   Compiling num-complex v0.4.6
   Compiling block-buffer v0.10.4
   Compiling crypto-common v0.1.7
   Compiling digest v0.10.7
   Compiling rayon v1.12.0
   Compiling transpose v0.2.3
   Compiling primal-check v0.3.4
   Compiling sha2 v0.10.9
   Compiling rustfft v6.4.1
   Compiling nsbu-solver v0.1.0-alpha.1 (/mnt/niva-array/nsbu-solver/work/p10-parallel-fft-review-20260913/crates/nsbu-solver)
    Finished `test` profile [optimized + debuginfo] target(s) in 23.03s
     Running unittests src/lib.rs (/tmp/nsbu-root-parallel-review/debug/deps/nsbu_solver-6879cc00190aa578)
