   Compiling autocfg v1.5.1
   Compiling version_check v0.9.5
   Compiling crossbeam-utils v0.8.23
   Compiling crossbeam-epoch v0.9.21
   Compiling typenum v1.20.1
   Compiling crossbeam-deque v0.8.8
   Compiling rayon-core v1.13.0
   Compiling strength_reduce v0.2.4
   Compiling cfg-if v1.0.4
   Compiling either v1.18.0
   Compiling cpufeatures v0.2.17
   Compiling stats_alloc v0.1.10
   Compiling generic-array v0.14.7
   Compiling num-traits v0.2.19
   Compiling num-integer v0.1.47
   Compiling num-complex v0.4.6
   Compiling block-buffer v0.10.4
   Compiling crypto-common v0.1.7
   Compiling digest v0.10.7
   Compiling primal-check v0.3.4
   Compiling transpose v0.2.3
   Compiling rayon v1.12.0
   Compiling sha2 v0.10.9
   Compiling rustfft v6.4.1
   Compiling nsbu-solver v0.1.0-alpha.1 (/mnt/niva-array/nsbu-solver/work/p10-n512-m512-v4-capture-20260914/crates/nsbu-solver)
    Finished `test` profile [optimized + debuginfo] target(s) in 30.31s
     Running unittests src/lib.rs (target/debug/deps/nsbu_solver-6879cc00190aa578)
     Running tests/advection.rs (target/debug/deps/advection-d54266e756775be0)
     Running tests/alias_control.rs (target/debug/deps/alias_control-dd75e3b095a449dc)
     Running tests/allocation.rs (target/debug/deps/allocation-8059a93cf12bae51)
     Running tests/artifact_archive.rs (target/debug/deps/artifact_archive-fa2878c1db4c519c)
     Running tests/attempt_admission.rs (target/debug/deps/attempt_admission-6e84fb081cef43b6)
     Running tests/attempt_allocation.rs (target/debug/deps/attempt_allocation-4b2316977976aa17)
     Running tests/balance_history.rs (target/debug/deps/balance_history-58b7b3ccd15050aa)
     Running tests/balanced_commit.rs (target/debug/deps/balanced_commit-e40ef90f6583e340)
     Running tests/band_comparison.rs (target/debug/deps/band_comparison-9e0137902ae7dc26)
     Running tests/checkpoint_artifacts.rs (target/debug/deps/checkpoint_artifacts-28aa11eba4685daf)
     Running tests/clock.rs (target/debug/deps/clock-af598e22a7b46718)
     Running tests/cm_dft.rs (target/debug/deps/cm_dft-09a5e1f422ea5e07)
     Running tests/cm_kernel.rs (target/debug/deps/cm_kernel-3bc2640a5691c32b)
     Running tests/coefficients.rs (target/debug/deps/coefficients-0acd4e19a137b118)
     Running tests/conservative.rs (target/debug/deps/conservative-0b3971445cbb6374)
     Running tests/controller.rs (target/debug/deps/controller-87b70bbbdd0584e4)
     Running tests/convolution.rs (target/debug/deps/convolution-6a5c26ddb3a25ad2)
     Running tests/derivative_modal_fixtures.rs (target/debug/deps/derivative_modal_fixtures-15e0ff18c5e59d7b)
     Running tests/derivative_plane_projection.rs (target/debug/deps/derivative_plane_projection-eba8d12f179e0683)
     Running tests/derivative_sampling.rs (target/debug/deps/derivative_sampling-a8a458170d375ed6)
     Running tests/diagnostic_resolution.rs (target/debug/deps/diagnostic_resolution-87a378f40a1a11f9)
     Running tests/fft.rs (target/debug/deps/fft-304f22ffbd9ba631)
     Running tests/fft_allocation.rs (target/debug/deps/fft_allocation-71f7e1737e6e684f)
     Running tests/fft_avx_allocation.rs (target/debug/deps/fft_avx_allocation-93a9f709fe870430)
     Running tests/fft_parallel.rs (target/debug/deps/fft_parallel-68fbce7c1c6022ff)
     Running tests/force_aliasing.rs (target/debug/deps/force_aliasing-cd96c8d702240142)
     Running tests/force_budget.rs (target/debug/deps/force_budget-15bc95c08297be35)
     Running tests/hermite.rs (target/debug/deps/hermite-5beada4b30083e66)
     Running tests/history_archive.rs (target/debug/deps/history_archive-49a80d10c778e449)
     Running tests/history_replay.rs (target/debug/deps/history_replay-aa0778e78610cff8)
     Running tests/ho_coefficients.rs (target/debug/deps/ho_coefficients-37828ecae5ad4812)
     Running tests/ho_dft.rs (target/debug/deps/ho_dft-296b692c33ae46c7)
     Running tests/ho_kernel.rs (target/debug/deps/ho_kernel-f9212f512e580193)
     Running tests/ho_refusals.rs (target/debug/deps/ho_refusals-a7cb332d290f8230)
     Running tests/interval.rs (target/debug/deps/interval-72fb8ebd80d4dd69)
     Running tests/kernel_refusals.rs (target/debug/deps/kernel_refusals-d456785e14342367)
     Running tests/layout.rs (target/debug/deps/layout-207995315283d773)
     Running tests/lineage_archive.rs (target/debug/deps/lineage_archive-d5db3a283e9c8904)
     Running tests/lineage_registry.rs (target/debug/deps/lineage_registry-7c8c12a3a0387992)
     Running tests/local_errors.rs (target/debug/deps/local_errors-af4ab65c3d6ece40)
     Running tests/measurement_review.rs (target/debug/deps/measurement_review-2b79c1179b750f47)
     Running tests/modal.rs (target/debug/deps/modal-d154746a97fc42cb)
     Running tests/newtransactionobserver.rs (target/debug/deps/newtransactionobserver-5feb6b232b5cfbbf)
     Running tests/physical_archive.rs (target/debug/deps/physical_archive-497d15d5df155e68)
     Running tests/physical_comparison.rs (target/debug/deps/physical_comparison-972e55154817f688)
     Running tests/physical_image.rs (target/debug/deps/physical_image-98be63746c9d810c)
     Running tests/prolongation.rs (target/debug/deps/prolongation-32cedc629383c49e)
     Running tests/protocol.rs (target/debug/deps/protocol-c48cca58221cbd4f)
     Running tests/protocol_allocation.rs (target/debug/deps/protocol_allocation-7600f7e4f29e6ed9)
     Running tests/quadrature.rs (target/debug/deps/quadrature-4965082aece4ac99)
     Running tests/reconstruction_history.rs (target/debug/deps/reconstruction_history-da00cb8f0edc3b0a)
     Running tests/reconstruction_policy.rs (target/debug/deps/reconstruction_policy-47c3de17bd15a37f)
     Running tests/reconstruction_samples.rs (target/debug/deps/reconstruction_samples-36c8405aab28d97a)
     Running tests/recorded_allocation.rs (target/debug/deps/recorded_allocation-3a9fe5b3cb5b589c)
     Running tests/recorded_step.rs (target/debug/deps/recorded_step-4636c19601afe054)
     Running tests/refinement_rules.rs (target/debug/deps/refinement_rules-eff36a9f8f071e10)
     Running tests/residual.rs (target/debug/deps/residual-ef54d195a2df5fdd)
     Running tests/resources.rs (target/debug/deps/resources-f8497c4e523db97f)
     Running tests/rotational.rs (target/debug/deps/rotational-09356b820b1f1097)
     Running tests/sampling.rs (target/debug/deps/sampling-bb7ae1c3b74c5da7)
     Running tests/spectrum.rs (target/debug/deps/spectrum-55848e19c4f3d0df)
     Running tests/spectrum_integrity.rs (target/debug/deps/spectrum_integrity-c518b6993008340d)
     Running tests/state.rs (target/debug/deps/state-3f6b2ad68c0abaa9)
     Running tests/tails.rs (target/debug/deps/tails-1df900ff67b12a6d)
     Running tests/tensor_errors.rs (target/debug/deps/tensor_errors-e11ef15f85555109)
     Running tests/tested_times.rs (target/debug/deps/tested_times-adba81dd50d8e473)
     Running tests/trajectory.rs (target/debug/deps/trajectory-492120a32c01c4ee)
     Running tests/transaction.rs (target/debug/deps/transaction-bf8e9ef85eed33f4)
     Running tests/transfer.rs (target/debug/deps/transfer-60cdb5ce92d2fdda)
     Running tests/verification_budget.rs (target/debug/deps/verification_budget-081bd97d0636ef84)
     Running tests/w3_parallel.rs (target/debug/deps/w3_parallel-4f09c7dff85ac86a)
